I0617 13:42:38.591027 2649691072 c_interface.cc:359] Pass GatherDictionaryArgs: dictionary_target_name=dictionary, data_path=school_batches, symmetric_cooc_values=0 to MN4artm4core15MasterComponentEFvRKNS_20GatherDictionaryArgsEE
I0617 13:42:38.591140 2649691072 dictionary_operations.cc:235] Found 5 batches in 'school_batches' folder
I0617 13:42:38.642045 2649691072 dictionary_operations.cc:292] Find 16099 unique tokens in 476 items
I0617 13:42:42.763797 2649691072 c_interface.cc:359] Pass MasterModelConfig: topic_name_size=10, class=(text:1), score_config_size=2, num_processors=0, pwt_name=pwt, nwt_name=nwt, num_document_passes=1, reuse_theta=yes, cache_theta=yes, opt_for_avx=yes, disk_cache_path to MN4artm4core15MasterComponentEFvRKNS_17MasterModelConfigEE
I0617 13:42:42.763828 2649691072 instance.cc:380] MasterModelConfig.processors_count is automatically set to 4
I0617 13:42:42.763859 2649691072 perplexity.cc:24] Perplexity score calculator created: model_type=1, dictionary_name=dictionary
I0617 13:42:42.764518 2649691072 c_interface.cc:359] Pass MasterModelConfig: topic_name_size=10, class=(text:1), score_config_size=3, num_processors=0, pwt_name=pwt, nwt_name=nwt, num_document_passes=1, reuse_theta=yes, cache_theta=yes, opt_for_avx=yes, disk_cache_path to MN4artm4core15MasterComponentEFvRKNS_17MasterModelConfigEE
I0617 13:42:42.764546 2649691072 instance.cc:380] MasterModelConfig.processors_count is automatically set to 4
I0617 13:42:42.764564 2649691072 perplexity.cc:24] Perplexity score calculator created: model_type=1, dictionary_name=dictionary
I0617 13:42:42.765215 2649691072 c_interface.cc:359] Pass MasterModelConfig: topic_name_size=10, class=(text:1), score_config_size=4, num_processors=0, pwt_name=pwt, nwt_name=nwt, num_document_passes=1, reuse_theta=yes, cache_theta=yes, opt_for_avx=yes, disk_cache_path to MN4artm4core15MasterComponentEFvRKNS_17MasterModelConfigEE
I0617 13:42:42.765242 2649691072 instance.cc:380] MasterModelConfig.processors_count is automatically set to 4
I0617 13:42:42.765260 2649691072 perplexity.cc:24] Perplexity score calculator created: model_type=1, dictionary_name=dictionary
I0617 13:42:42.766188 2649691072 c_interface.cc:359] Pass MasterModelConfig: topic_name_size=10, class=(text:1), score_config_size=5, num_processors=0, pwt_name=pwt, nwt_name=nwt, num_document_passes=1, reuse_theta=yes, cache_theta=yes, opt_for_avx=yes, disk_cache_path to MN4artm4core15MasterComponentEFvRKNS_17MasterModelConfigEE
I0617 13:42:42.766259 2649691072 instance.cc:380] MasterModelConfig.processors_count is automatically set to 4
I0617 13:42:42.766283 2649691072 perplexity.cc:24] Perplexity score calculator created: model_type=1, dictionary_name=dictionary
I0617 13:42:43.507100 2649691072 c_interface.cc:345] Pass pwt to MN4artm4core15MasterComponentEFvRKNSt3__112basic_stringIcNS2_11char_traitsIcEENS2_9allocatorIcEEEEE
I0617 13:42:43.507156 2649691072 c_interface.cc:345] Pass nwt to MN4artm4core15MasterComponentEFvRKNSt3__112basic_stringIcNS2_11char_traitsIcEENS2_9allocatorIcEEEEE
I0617 13:42:43.507762 2649691072 c_interface.cc:359] Pass InitializeModelArgs: model_name=pwt, dictionary_name=dictionary, topic_name_size=10 to MN4artm4core15MasterComponentEFvRKNS_19InitializeModelArgsEE
I0617 13:42:43.595218 2649691072 master_component.cc:502] InitializeModel() created matrix pwt with 10 topics and 16099 tokens; 
I0617 13:42:43.595463 2649691072 c_interface.cc:359] Pass InitializeModelArgs: model_name=nwt, dictionary_name=dictionary, topic_name_size=10 to MN4artm4core15MasterComponentEFvRKNS_19InitializeModelArgsEE
I0617 13:42:43.675179 2649691072 master_component.cc:502] InitializeModel() created matrix nwt with 10 topics and 16099 tokens; 
I0617 13:42:43.675431 2649691072 phi_matrix_operations.cc:82] RetrieveExternalTopicModel() with 10 topics, 16099 tokens
I0617 13:42:43.689924 2649691072 c_interface.cc:205] ArtmCopyRequestedMessage is copying 477630 bytes...
I0617 13:42:44.203586 90435584 c_interface.cc:359] Pass FitOfflineMasterModelArgs, batch_filename_size=5, batch_weight_size=5, num_collection_passes=1 to MN4artm4core15MasterComponentEFvRKNS_25FitOfflineMasterModelArgsEE
I0617 13:42:44.203610 90435584 master_component.cc:1162] ProcessBatchesArgs: nwt_target_name=nwt, batch_filename_size=5, batch_size=0, batch_weight_size=5, pwt_source_name=pwt, num_document_passes=1, class=(text:1), reuse_theta=yes, opt_for_avx=yes, predict_class_id=
I0617 13:42:44.249037 104128512 processor.cc:666] Processing queue has data, processing started
I0617 13:42:44.255008 104128512 processor.cc:742] Processor: start processing batch 926820b4-cc2e-47b2-97bf-e79b1d1406a6 into model nwt
I0617 13:42:44.257720 105201664 processor.cc:666] Processing queue has data, processing started
I0617 13:42:44.261710 104665088 processor.cc:666] Processing queue has data, processing started
I0617 13:42:44.263139 105201664 processor.cc:742] Processor: start processing batch a7a0e12c-3f96-40d7-a5fc-6da3c7044e5d into model nwt
I0617 13:42:44.267469 104665088 processor.cc:742] Processor: start processing batch 369972bd-52ea-4f60-b5a7-04b72b80416b into model nwt
I0617 13:42:44.271060 103591936 processor.cc:666] Processing queue has data, processing started
I0617 13:42:44.276758 103591936 processor.cc:742] Processor: start processing batch fa3d867f-e423-4c0f-9779-e68366022205 into model nwt
I0617 13:42:44.304342 104128512 processor.cc:830] Processor: complete processing batch 926820b4-cc2e-47b2-97bf-e79b1d1406a6 into model nwt
I0617 13:42:44.307368 104128512 cuckoo_watch.h:44] 58ms in ProcessBatch(school_batches/aaaaaa.batch) [including 4ms in LoadMessage; 1ms in InitializeSparseNdw; 13ms in InferThetaAndUpdateNwtSparse; 18ms in CalculateScore(PerplexityScore); 2ms in CalculateScore(SparsityThetaScore); 13ms in CalculateScore(^^^ItemsProcessedScore^^^); ]
I0617 13:42:44.307628 105201664 processor.cc:830] Processor: complete processing batch a7a0e12c-3f96-40d7-a5fc-6da3c7044e5d into model nwt
I0617 13:42:44.312121 105201664 cuckoo_watch.h:44] 54ms in ProcessBatch(school_batches/aaaaab.batch) [including 4ms in LoadMessage; 1ms in InitializeSparseNdw; 15ms in InferThetaAndUpdateNwtSparse; 14ms in CalculateScore(PerplexityScore); 2ms in CalculateScore(SparsityThetaScore); 10ms in CalculateScore(^^^ItemsProcessedScore^^^); ]
I0617 13:42:44.315448 104128512 processor.cc:742] Processor: start processing batch 9bba875b-821f-4122-8d12-d8178a91ebce into model nwt
I0617 13:42:44.319227 104665088 processor.cc:830] Processor: complete processing batch 369972bd-52ea-4f60-b5a7-04b72b80416b into model nwt
I0617 13:42:44.321578 104665088 cuckoo_watch.h:44] 59ms in ProcessBatch(school_batches/aaaaac.batch) [including 4ms in LoadMessage; 1ms in InitializeSparseNdw; 19ms in InferThetaAndUpdateNwtSparse; 13ms in CalculateScore(PerplexityScore); 1ms in CalculateScore(SparsityThetaScore); 14ms in CalculateScore(^^^ItemsProcessedScore^^^); ]
I0617 13:42:44.321903 103591936 processor.cc:830] Processor: complete processing batch fa3d867f-e423-4c0f-9779-e68366022205 into model nwt
I0617 13:42:44.323261 103591936 cuckoo_watch.h:44] 52ms in ProcessBatch(school_batches/aaaaad.batch) [including 4ms in LoadMessage; 2ms in InitializeSparseNdw; 15ms in InferThetaAndUpdateNwtSparse; 13ms in CalculateScore(PerplexityScore); 1ms in CalculateScore(SparsityThetaScore); 11ms in CalculateScore(^^^ItemsProcessedScore^^^); ]
I0617 13:42:44.340757 105201664 processor.cc:659] No data in processing queue, waiting...
I0617 13:42:44.342612 104128512 processor.cc:830] Processor: complete processing batch 9bba875b-821f-4122-8d12-d8178a91ebce into model nwt
I0617 13:42:44.343876 104128512 cuckoo_watch.h:44] 34ms in ProcessBatch(school_batches/aaaaae.batch) [including 5ms in LoadMessage; 1ms in InitializeSparseNdw; 10ms in InferThetaAndUpdateNwtSparse; 7ms in CalculateScore(PerplexityScore); 1ms in CalculateScore(SparsityThetaScore); 5ms in CalculateScore(^^^ItemsProcessedScore^^^); ]
I0617 13:42:44.344432 90435584 master_component.cc:1211] NormalizeModelArgs: pwt_target_name=pwt, nwt_source_name=nwt, rwt_source_name=
I0617 13:42:44.344483 90435584 master_component.cc:812] MasterComponent: start normalizing model nwt
I0617 13:42:44.345700 104665088 processor.cc:659] No data in processing queue, waiting...
I0617 13:42:44.347004 103591936 processor.cc:659] No data in processing queue, waiting...
I0617 13:42:44.368090 104128512 processor.cc:659] No data in processing queue, waiting...
I0617 13:42:44.374675 90435584 master_component.cc:834] MasterComponent: complete normalizing model nwt
I0617 13:42:44.398233 90435584 master_component.cc:1235] DisposeModel rwt
I0617 13:42:44.398255 90435584 master_component.cc:858] FitOffline: ItemsProcessed, num_items=476, num_batches=5, token_weight=160411, token_weight_in_effect=160411
I0617 13:42:44.444530 2649691072 c_interface.cc:523] Pass GetScoreValueArgs, score_name=^^^ItemsProcessedScore^^^ to MasterComponent::Request
I0617 13:42:44.444586 2649691072 c_interface.cc:205] ArtmCopyRequestedMessage is copying 54 bytes...
I0617 13:42:44.445194 90435584 c_interface.cc:359] Pass FitOfflineMasterModelArgs, batch_filename_size=5, batch_weight_size=5, num_collection_passes=1 to MN4artm4core15MasterComponentEFvRKNS_25FitOfflineMasterModelArgsEE
I0617 13:42:44.445232 90435584 master_component.cc:1162] ProcessBatchesArgs: nwt_target_name=nwt, batch_filename_size=5, batch_size=0, batch_weight_size=5, pwt_source_name=pwt, num_document_passes=1, class=(text:1), reuse_theta=yes, opt_for_avx=yes, predict_class_id=
I0617 13:42:44.475555 103591936 processor.cc:666] Processing queue has data, processing started
I0617 13:42:44.479881 103591936 processor.cc:742] Processor: start processing batch 926820b4-cc2e-47b2-97bf-e79b1d1406a6 into model nwt
I0617 13:42:44.485568 105201664 processor.cc:666] Processing queue has data, processing started
I0617 13:42:44.487274 104128512 processor.cc:666] Processing queue has data, processing started
I0617 13:42:44.490818 104128512 processor.cc:742] Processor: start processing batch 369972bd-52ea-4f60-b5a7-04b72b80416b into model nwt
I0617 13:42:44.490818 105201664 processor.cc:742] Processor: start processing batch a7a0e12c-3f96-40d7-a5fc-6da3c7044e5d into model nwt
I0617 13:42:44.497781 104665088 processor.cc:666] Processing queue has data, processing started
I0617 13:42:44.503402 104665088 processor.cc:742] Processor: start processing batch fa3d867f-e423-4c0f-9779-e68366022205 into model nwt
I0617 13:42:44.526758 103591936 processor.cc:830] Processor: complete processing batch 926820b4-cc2e-47b2-97bf-e79b1d1406a6 into model nwt
I0617 13:42:44.531719 103591936 cuckoo_watch.h:44] 56ms in ProcessBatch(school_batches/aaaaaa.batch) [including 3ms in LoadMessage; 1ms in InitializeSparseNdw; 18ms in InferThetaAndUpdateNwtSparse; 14ms in CalculateScore(PerplexityScore); 2ms in CalculateScore(SparsityThetaScore); 10ms in CalculateScore(^^^ItemsProcessedScore^^^); ]
I0617 13:42:44.536706 105201664 processor.cc:830] Processor: complete processing batch a7a0e12c-3f96-40d7-a5fc-6da3c7044e5d into model nwt
I0617 13:42:44.538616 103591936 processor.cc:742] Processor: start processing batch 9bba875b-821f-4122-8d12-d8178a91ebce into model nwt
I0617 13:42:44.541524 104128512 processor.cc:830] Processor: complete processing batch 369972bd-52ea-4f60-b5a7-04b72b80416b into model nwt
I0617 13:42:44.544538 105201664 cuckoo_watch.h:44] 58ms in ProcessBatch(school_batches/aaaaab.batch) [including 4ms in LoadMessage; 1ms in InitializeSparseNdw; 13ms in InferThetaAndUpdateNwtSparse; 15ms in CalculateScore(PerplexityScore); 2ms in CalculateScore(SparsityThetaScore); 12ms in CalculateScore(^^^ItemsProcessedScore^^^); ]
I0617 13:42:44.544687 104128512 cuckoo_watch.h:44] 57ms in ProcessBatch(school_batches/aaaaac.batch) [including 2ms in LoadMessage; 0ms in InitializeSparseNdw; 21ms in InferThetaAndUpdateNwtSparse; 13ms in CalculateScore(PerplexityScore); 1ms in CalculateScore(SparsityThetaScore); 12ms in CalculateScore(^^^ItemsProcessedScore^^^); ]
I0617 13:42:44.550928 104665088 processor.cc:830] Processor: complete processing batch fa3d867f-e423-4c0f-9779-e68366022205 into model nwt
I0617 13:42:44.552445 104665088 cuckoo_watch.h:44] 54ms in ProcessBatch(school_batches/aaaaad.batch) [including 4ms in LoadMessage; 1ms in InitializeSparseNdw; 14ms in InferThetaAndUpdateNwtSparse; 16ms in CalculateScore(PerplexityScore); 5ms in CalculateScore(SparsityThetaScore); 9ms in CalculateScore(^^^ItemsProcessedScore^^^); ]
I0617 13:42:44.566524 103591936 processor.cc:830] Processor: complete processing batch 9bba875b-821f-4122-8d12-d8178a91ebce into model nwt
I0617 13:42:44.568018 103591936 cuckoo_watch.h:44] 36ms in ProcessBatch(school_batches/aaaaae.batch) [including 5ms in LoadMessage; 1ms in InitializeSparseNdw; 10ms in InferThetaAndUpdateNwtSparse; 8ms in CalculateScore(PerplexityScore); 1ms in CalculateScore(SparsityThetaScore); 6ms in CalculateScore(^^^ItemsProcessedScore^^^); ]
I0617 13:42:44.568572 105201664 processor.cc:659] No data in processing queue, waiting...
I0617 13:42:44.568572 104128512 processor.cc:659] No data in processing queue, waiting...
I0617 13:42:44.568588 90435584 master_component.cc:1211] NormalizeModelArgs: pwt_target_name=pwt, nwt_source_name=nwt, rwt_source_name=
I0617 13:42:44.568626 90435584 master_component.cc:812] MasterComponent: start normalizing model nwt
I0617 13:42:44.576158 104665088 processor.cc:659] No data in processing queue, waiting...
I0617 13:42:44.592121 103591936 processor.cc:659] No data in processing queue, waiting...
I0617 13:42:44.597028 90435584 master_component.cc:834] MasterComponent: complete normalizing model nwt
I0617 13:42:44.620543 90435584 master_component.cc:1235] DisposeModel rwt
I0617 13:42:44.620563 90435584 master_component.cc:858] FitOffline: ItemsProcessed, num_items=476, num_batches=5, token_weight=160411, token_weight_in_effect=160411
I0617 13:42:44.665822 2649691072 c_interface.cc:523] Pass GetScoreValueArgs, score_name=^^^ItemsProcessedScore^^^ to MasterComponent::Request
I0617 13:42:44.665858 2649691072 c_interface.cc:205] ArtmCopyRequestedMessage is copying 54 bytes...
I0617 13:42:44.666343 90435584 c_interface.cc:359] Pass FitOfflineMasterModelArgs, batch_filename_size=5, batch_weight_size=5, num_collection_passes=1 to MN4artm4core15MasterComponentEFvRKNS_25FitOfflineMasterModelArgsEE
I0617 13:42:44.666360 90435584 master_component.cc:1162] ProcessBatchesArgs: nwt_target_name=nwt, batch_filename_size=5, batch_size=0, batch_weight_size=5, pwt_source_name=pwt, num_document_passes=1, class=(text:1), reuse_theta=yes, opt_for_avx=yes, predict_class_id=
I0617 13:42:44.695900 105201664 processor.cc:666] Processing queue has data, processing started
I0617 13:42:44.699504 105201664 processor.cc:742] Processor: start processing batch 926820b4-cc2e-47b2-97bf-e79b1d1406a6 into model nwt
I0617 13:42:44.701069 104665088 processor.cc:666] Processing queue has data, processing started
I0617 13:42:44.704582 104665088 processor.cc:742] Processor: start processing batch a7a0e12c-3f96-40d7-a5fc-6da3c7044e5d into model nwt
I0617 13:42:44.711745 104128512 processor.cc:666] Processing queue has data, processing started
I0617 13:42:44.717478 104128512 processor.cc:742] Processor: start processing batch 369972bd-52ea-4f60-b5a7-04b72b80416b into model nwt
I0617 13:42:44.718765 103591936 processor.cc:666] Processing queue has data, processing started
I0617 13:42:44.736116 103591936 processor.cc:742] Processor: start processing batch fa3d867f-e423-4c0f-9779-e68366022205 into model nwt
I0617 13:42:44.744387 105201664 processor.cc:830] Processor: complete processing batch 926820b4-cc2e-47b2-97bf-e79b1d1406a6 into model nwt
I0617 13:42:44.748003 105201664 cuckoo_watch.h:44] 52ms in ProcessBatch(school_batches/aaaaaa.batch) [including 2ms in LoadMessage; 0ms in InitializeSparseNdw; 13ms in InferThetaAndUpdateNwtSparse; 15ms in CalculateScore(PerplexityScore); 2ms in CalculateScore(SparsityThetaScore); 12ms in CalculateScore(^^^ItemsProcessedScore^^^); ]
I0617 13:42:44.749924 104665088 processor.cc:830] Processor: complete processing batch a7a0e12c-3f96-40d7-a5fc-6da3c7044e5d into model nwt
I0617 13:42:44.753463 104665088 cuckoo_watch.h:44] 52ms in ProcessBatch(school_batches/aaaaab.batch) [including 2ms in LoadMessage; 0ms in InitializeSparseNdw; 12ms in InferThetaAndUpdateNwtSparse; 16ms in CalculateScore(PerplexityScore); 1ms in CalculateScore(SparsityThetaScore); 13ms in CalculateScore(^^^ItemsProcessedScore^^^); ]
I0617 13:42:44.761412 104665088 processor.cc:742] Processor: start processing batch 9bba875b-821f-4122-8d12-d8178a91ebce into model nwt
I0617 13:42:44.771297 104128512 processor.cc:830] Processor: complete processing batch 369972bd-52ea-4f60-b5a7-04b72b80416b into model nwt
I0617 13:42:44.774727 104128512 cuckoo_watch.h:44] 62ms in ProcessBatch(school_batches/aaaaac.batch) [including 4ms in LoadMessage; 1ms in InitializeSparseNdw; 20ms in InferThetaAndUpdateNwtSparse; 18ms in CalculateScore(PerplexityScore); 1ms in CalculateScore(SparsityThetaScore); 10ms in CalculateScore(^^^ItemsProcessedScore^^^); ]
I0617 13:42:44.784885 105201664 processor.cc:659] No data in processing queue, waiting...
I0617 13:42:44.798646 104128512 processor.cc:659] No data in processing queue, waiting...
I0617 13:42:44.807981 103591936 processor.cc:830] Processor: complete processing batch fa3d867f-e423-4c0f-9779-e68366022205 into model nwt
I0617 13:42:44.811244 103591936 cuckoo_watch.h:44] 92ms in ProcessBatch(school_batches/aaaaad.batch) [including 4ms in LoadMessage; 11ms in InitializeSparseNdw; 17ms in InferThetaAndUpdateNwtSparse; 19ms in CalculateScore(PerplexityScore); 2ms in CalculateScore(SparsityThetaScore); 21ms in CalculateScore(^^^ItemsProcessedScore^^^); ]
I0617 13:42:44.812569 104665088 processor.cc:830] Processor: complete processing batch 9bba875b-821f-4122-8d12-d8178a91ebce into model nwt
I0617 13:42:44.813841 104665088 cuckoo_watch.h:44] 57ms in ProcessBatch(school_batches/aaaaae.batch) [including 4ms in LoadMessage; 1ms in InitializeSparseNdw; 15ms in InferThetaAndUpdateNwtSparse; 18ms in CalculateScore(PerplexityScore); 2ms in CalculateScore(SparsityThetaScore); 12ms in CalculateScore(^^^ItemsProcessedScore^^^); ]
I0617 13:42:44.813897 90435584 master_component.cc:1211] NormalizeModelArgs: pwt_target_name=pwt, nwt_source_name=nwt, rwt_source_name=
I0617 13:42:44.813905 90435584 master_component.cc:812] MasterComponent: start normalizing model nwt
I0617 13:42:44.835535 103591936 processor.cc:659] No data in processing queue, waiting...
I0617 13:42:44.836287 104665088 processor.cc:659] No data in processing queue, waiting...
I0617 13:42:44.847241 90435584 master_component.cc:834] MasterComponent: complete normalizing model nwt
I0617 13:42:44.871857 90435584 master_component.cc:1235] DisposeModel rwt
I0617 13:42:44.871876 90435584 master_component.cc:858] FitOffline: ItemsProcessed, num_items=476, num_batches=5, token_weight=160411, token_weight_in_effect=160411
I0617 13:42:44.896984 2649691072 c_interface.cc:523] Pass GetScoreValueArgs, score_name=^^^ItemsProcessedScore^^^ to MasterComponent::Request
I0617 13:42:44.897022 2649691072 c_interface.cc:205] ArtmCopyRequestedMessage is copying 54 bytes...
I0617 13:42:44.897570 90435584 c_interface.cc:359] Pass FitOfflineMasterModelArgs, batch_filename_size=5, batch_weight_size=5, num_collection_passes=1 to MN4artm4core15MasterComponentEFvRKNS_25FitOfflineMasterModelArgsEE
I0617 13:42:44.897588 90435584 master_component.cc:1162] ProcessBatchesArgs: nwt_target_name=nwt, batch_filename_size=5, batch_size=0, batch_weight_size=5, pwt_source_name=pwt, num_document_passes=1, class=(text:1), reuse_theta=yes, opt_for_avx=yes, predict_class_id=
I0617 13:42:44.927323 105201664 processor.cc:666] Processing queue has data, processing started
I0617 13:42:44.931462 105201664 processor.cc:742] Processor: start processing batch 926820b4-cc2e-47b2-97bf-e79b1d1406a6 into model nwt
I0617 13:42:44.932765 103591936 processor.cc:666] Processing queue has data, processing started
I0617 13:42:44.938288 103591936 processor.cc:742] Processor: start processing batch a7a0e12c-3f96-40d7-a5fc-6da3c7044e5d into model nwt
I0617 13:42:44.941679 104128512 processor.cc:666] Processing queue has data, processing started
I0617 13:42:44.947383 104128512 processor.cc:742] Processor: start processing batch 369972bd-52ea-4f60-b5a7-04b72b80416b into model nwt
I0617 13:42:44.953243 104665088 processor.cc:666] Processing queue has data, processing started
I0617 13:42:44.963927 104665088 processor.cc:742] Processor: start processing batch fa3d867f-e423-4c0f-9779-e68366022205 into model nwt
I0617 13:42:44.972584 105201664 processor.cc:830] Processor: complete processing batch 926820b4-cc2e-47b2-97bf-e79b1d1406a6 into model nwt
I0617 13:42:44.975327 105201664 cuckoo_watch.h:44] 47ms in ProcessBatch(school_batches/aaaaaa.batch) [including 3ms in LoadMessage; 1ms in InitializeSparseNdw; 13ms in InferThetaAndUpdateNwtSparse; 13ms in CalculateScore(PerplexityScore); 2ms in CalculateScore(SparsityThetaScore); 10ms in CalculateScore(^^^ItemsProcessedScore^^^); ]
I0617 13:42:44.980578 105201664 processor.cc:742] Processor: start processing batch 9bba875b-821f-4122-8d12-d8178a91ebce into model nwt
I0617 13:42:44.982822 103591936 processor.cc:830] Processor: complete processing batch a7a0e12c-3f96-40d7-a5fc-6da3c7044e5d into model nwt
I0617 13:42:44.985385 103591936 cuckoo_watch.h:44] 52ms in ProcessBatch(school_batches/aaaaab.batch) [including 4ms in LoadMessage; 1ms in InitializeSparseNdw; 15ms in InferThetaAndUpdateNwtSparse; 14ms in CalculateScore(PerplexityScore); 2ms in CalculateScore(SparsityThetaScore); 11ms in CalculateScore(^^^ItemsProcessedScore^^^); ]
I0617 13:42:44.989406 104128512 processor.cc:830] Processor: complete processing batch 369972bd-52ea-4f60-b5a7-04b72b80416b into model nwt
I0617 13:42:44.992209 104128512 cuckoo_watch.h:44] 50ms in ProcessBatch(school_batches/aaaaac.batch) [including 4ms in LoadMessage; 1ms in InitializeSparseNdw; 14ms in InferThetaAndUpdateNwtSparse; 13ms in CalculateScore(PerplexityScore); 1ms in CalculateScore(SparsityThetaScore); 10ms in CalculateScore(^^^ItemsProcessedScore^^^); ]
I0617 13:42:45.003542 104665088 processor.cc:830] Processor: complete processing batch fa3d867f-e423-4c0f-9779-e68366022205 into model nwt
I0617 13:42:45.005008 104665088 cuckoo_watch.h:44] 51ms in ProcessBatch(school_batches/aaaaad.batch) [including 9ms in LoadMessage; 1ms in InitializeSparseNdw; 14ms in InferThetaAndUpdateNwtSparse; 13ms in CalculateScore(PerplexityScore); 1ms in CalculateScore(SparsityThetaScore); 8ms in CalculateScore(^^^ItemsProcessedScore^^^); ]
I0617 13:42:45.010215 105201664 processor.cc:830] Processor: complete processing batch 9bba875b-821f-4122-8d12-d8178a91ebce into model nwt
I0617 13:42:45.011451 105201664 cuckoo_watch.h:44] 36ms in ProcessBatch(school_batches/aaaaae.batch) [including 4ms in LoadMessage; 1ms in InitializeSparseNdw; 10ms in InferThetaAndUpdateNwtSparse; 10ms in CalculateScore(PerplexityScore); 1ms in CalculateScore(SparsityThetaScore); 5ms in CalculateScore(^^^ItemsProcessedScore^^^); ]
I0617 13:42:45.011955 90435584 master_component.cc:1211] NormalizeModelArgs: pwt_target_name=pwt, nwt_source_name=nwt, rwt_source_name=
I0617 13:42:45.011972 90435584 master_component.cc:812] MasterComponent: start normalizing model nwt
I0617 13:42:45.013217 103591936 processor.cc:659] No data in processing queue, waiting...
I0617 13:42:45.016993 104128512 processor.cc:659] No data in processing queue, waiting...
I0617 13:42:45.028970 104665088 processor.cc:659] No data in processing queue, waiting...
I0617 13:42:45.035338 105201664 processor.cc:659] No data in processing queue, waiting...
I0617 13:42:45.040751 90435584 master_component.cc:834] MasterComponent: complete normalizing model nwt
I0617 13:42:45.066036 90435584 master_component.cc:1235] DisposeModel rwt
I0617 13:42:45.066057 90435584 master_component.cc:858] FitOffline: ItemsProcessed, num_items=476, num_batches=5, token_weight=160411, token_weight_in_effect=160411
I0617 13:42:45.072549 2649691072 c_interface.cc:523] Pass GetScoreValueArgs, score_name=^^^ItemsProcessedScore^^^ to MasterComponent::Request
I0617 13:42:45.072602 2649691072 c_interface.cc:205] ArtmCopyRequestedMessage is copying 54 bytes...
I0617 13:42:45.073170 90435584 c_interface.cc:359] Pass FitOfflineMasterModelArgs, batch_filename_size=5, batch_weight_size=5, num_collection_passes=1 to MN4artm4core15MasterComponentEFvRKNS_25FitOfflineMasterModelArgsEE
I0617 13:42:45.073187 90435584 master_component.cc:1162] ProcessBatchesArgs: nwt_target_name=nwt, batch_filename_size=5, batch_size=0, batch_weight_size=5, pwt_source_name=pwt, num_document_passes=1, class=(text:1), reuse_theta=yes, opt_for_avx=yes, predict_class_id=
I0617 13:42:45.101595 103591936 processor.cc:666] Processing queue has data, processing started
I0617 13:42:45.105551 103591936 processor.cc:742] Processor: start processing batch 926820b4-cc2e-47b2-97bf-e79b1d1406a6 into model nwt
I0617 13:42:45.106611 104128512 processor.cc:666] Processing queue has data, processing started
I0617 13:42:45.112602 104128512 processor.cc:742] Processor: start processing batch a7a0e12c-3f96-40d7-a5fc-6da3c7044e5d into model nwt
I0617 13:42:45.113237 105201664 processor.cc:666] Processing queue has data, processing started
I0617 13:42:45.118985 105201664 processor.cc:742] Processor: start processing batch 369972bd-52ea-4f60-b5a7-04b72b80416b into model nwt
I0617 13:42:45.126324 104665088 processor.cc:666] Processing queue has data, processing started
I0617 13:42:45.135274 104665088 processor.cc:742] Processor: start processing batch fa3d867f-e423-4c0f-9779-e68366022205 into model nwt
I0617 13:42:45.148705 103591936 processor.cc:830] Processor: complete processing batch 926820b4-cc2e-47b2-97bf-e79b1d1406a6 into model nwt
I0617 13:42:45.155375 103591936 cuckoo_watch.h:44] 53ms in ProcessBatch(school_batches/aaaaaa.batch) [including 3ms in LoadMessage; 1ms in InitializeSparseNdw; 14ms in InferThetaAndUpdateNwtSparse; 14ms in CalculateScore(PerplexityScore); 2ms in CalculateScore(SparsityThetaScore); 11ms in CalculateScore(^^^ItemsProcessedScore^^^); ]
I0617 13:42:45.159876 104128512 processor.cc:830] Processor: complete processing batch a7a0e12c-3f96-40d7-a5fc-6da3c7044e5d into model nwt
I0617 13:42:45.160727 103591936 processor.cc:742] Processor: start processing batch 9bba875b-821f-4122-8d12-d8178a91ebce into model nwt
I0617 13:42:45.163985 104128512 cuckoo_watch.h:44] 57ms in ProcessBatch(school_batches/aaaaab.batch) [including 4ms in LoadMessage; 1ms in InitializeSparseNdw; 14ms in InferThetaAndUpdateNwtSparse; 14ms in CalculateScore(PerplexityScore); 2ms in CalculateScore(SparsityThetaScore); 15ms in CalculateScore(^^^ItemsProcessedScore^^^); ]
I0617 13:42:45.164930 105201664 processor.cc:830] Processor: complete processing batch 369972bd-52ea-4f60-b5a7-04b72b80416b into model nwt
I0617 13:42:45.167703 105201664 cuckoo_watch.h:44] 54ms in ProcessBatch(school_batches/aaaaac.batch) [including 4ms in LoadMessage; 1ms in InitializeSparseNdw; 14ms in InferThetaAndUpdateNwtSparse; 15ms in CalculateScore(PerplexityScore); 1ms in CalculateScore(SparsityThetaScore); 11ms in CalculateScore(^^^ItemsProcessedScore^^^); ]
I0617 13:42:45.179327 104665088 processor.cc:830] Processor: complete processing batch fa3d867f-e423-4c0f-9779-e68366022205 into model nwt
I0617 13:42:45.180841 104665088 cuckoo_watch.h:44] 54ms in ProcessBatch(school_batches/aaaaad.batch) [including 6ms in LoadMessage; 1ms in InitializeSparseNdw; 16ms in InferThetaAndUpdateNwtSparse; 15ms in CalculateScore(PerplexityScore); 1ms in CalculateScore(SparsityThetaScore); 8ms in CalculateScore(^^^ItemsProcessedScore^^^); ]
I0617 13:42:45.187253 104128512 processor.cc:659] No data in processing queue, waiting...
I0617 13:42:45.191262 103591936 processor.cc:830] Processor: complete processing batch 9bba875b-821f-4122-8d12-d8178a91ebce into model nwt
I0617 13:42:45.192358 105201664 processor.cc:659] No data in processing queue, waiting...
I0617 13:42:45.192515 103591936 cuckoo_watch.h:44] 37ms in ProcessBatch(school_batches/aaaaae.batch) [including 4ms in LoadMessage; 1ms in InitializeSparseNdw; 10ms in InferThetaAndUpdateNwtSparse; 10ms in CalculateScore(PerplexityScore); 1ms in CalculateScore(SparsityThetaScore); 6ms in CalculateScore(^^^ItemsProcessedScore^^^); ]
I0617 13:42:45.193729 90435584 master_component.cc:1211] NormalizeModelArgs: pwt_target_name=pwt, nwt_source_name=nwt, rwt_source_name=
I0617 13:42:45.193797 90435584 master_component.cc:812] MasterComponent: start normalizing model nwt
I0617 13:42:45.205049 104665088 processor.cc:659] No data in processing queue, waiting...
I0617 13:42:45.216320 103591936 processor.cc:659] No data in processing queue, waiting...
I0617 13:42:45.222131 90435584 master_component.cc:834] MasterComponent: complete normalizing model nwt
I0617 13:42:45.247238 90435584 master_component.cc:1235] DisposeModel rwt
I0617 13:42:45.247257 90435584 master_component.cc:858] FitOffline: ItemsProcessed, num_items=476, num_batches=5, token_weight=160411, token_weight_in_effect=160411
I0617 13:42:45.249445 2649691072 c_interface.cc:523] Pass GetScoreValueArgs, score_name=^^^ItemsProcessedScore^^^ to MasterComponent::Request
I0617 13:42:45.249476 2649691072 c_interface.cc:205] ArtmCopyRequestedMessage is copying 54 bytes...
I0617 13:42:45.249902 90435584 c_interface.cc:359] Pass FitOfflineMasterModelArgs, batch_filename_size=5, batch_weight_size=5, num_collection_passes=1 to MN4artm4core15MasterComponentEFvRKNS_25FitOfflineMasterModelArgsEE
I0617 13:42:45.249917 90435584 master_component.cc:1162] ProcessBatchesArgs: nwt_target_name=nwt, batch_filename_size=5, batch_size=0, batch_weight_size=5, pwt_source_name=pwt, num_document_passes=1, class=(text:1), reuse_theta=yes, opt_for_avx=yes, predict_class_id=
I0617 13:42:45.279302 104128512 processor.cc:666] Processing queue has data, processing started
I0617 13:42:45.284236 104128512 processor.cc:742] Processor: start processing batch 926820b4-cc2e-47b2-97bf-e79b1d1406a6 into model nwt
I0617 13:42:45.290608 105201664 processor.cc:666] Processing queue has data, processing started
I0617 13:42:45.291870 104665088 processor.cc:666] Processing queue has data, processing started
I0617 13:42:45.295475 105201664 processor.cc:742] Processor: start processing batch a7a0e12c-3f96-40d7-a5fc-6da3c7044e5d into model nwt
I0617 13:42:45.297405 104665088 processor.cc:742] Processor: start processing batch 369972bd-52ea-4f60-b5a7-04b72b80416b into model nwt
I0617 13:42:45.301247 103591936 processor.cc:666] Processing queue has data, processing started
I0617 13:42:45.307041 103591936 processor.cc:742] Processor: start processing batch fa3d867f-e423-4c0f-9779-e68366022205 into model nwt
I0617 13:42:45.343116 104128512 processor.cc:830] Processor: complete processing batch 926820b4-cc2e-47b2-97bf-e79b1d1406a6 into model nwt
I0617 13:42:45.345818 105201664 processor.cc:830] Processor: complete processing batch a7a0e12c-3f96-40d7-a5fc-6da3c7044e5d into model nwt
I0617 13:42:45.348659 105201664 cuckoo_watch.h:44] 58ms in ProcessBatch(school_batches/aaaaab.batch) [including 3ms in LoadMessage; 1ms in InitializeSparseNdw; 17ms in InferThetaAndUpdateNwtSparse; 16ms in CalculateScore(PerplexityScore); 2ms in CalculateScore(SparsityThetaScore); 11ms in CalculateScore(^^^ItemsProcessedScore^^^); ]
I0617 13:42:45.351910 104128512 cuckoo_watch.h:44] 72ms in ProcessBatch(school_batches/aaaaaa.batch) [including 3ms in LoadMessage; 1ms in InitializeSparseNdw; 12ms in InferThetaAndUpdateNwtSparse; 20ms in CalculateScore(PerplexityScore); 3ms in CalculateScore(SparsityThetaScore); 21ms in CalculateScore(^^^ItemsProcessedScore^^^); ]
I0617 13:42:45.353905 105201664 processor.cc:742] Processor: start processing batch 9bba875b-821f-4122-8d12-d8178a91ebce into model nwt
I0617 13:42:45.359506 104665088 processor.cc:830] Processor: complete processing batch 369972bd-52ea-4f60-b5a7-04b72b80416b into model nwt
I0617 13:42:45.362018 103591936 processor.cc:830] Processor: complete processing batch fa3d867f-e423-4c0f-9779-e68366022205 into model nwt
I0617 13:42:45.362748 104665088 cuckoo_watch.h:44] 70ms in ProcessBatch(school_batches/aaaaac.batch) [including 4ms in LoadMessage; 1ms in InitializeSparseNdw; 26ms in InferThetaAndUpdateNwtSparse; 17ms in CalculateScore(PerplexityScore); 3ms in CalculateScore(SparsityThetaScore); 12ms in CalculateScore(^^^ItemsProcessedScore^^^); ]
I0617 13:42:45.364020 103591936 cuckoo_watch.h:44] 62ms in ProcessBatch(school_batches/aaaaad.batch) [including 4ms in LoadMessage; 2ms in InitializeSparseNdw; 25ms in InferThetaAndUpdateNwtSparse; 14ms in CalculateScore(PerplexityScore); 1ms in CalculateScore(SparsityThetaScore); 10ms in CalculateScore(^^^ItemsProcessedScore^^^); ]
I0617 13:42:45.380188 104128512 processor.cc:659] No data in processing queue, waiting...
I0617 13:42:45.384275 105201664 processor.cc:830] Processor: complete processing batch 9bba875b-821f-4122-8d12-d8178a91ebce into model nwt
I0617 13:42:45.386196 105201664 cuckoo_watch.h:44] 37ms in ProcessBatch(school_batches/aaaaae.batch) [including 4ms in LoadMessage; 1ms in InitializeSparseNdw; 10ms in InferThetaAndUpdateNwtSparse; 9ms in CalculateScore(PerplexityScore); 1ms in CalculateScore(SparsityThetaScore); 7ms in CalculateScore(^^^ItemsProcessedScore^^^); ]
I0617 13:42:45.386592 104665088 processor.cc:659] No data in processing queue, waiting...
I0617 13:42:45.386582 90435584 master_component.cc:1211] NormalizeModelArgs: pwt_target_name=pwt, nwt_source_name=nwt, rwt_source_name=
I0617 13:42:45.386641 90435584 master_component.cc:812] MasterComponent: start normalizing model nwt
I0617 13:42:45.387755 103591936 processor.cc:659] No data in processing queue, waiting...
I0617 13:42:45.410257 105201664 processor.cc:659] No data in processing queue, waiting...
I0617 13:42:45.418520 90435584 master_component.cc:834] MasterComponent: complete normalizing model nwt
I0617 13:42:45.445642 90435584 master_component.cc:1235] DisposeModel rwt
I0617 13:42:45.445662 90435584 master_component.cc:858] FitOffline: ItemsProcessed, num_items=476, num_batches=5, token_weight=160411, token_weight_in_effect=160411
I0617 13:42:45.477984 2649691072 c_interface.cc:523] Pass GetScoreValueArgs, score_name=^^^ItemsProcessedScore^^^ to MasterComponent::Request
I0617 13:42:45.478032 2649691072 c_interface.cc:205] ArtmCopyRequestedMessage is copying 54 bytes...
I0617 13:42:45.479023 90435584 c_interface.cc:359] Pass FitOfflineMasterModelArgs, batch_filename_size=5, batch_weight_size=5, num_collection_passes=1 to MN4artm4core15MasterComponentEFvRKNS_25FitOfflineMasterModelArgsEE
I0617 13:42:45.479053 90435584 master_component.cc:1162] ProcessBatchesArgs: nwt_target_name=nwt, batch_filename_size=5, batch_size=0, batch_weight_size=5, pwt_source_name=pwt, num_document_passes=1, class=(text:1), reuse_theta=yes, opt_for_avx=yes, predict_class_id=
I0617 13:42:45.534561 104665088 processor.cc:666] Processing queue has data, processing started
I0617 13:42:45.538386 104665088 processor.cc:742] Processor: start processing batch 926820b4-cc2e-47b2-97bf-e79b1d1406a6 into model nwt
I0617 13:42:45.543071 105201664 processor.cc:666] Processing queue has data, processing started
I0617 13:42:45.550086 104128512 processor.cc:666] Processing queue has data, processing started
I0617 13:42:45.555692 103591936 processor.cc:666] Processing queue has data, processing started
I0617 13:42:45.556486 105201664 processor.cc:742] Processor: start processing batch a7a0e12c-3f96-40d7-a5fc-6da3c7044e5d into model nwt
I0617 13:42:45.556560 104128512 processor.cc:742] Processor: start processing batch 369972bd-52ea-4f60-b5a7-04b72b80416b into model nwt
I0617 13:42:45.561345 103591936 processor.cc:742] Processor: start processing batch fa3d867f-e423-4c0f-9779-e68366022205 into model nwt
I0617 13:42:45.592967 104665088 processor.cc:830] Processor: complete processing batch 926820b4-cc2e-47b2-97bf-e79b1d1406a6 into model nwt
I0617 13:42:45.596987 104665088 cuckoo_watch.h:44] 62ms in ProcessBatch(school_batches/aaaaaa.batch) [including 2ms in LoadMessage; 1ms in InitializeSparseNdw; 17ms in InferThetaAndUpdateNwtSparse; 19ms in CalculateScore(PerplexityScore); 4ms in CalculateScore(SparsityThetaScore); 11ms in CalculateScore(^^^ItemsProcessedScore^^^); ]
I0617 13:42:45.602543 104665088 processor.cc:742] Processor: start processing batch 9bba875b-821f-4122-8d12-d8178a91ebce into model nwt
I0617 13:42:45.606379 105201664 processor.cc:830] Processor: complete processing batch a7a0e12c-3f96-40d7-a5fc-6da3c7044e5d into model nwt
I0617 13:42:45.608743 104128512 processor.cc:830] Processor: complete processing batch 369972bd-52ea-4f60-b5a7-04b72b80416b into model nwt
I0617 13:42:45.611440 104128512 cuckoo_watch.h:44] 61ms in ProcessBatch(school_batches/aaaaac.batch) [including 5ms in LoadMessage; 1ms in InitializeSparseNdw; 20ms in InferThetaAndUpdateNwtSparse; 16ms in CalculateScore(PerplexityScore); 2ms in CalculateScore(SparsityThetaScore); 11ms in CalculateScore(^^^ItemsProcessedScore^^^); ]
I0617 13:42:45.611665 103591936 processor.cc:830] Processor: complete processing batch fa3d867f-e423-4c0f-9779-e68366022205 into model nwt
I0617 13:42:45.614126 105201664 cuckoo_watch.h:44] 71ms in ProcessBatch(school_batches/aaaaab.batch) [including 12ms in LoadMessage; 1ms in InitializeSparseNdw; 16ms in InferThetaAndUpdateNwtSparse; 16ms in CalculateScore(PerplexityScore); 3ms in CalculateScore(SparsityThetaScore); 11ms in CalculateScore(^^^ItemsProcessedScore^^^); ]
I0617 13:42:45.615030 103591936 cuckoo_watch.h:44] 59ms in ProcessBatch(school_batches/aaaaad.batch) [including 4ms in LoadMessage; 3ms in InitializeSparseNdw; 14ms in InferThetaAndUpdateNwtSparse; 17ms in CalculateScore(PerplexityScore); 3ms in CalculateScore(SparsityThetaScore); 12ms in CalculateScore(^^^ItemsProcessedScore^^^); ]
I0617 13:42:45.632302 104665088 processor.cc:830] Processor: complete processing batch 9bba875b-821f-4122-8d12-d8178a91ebce into model nwt
I0617 13:42:45.633504 104665088 cuckoo_watch.h:44] 36ms in ProcessBatch(school_batches/aaaaae.batch) [including 4ms in LoadMessage; 1ms in InitializeSparseNdw; 11ms in InferThetaAndUpdateNwtSparse; 10ms in CalculateScore(PerplexityScore); 1ms in CalculateScore(SparsityThetaScore); 5ms in CalculateScore(^^^ItemsProcessedScore^^^); ]
I0617 13:42:45.634599 90435584 master_component.cc:1211] NormalizeModelArgs: pwt_target_name=pwt, nwt_source_name=nwt, rwt_source_name=
I0617 13:42:45.634623 90435584 master_component.cc:812] MasterComponent: start normalizing model nwt
I0617 13:42:45.635713 104128512 processor.cc:659] No data in processing queue, waiting...
I0617 13:42:45.638288 105201664 processor.cc:659] No data in processing queue, waiting...
I0617 13:42:45.638309 103591936 processor.cc:659] No data in processing queue, waiting...
I0617 13:42:45.657331 104665088 processor.cc:659] No data in processing queue, waiting...
I0617 13:42:45.661912 90435584 master_component.cc:834] MasterComponent: complete normalizing model nwt
I0617 13:42:45.684814 90435584 master_component.cc:1235] DisposeModel rwt
I0617 13:42:45.684829 90435584 master_component.cc:858] FitOffline: ItemsProcessed, num_items=476, num_batches=5, token_weight=160411, token_weight_in_effect=160411
I0617 13:42:45.705720 2649691072 c_interface.cc:523] Pass GetScoreValueArgs, score_name=^^^ItemsProcessedScore^^^ to MasterComponent::Request
I0617 13:42:45.705754 2649691072 c_interface.cc:205] ArtmCopyRequestedMessage is copying 54 bytes...
I0617 13:42:45.706218 90435584 c_interface.cc:359] Pass FitOfflineMasterModelArgs, batch_filename_size=5, batch_weight_size=5, num_collection_passes=1 to MN4artm4core15MasterComponentEFvRKNS_25FitOfflineMasterModelArgsEE
I0617 13:42:45.706234 90435584 master_component.cc:1162] ProcessBatchesArgs: nwt_target_name=nwt, batch_filename_size=5, batch_size=0, batch_weight_size=5, pwt_source_name=pwt, num_document_passes=1, class=(text:1), reuse_theta=yes, opt_for_avx=yes, predict_class_id=
I0617 13:42:45.738585 104128512 processor.cc:666] Processing queue has data, processing started
I0617 13:42:45.742343 104128512 processor.cc:742] Processor: start processing batch 926820b4-cc2e-47b2-97bf-e79b1d1406a6 into model nwt
I0617 13:42:45.743882 104665088 processor.cc:666] Processing queue has data, processing started
I0617 13:42:45.749313 104665088 processor.cc:742] Processor: start processing batch a7a0e12c-3f96-40d7-a5fc-6da3c7044e5d into model nwt
I0617 13:42:45.752995 103591936 processor.cc:666] Processing queue has data, processing started
I0617 13:42:45.754499 105201664 processor.cc:666] Processing queue has data, processing started
I0617 13:42:45.758455 103591936 processor.cc:742] Processor: start processing batch 369972bd-52ea-4f60-b5a7-04b72b80416b into model nwt
I0617 13:42:45.760058 105201664 processor.cc:742] Processor: start processing batch fa3d867f-e423-4c0f-9779-e68366022205 into model nwt
I0617 13:42:45.788187 104128512 processor.cc:830] Processor: complete processing batch 926820b4-cc2e-47b2-97bf-e79b1d1406a6 into model nwt
I0617 13:42:45.795259 104128512 cuckoo_watch.h:44] 56ms in ProcessBatch(school_batches/aaaaaa.batch) [including 2ms in LoadMessage; 1ms in InitializeSparseNdw; 14ms in InferThetaAndUpdateNwtSparse; 13ms in CalculateScore(PerplexityScore); 2ms in CalculateScore(SparsityThetaScore); 14ms in CalculateScore(^^^ItemsProcessedScore^^^); ]
I0617 13:42:45.795661 104665088 processor.cc:830] Processor: complete processing batch a7a0e12c-3f96-40d7-a5fc-6da3c7044e5d into model nwt
I0617 13:42:45.798956 104665088 cuckoo_watch.h:44] 55ms in ProcessBatch(school_batches/aaaaab.batch) [including 4ms in LoadMessage; 1ms in InitializeSparseNdw; 17ms in InferThetaAndUpdateNwtSparse; 14ms in CalculateScore(PerplexityScore); 2ms in CalculateScore(SparsityThetaScore); 11ms in CalculateScore(^^^ItemsProcessedScore^^^); ]
I0617 13:42:45.800765 104128512 processor.cc:742] Processor: start processing batch 9bba875b-821f-4122-8d12-d8178a91ebce into model nwt
I0617 13:42:45.801514 103591936 processor.cc:830] Processor: complete processing batch 369972bd-52ea-4f60-b5a7-04b72b80416b into model nwt
I0617 13:42:45.804190 103591936 cuckoo_watch.h:44] 51ms in ProcessBatch(school_batches/aaaaac.batch) [including 4ms in LoadMessage; 1ms in InitializeSparseNdw; 15ms in InferThetaAndUpdateNwtSparse; 13ms in CalculateScore(PerplexityScore); 1ms in CalculateScore(SparsityThetaScore); 10ms in CalculateScore(^^^ItemsProcessedScore^^^); ]
I0617 13:42:45.804471 105201664 processor.cc:830] Processor: complete processing batch fa3d867f-e423-4c0f-9779-e68366022205 into model nwt
I0617 13:42:45.805920 105201664 cuckoo_watch.h:44] 51ms in ProcessBatch(school_batches/aaaaad.batch) [including 4ms in LoadMessage; 1ms in InitializeSparseNdw; 15ms in InferThetaAndUpdateNwtSparse; 15ms in CalculateScore(PerplexityScore); 4ms in CalculateScore(SparsityThetaScore); 7ms in CalculateScore(^^^ItemsProcessedScore^^^); ]
I0617 13:42:45.823166 104665088 processor.cc:659] No data in processing queue, waiting...
I0617 13:42:45.826126 104128512 processor.cc:830] Processor: complete processing batch 9bba875b-821f-4122-8d12-d8178a91ebce into model nwt
I0617 13:42:45.827447 104128512 cuckoo_watch.h:44] 32ms in ProcessBatch(school_batches/aaaaae.batch) [including 4ms in LoadMessage; 1ms in InitializeSparseNdw; 9ms in InferThetaAndUpdateNwtSparse; 7ms in CalculateScore(PerplexityScore); 1ms in CalculateScore(SparsityThetaScore); 5ms in CalculateScore(^^^ItemsProcessedScore^^^); ]
I0617 13:42:45.828372 90435584 master_component.cc:1211] NormalizeModelArgs: pwt_target_name=pwt, nwt_source_name=nwt, rwt_source_name=
I0617 13:42:45.828392 90435584 master_component.cc:812] MasterComponent: start normalizing model nwt
I0617 13:42:45.828749 103591936 processor.cc:659] No data in processing queue, waiting...
I0617 13:42:45.830016 105201664 processor.cc:659] No data in processing queue, waiting...
I0617 13:42:45.851027 104128512 processor.cc:659] No data in processing queue, waiting...
I0617 13:42:45.859006 90435584 master_component.cc:834] MasterComponent: complete normalizing model nwt
I0617 13:42:45.883535 90435584 master_component.cc:1235] DisposeModel rwt
I0617 13:42:45.883554 90435584 master_component.cc:858] FitOffline: ItemsProcessed, num_items=476, num_batches=5, token_weight=160411, token_weight_in_effect=160411
I0617 13:42:45.883785 2649691072 c_interface.cc:523] Pass GetScoreValueArgs, score_name=^^^ItemsProcessedScore^^^ to MasterComponent::Request
I0617 13:42:45.883808 2649691072 c_interface.cc:205] ArtmCopyRequestedMessage is copying 54 bytes...
I0617 13:42:45.884275 90435584 c_interface.cc:359] Pass FitOfflineMasterModelArgs, batch_filename_size=5, batch_weight_size=5, num_collection_passes=1 to MN4artm4core15MasterComponentEFvRKNS_25FitOfflineMasterModelArgsEE
I0617 13:42:45.884289 90435584 master_component.cc:1162] ProcessBatchesArgs: nwt_target_name=nwt, batch_filename_size=5, batch_size=0, batch_weight_size=5, pwt_source_name=pwt, num_document_passes=1, class=(text:1), reuse_theta=yes, opt_for_avx=yes, predict_class_id=
I0617 13:42:45.913061 103591936 processor.cc:666] Processing queue has data, processing started
I0617 13:42:45.916817 103591936 processor.cc:742] Processor: start processing batch 926820b4-cc2e-47b2-97bf-e79b1d1406a6 into model nwt
I0617 13:42:45.921144 104665088 processor.cc:666] Processing queue has data, processing started
I0617 13:42:45.923063 105201664 processor.cc:666] Processing queue has data, processing started
I0617 13:42:45.926659 104665088 processor.cc:742] Processor: start processing batch a7a0e12c-3f96-40d7-a5fc-6da3c7044e5d into model nwt
I0617 13:42:45.928654 105201664 processor.cc:742] Processor: start processing batch 369972bd-52ea-4f60-b5a7-04b72b80416b into model nwt
I0617 13:42:45.931123 104128512 processor.cc:666] Processing queue has data, processing started
I0617 13:42:45.936596 104128512 processor.cc:742] Processor: start processing batch fa3d867f-e423-4c0f-9779-e68366022205 into model nwt
I0617 13:42:45.965278 103591936 processor.cc:830] Processor: complete processing batch 926820b4-cc2e-47b2-97bf-e79b1d1406a6 into model nwt
I0617 13:42:45.967984 103591936 cuckoo_watch.h:44] 54ms in ProcessBatch(school_batches/aaaaaa.batch) [including 2ms in LoadMessage; 0ms in InitializeSparseNdw; 15ms in InferThetaAndUpdateNwtSparse; 19ms in CalculateScore(PerplexityScore); 2ms in CalculateScore(SparsityThetaScore); 10ms in CalculateScore(^^^ItemsProcessedScore^^^); ]
I0617 13:42:45.971185 104665088 processor.cc:830] Processor: complete processing batch a7a0e12c-3f96-40d7-a5fc-6da3c7044e5d into model nwt
I0617 13:42:45.973567 103591936 processor.cc:742] Processor: start processing batch 9bba875b-821f-4122-8d12-d8178a91ebce into model nwt
I0617 13:42:45.975684 105201664 processor.cc:830] Processor: complete processing batch 369972bd-52ea-4f60-b5a7-04b72b80416b into model nwt
I0617 13:42:45.977136 104665088 cuckoo_watch.h:44] 55ms in ProcessBatch(school_batches/aaaaab.batch) [including 4ms in LoadMessage; 1ms in InitializeSparseNdw; 15ms in InferThetaAndUpdateNwtSparse; 13ms in CalculateScore(PerplexityScore); 2ms in CalculateScore(SparsityThetaScore); 10ms in CalculateScore(^^^ItemsProcessedScore^^^); ]
I0617 13:42:45.977270 104128512 processor.cc:830] Processor: complete processing batch fa3d867f-e423-4c0f-9779-e68366022205 into model nwt
I0617 13:42:45.978668 104128512 cuckoo_watch.h:44] 47ms in ProcessBatch(school_batches/aaaaad.batch) [including 4ms in LoadMessage; 1ms in InitializeSparseNdw; 14ms in InferThetaAndUpdateNwtSparse; 12ms in CalculateScore(PerplexityScore); 1ms in CalculateScore(SparsityThetaScore); 9ms in CalculateScore(^^^ItemsProcessedScore^^^); ]
I0617 13:42:45.978920 105201664 cuckoo_watch.h:44] 55ms in ProcessBatch(school_batches/aaaaac.batch) [including 4ms in LoadMessage; 1ms in InitializeSparseNdw; 15ms in InferThetaAndUpdateNwtSparse; 14ms in CalculateScore(PerplexityScore); 2ms in CalculateScore(SparsityThetaScore); 13ms in CalculateScore(^^^ItemsProcessedScore^^^); ]
I0617 13:42:46.000931 104665088 processor.cc:659] No data in processing queue, waiting...
I0617 13:42:46.001348 103591936 processor.cc:830] Processor: complete processing batch 9bba875b-821f-4122-8d12-d8178a91ebce into model nwt
I0617 13:42:46.002229 104128512 processor.cc:659] No data in processing queue, waiting...
I0617 13:42:46.003129 105201664 processor.cc:659] No data in processing queue, waiting...
I0617 13:42:46.003376 103591936 cuckoo_watch.h:44] 35ms in ProcessBatch(school_batches/aaaaae.batch) [including 4ms in LoadMessage; 1ms in InitializeSparseNdw; 10ms in InferThetaAndUpdateNwtSparse; 7ms in CalculateScore(PerplexityScore); 1ms in CalculateScore(SparsityThetaScore); 6ms in CalculateScore(^^^ItemsProcessedScore^^^); ]
I0617 13:42:46.003408 90435584 master_component.cc:1211] NormalizeModelArgs: pwt_target_name=pwt, nwt_source_name=nwt, rwt_source_name=
I0617 13:42:46.003417 90435584 master_component.cc:812] MasterComponent: start normalizing model nwt
I0617 13:42:46.028452 103591936 processor.cc:659] No data in processing queue, waiting...
I0617 13:42:46.037120 90435584 master_component.cc:834] MasterComponent: complete normalizing model nwt
I0617 13:42:46.061784 90435584 master_component.cc:1235] DisposeModel rwt
I0617 13:42:46.061803 90435584 master_component.cc:858] FitOffline: ItemsProcessed, num_items=476, num_batches=5, token_weight=160411, token_weight_in_effect=160411
I0617 13:42:46.109933 2649691072 c_interface.cc:523] Pass GetScoreValueArgs, score_name=^^^ItemsProcessedScore^^^ to MasterComponent::Request
I0617 13:42:46.109982 2649691072 c_interface.cc:205] ArtmCopyRequestedMessage is copying 54 bytes...
