I0616 20:24:03.348356 67256320 master_component.cc:834] MasterComponent: complete normalizing model nwt
I0616 20:24:03.371659 67256320 master_component.cc:1235] DisposeModel rwt
I0616 20:24:03.371676 67256320 master_component.cc:858] FitOffline: ItemsProcessed, num_items=476, num_batches=5, token_weight=160411, token_weight_in_effect=160411
I0616 20:24:03.422909 2649691072 c_interface.cc:523] Pass GetScoreValueArgs, score_name=^^^ItemsProcessedScore^^^ to MasterComponent::Request
I0616 20:24:03.422940 2649691072 c_interface.cc:205] ArtmCopyRequestedMessage is copying 54 bytes...
I0616 20:24:03.423367 67256320 c_interface.cc:359] Pass FitOfflineMasterModelArgs, batch_filename_size=5, batch_weight_size=5, num_collection_passes=1 to MN4artm4core15MasterComponentEFvRKNS_25FitOfflineMasterModelArgsEE
I0616 20:24:03.423382 67256320 master_component.cc:1162] ProcessBatchesArgs: nwt_target_name=nwt, batch_filename_size=5, batch_size=0, batch_weight_size=5, pwt_source_name=pwt, num_document_passes=1, class=(text:1), reuse_theta=yes, opt_for_avx=yes, predict_class_id=
I0616 20:24:03.455420 80949248 processor.cc:666] Processing queue has data, processing started
I0616 20:24:03.459435 80949248 processor.cc:742] Processor: start processing batch d108d500-bc86-4a27-9de2-279a753d4b67 into model nwt
I0616 20:24:03.465427 82022400 processor.cc:666] Processing queue has data, processing started
I0616 20:24:03.467392 80412672 processor.cc:666] Processing queue has data, processing started
I0616 20:24:03.470425 82022400 processor.cc:742] Processor: start processing batch d539e9a8-8038-4f71-886e-f734a02e8458 into model nwt
I0616 20:24:03.473070 80412672 processor.cc:742] Processor: start processing batch 8c1a13d0-bf1e-4fd0-ba46-4bc70dacdb70 into model nwt
I0616 20:24:03.475659 81485824 processor.cc:666] Processing queue has data, processing started
I0616 20:24:03.481974 81485824 processor.cc:742] Processor: start processing batch 8e82d5e3-4c29-4bc0-80c4-555af7817012 into model nwt
I0616 20:24:03.513797 80949248 processor.cc:830] Processor: complete processing batch d108d500-bc86-4a27-9de2-279a753d4b67 into model nwt
I0616 20:24:03.517412 82022400 processor.cc:830] Processor: complete processing batch d539e9a8-8038-4f71-886e-f734a02e8458 into model nwt
I0616 20:24:03.518275 80949248 cuckoo_watch.h:44] 62ms in ProcessBatch(school_batches/aaaaaa.batch) [including 2ms in LoadMessage; 1ms in InitializeSparseNdw; 15ms in InferThetaAndUpdateNwtSparse; 21ms in CalculateScore(PerplexityScore); 3ms in CalculateScore(SparsityThetaScore); 12ms in CalculateScore(^^^ItemsProcessedScore^^^); ]
I0616 20:24:03.520817 82022400 cuckoo_watch.h:44] 55ms in ProcessBatch(school_batches/aaaaab.batch) [including 4ms in LoadMessage; 1ms in InitializeSparseNdw; 16ms in InferThetaAndUpdateNwtSparse; 14ms in CalculateScore(PerplexityScore); 3ms in CalculateScore(SparsityThetaScore); 11ms in CalculateScore(^^^ItemsProcessedScore^^^); ]
I0616 20:24:03.522325 80412672 processor.cc:830] Processor: complete processing batch 8c1a13d0-bf1e-4fd0-ba46-4bc70dacdb70 into model nwt
I0616 20:24:03.524332 80949248 processor.cc:742] Processor: start processing batch fc7d4b87-4bd0-4617-b0d4-b318d685ec35 into model nwt
I0616 20:24:03.530726 80412672 cuckoo_watch.h:44] 63ms in ProcessBatch(school_batches/aaaaac.batch) [including 4ms in LoadMessage; 1ms in InitializeSparseNdw; 17ms in InferThetaAndUpdateNwtSparse; 14ms in CalculateScore(PerplexityScore); 2ms in CalculateScore(SparsityThetaScore); 13ms in CalculateScore(^^^ItemsProcessedScore^^^); ]
I0616 20:24:03.537911 81485824 processor.cc:830] Processor: complete processing batch 8e82d5e3-4c29-4bc0-80c4-555af7817012 into model nwt
I0616 20:24:03.539206 81485824 cuckoo_watch.h:44] 63ms in ProcessBatch(school_batches/aaaaad.batch) [including 5ms in LoadMessage; 2ms in InitializeSparseNdw; 21ms in InferThetaAndUpdateNwtSparse; 15ms in CalculateScore(PerplexityScore); 5ms in CalculateScore(SparsityThetaScore); 11ms in CalculateScore(^^^ItemsProcessedScore^^^); ]
I0616 20:24:03.545392 82022400 processor.cc:659] No data in processing queue, waiting...
I0616 20:24:03.552791 80949248 processor.cc:830] Processor: complete processing batch fc7d4b87-4bd0-4617-b0d4-b318d685ec35 into model nwt
I0616 20:24:03.554113 80412672 processor.cc:659] No data in processing queue, waiting...
I0616 20:24:03.554240 80949248 cuckoo_watch.h:44] 34ms in ProcessBatch(school_batches/aaaaae.batch) [including 4ms in LoadMessage; 0ms in InitializeSparseNdw; 11ms in InferThetaAndUpdateNwtSparse; 8ms in CalculateScore(PerplexityScore); 1ms in CalculateScore(SparsityThetaScore); 6ms in CalculateScore(^^^ItemsProcessedScore^^^); ]
I0616 20:24:03.555577 67256320 master_component.cc:1211] NormalizeModelArgs: pwt_target_name=pwt, nwt_source_name=nwt, rwt_source_name=
I0616 20:24:03.555649 67256320 master_component.cc:812] MasterComponent: start normalizing model nwt
I0616 20:24:03.563197 81485824 processor.cc:659] No data in processing queue, waiting...
I0616 20:24:03.578260 80949248 processor.cc:659] No data in processing queue, waiting...
I0616 20:24:03.590036 67256320 master_component.cc:834] MasterComponent: complete normalizing model nwt
I0616 20:24:03.612187 67256320 master_component.cc:1235] DisposeModel rwt
I0616 20:24:03.612205 67256320 master_component.cc:858] FitOffline: ItemsProcessed, num_items=476, num_batches=5, token_weight=160411, token_weight_in_effect=160411
I0616 20:24:03.650146 2649691072 c_interface.cc:523] Pass GetScoreValueArgs, score_name=^^^ItemsProcessedScore^^^ to MasterComponent::Request
I0616 20:24:03.650182 2649691072 c_interface.cc:205] ArtmCopyRequestedMessage is copying 54 bytes...
I0616 20:24:03.650816 67256320 c_interface.cc:359] Pass FitOfflineMasterModelArgs, batch_filename_size=5, batch_weight_size=5, num_collection_passes=1 to MN4artm4core15MasterComponentEFvRKNS_25FitOfflineMasterModelArgsEE
I0616 20:24:03.650835 67256320 master_component.cc:1162] ProcessBatchesArgs: nwt_target_name=nwt, batch_filename_size=5, batch_size=0, batch_weight_size=5, pwt_source_name=pwt, num_document_passes=1, class=(text:1), reuse_theta=yes, opt_for_avx=yes, predict_class_id=
I0616 20:24:03.681005 82022400 processor.cc:666] Processing queue has data, processing started
I0616 20:24:03.685215 82022400 processor.cc:742] Processor: start processing batch d108d500-bc86-4a27-9de2-279a753d4b67 into model nwt
I0616 20:24:03.694404 80949248 processor.cc:666] Processing queue has data, processing started
I0616 20:24:03.694681 80412672 processor.cc:666] Processing queue has data, processing started
I0616 20:24:03.700456 81485824 processor.cc:666] Processing queue has data, processing started
I0616 20:24:03.700512 80412672 processor.cc:742] Processor: start processing batch 8c1a13d0-bf1e-4fd0-ba46-4bc70dacdb70 into model nwt
I0616 20:24:03.700512 80949248 processor.cc:742] Processor: start processing batch d539e9a8-8038-4f71-886e-f734a02e8458 into model nwt
I0616 20:24:03.706037 81485824 processor.cc:742] Processor: start processing batch 8e82d5e3-4c29-4bc0-80c4-555af7817012 into model nwt
I0616 20:24:03.728112 82022400 processor.cc:830] Processor: complete processing batch d108d500-bc86-4a27-9de2-279a753d4b67 into model nwt
I0616 20:24:03.731117 82022400 cuckoo_watch.h:44] 50ms in ProcessBatch(school_batches/aaaaaa.batch) [including 3ms in LoadMessage; 1ms in InitializeSparseNdw; 12ms in InferThetaAndUpdateNwtSparse; 14ms in CalculateScore(PerplexityScore); 2ms in CalculateScore(SparsityThetaScore); 11ms in CalculateScore(^^^ItemsProcessedScore^^^); ]
I0616 20:24:03.738219 82022400 processor.cc:742] Processor: start processing batch fc7d4b87-4bd0-4617-b0d4-b318d685ec35 into model nwt
I0616 20:24:03.746261 80412672 processor.cc:830] Processor: complete processing batch 8c1a13d0-bf1e-4fd0-ba46-4bc70dacdb70 into model nwt
I0616 20:24:03.752480 81485824 processor.cc:830] Processor: complete processing batch 8e82d5e3-4c29-4bc0-80c4-555af7817012 into model nwt
I0616 20:24:03.754184 80412672 cuckoo_watch.h:44] 59ms in ProcessBatch(school_batches/aaaaac.batch) [including 4ms in LoadMessage; 1ms in InitializeSparseNdw; 17ms in InferThetaAndUpdateNwtSparse; 13ms in CalculateScore(PerplexityScore); 1ms in CalculateScore(SparsityThetaScore); 10ms in CalculateScore(^^^ItemsProcessedScore^^^); ]
I0616 20:24:03.755714 80949248 processor.cc:830] Processor: complete processing batch d539e9a8-8038-4f71-886e-f734a02e8458 into model nwt
I0616 20:24:03.756007 81485824 cuckoo_watch.h:44] 55ms in ProcessBatch(school_batches/aaaaad.batch) [including 4ms in LoadMessage; 1ms in InitializeSparseNdw; 17ms in InferThetaAndUpdateNwtSparse; 14ms in CalculateScore(PerplexityScore); 1ms in CalculateScore(SparsityThetaScore); 10ms in CalculateScore(^^^ItemsProcessedScore^^^); ]
I0616 20:24:03.757453 80949248 cuckoo_watch.h:44] 63ms in ProcessBatch(school_batches/aaaaab.batch) [including 4ms in LoadMessage; 1ms in InitializeSparseNdw; 21ms in InferThetaAndUpdateNwtSparse; 15ms in CalculateScore(PerplexityScore); 2ms in CalculateScore(SparsityThetaScore); 14ms in CalculateScore(^^^ItemsProcessedScore^^^); ]
I0616 20:24:03.774029 82022400 processor.cc:830] Processor: complete processing batch fc7d4b87-4bd0-4617-b0d4-b318d685ec35 into model nwt
I0616 20:24:03.775461 82022400 cuckoo_watch.h:44] 43ms in ProcessBatch(school_batches/aaaaae.batch) [including 4ms in LoadMessage; 1ms in InitializeSparseNdw; 18ms in InferThetaAndUpdateNwtSparse; 8ms in CalculateScore(PerplexityScore); 1ms in CalculateScore(SparsityThetaScore); 5ms in CalculateScore(^^^ItemsProcessedScore^^^); ]
I0616 20:24:03.775686 67256320 master_component.cc:1211] NormalizeModelArgs: pwt_target_name=pwt, nwt_source_name=nwt, rwt_source_name=
I0616 20:24:03.775702 67256320 master_component.cc:812] MasterComponent: start normalizing model nwt
I0616 20:24:03.777945 80412672 processor.cc:659] No data in processing queue, waiting...
I0616 20:24:03.780174 81485824 processor.cc:659] No data in processing queue, waiting...
I0616 20:24:03.781474 80949248 processor.cc:659] No data in processing queue, waiting...
I0616 20:24:03.799093 82022400 processor.cc:659] No data in processing queue, waiting...
I0616 20:24:03.809432 67256320 master_component.cc:834] MasterComponent: complete normalizing model nwt
I0616 20:24:03.833638 67256320 master_component.cc:1235] DisposeModel rwt
I0616 20:24:03.833659 67256320 master_component.cc:858] FitOffline: ItemsProcessed, num_items=476, num_batches=5, token_weight=160411, token_weight_in_effect=160411
I0616 20:24:03.878566 2649691072 c_interface.cc:523] Pass GetScoreValueArgs, score_name=^^^ItemsProcessedScore^^^ to MasterComponent::Request
I0616 20:24:03.878597 2649691072 c_interface.cc:205] ArtmCopyRequestedMessage is copying 54 bytes...
I0617 13:41:36.920555 2649691072 c_interface.cc:205] ArtmCopyRequestedMessage is copying 2080 bytes...
I0617 13:41:43.670109 2649691072 c_interface.cc:205] ArtmCopyRequestedMessage is copying 150975 bytes...
I0617 13:41:43.779755 2649691072 c_interface.cc:205] ArtmCopyRequestedMessage is copying 150975 bytes...
I0617 13:41:43.887621 2649691072 c_interface.cc:205] ArtmCopyRequestedMessage is copying 150975 bytes...
I0617 13:41:43.990938 2649691072 c_interface.cc:205] ArtmCopyRequestedMessage is copying 150975 bytes...
I0617 13:41:44.091601 2649691072 c_interface.cc:205] ArtmCopyRequestedMessage is copying 150975 bytes...
I0617 13:41:44.179194 2649691072 c_interface.cc:205] ArtmCopyRequestedMessage is copying 150975 bytes...
I0617 13:41:44.257297 2649691072 c_interface.cc:205] ArtmCopyRequestedMessage is copying 150975 bytes...
I0617 13:41:44.348826 2649691072 c_interface.cc:205] ArtmCopyRequestedMessage is copying 150975 bytes...
I0617 13:41:44.424862 2649691072 c_interface.cc:205] ArtmCopyRequestedMessage is copying 150975 bytes...
I0617 13:41:44.504534 2649691072 c_interface.cc:205] ArtmCopyRequestedMessage is copying 150975 bytes...
I0617 13:42:17.367442 2649691072 c_interface.cc:205] ArtmCopyRequestedMessage is copying 1620 bytes...
I0617 13:42:17.371338 2649691072 c_interface.cc:205] ArtmCopyRequestedMessage is copying 1612 bytes...
I0617 13:42:19.756448 2649691072 c_interface.cc:359] Pass MasterModelConfig: topic_name_size=10, class=(text:1), score_config_size=5, num_processors=0, pwt_name=pwt, nwt_name=nwt, num_document_passes=1, regularizer=(SparsePhi:-100), reuse_theta=yes, cache_theta=yes, opt_for_avx=yes, disk_cache_path to MN4artm4core15MasterComponentEFvRKNS_17MasterModelConfigEE
I0617 13:42:19.756481 2649691072 instance.cc:380] MasterModelConfig.processors_count is automatically set to 4
I0617 13:42:19.756536 2649691072 perplexity.cc:24] Perplexity score calculator created: model_type=1, dictionary_name=dictionary
I0617 13:42:19.758033 2649691072 instance.cc:223] Regularizer 'SparsePhi' was cold-reconfigured
I0617 13:42:20.266485 67256320 c_interface.cc:359] Pass FitOfflineMasterModelArgs, batch_filename_size=5, batch_weight_size=5, num_collection_passes=1 to MN4artm4core15MasterComponentEFvRKNS_25FitOfflineMasterModelArgsEE
I0617 13:42:20.266855 67256320 master_component.cc:1162] ProcessBatchesArgs: nwt_target_name=nwt, batch_filename_size=5, batch_size=0, batch_weight_size=5, pwt_source_name=pwt, num_document_passes=1, regularizer=(name:SparsePhi, tau:-100), class=(text:1), reuse_theta=yes, opt_for_avx=yes, predict_class_id=
I0617 13:42:20.332693 80949248 processor.cc:666] Processing queue has data, processing started
I0617 13:42:20.339155 80412672 processor.cc:666] Processing queue has data, processing started
I0617 13:42:20.339321 80949248 processor.cc:742] Processor: start processing batch d108d500-bc86-4a27-9de2-279a753d4b67 into model nwt
I0617 13:42:20.346323 80412672 processor.cc:742] Processor: start processing batch d539e9a8-8038-4f71-886e-f734a02e8458 into model nwt
I0617 13:42:20.347764 81485824 processor.cc:666] Processing queue has data, processing started
I0617 13:42:20.357255 81485824 processor.cc:742] Processor: start processing batch 8c1a13d0-bf1e-4fd0-ba46-4bc70dacdb70 into model nwt
I0617 13:42:20.362243 82022400 processor.cc:666] Processing queue has data, processing started
I0617 13:42:20.388614 82022400 processor.cc:742] Processor: start processing batch 8e82d5e3-4c29-4bc0-80c4-555af7817012 into model nwt
I0617 13:42:20.388862 80949248 processor.cc:830] Processor: complete processing batch d108d500-bc86-4a27-9de2-279a753d4b67 into model nwt
I0617 13:42:20.401558 80949248 cuckoo_watch.h:44] 68ms in ProcessBatch(school_batches/aaaaaa.batch) [including 5ms in LoadMessage; 1ms in InitializeSparseNdw; 18ms in InferThetaAndUpdateNwtSparse; 12ms in CalculateScore(PerplexityScore); 2ms in CalculateScore(SparsityThetaScore); 14ms in CalculateScore(^^^ItemsProcessedScore^^^); ]
I0617 13:42:20.406374 80412672 processor.cc:830] Processor: complete processing batch d539e9a8-8038-4f71-886e-f734a02e8458 into model nwt
I0617 13:42:20.408957 80412672 cuckoo_watch.h:44] 69ms in ProcessBatch(school_batches/aaaaab.batch) [including 6ms in LoadMessage; 2ms in InitializeSparseNdw; 18ms in InferThetaAndUpdateNwtSparse; 19ms in CalculateScore(PerplexityScore); 2ms in CalculateScore(SparsityThetaScore); 18ms in CalculateScore(^^^ItemsProcessedScore^^^); ]
I0617 13:42:20.412786 80949248 processor.cc:742] Processor: start processing batch fc7d4b87-4bd0-4617-b0d4-b318d685ec35 into model nwt
I0617 13:42:20.419947 81485824 processor.cc:830] Processor: complete processing batch 8c1a13d0-bf1e-4fd0-ba46-4bc70dacdb70 into model nwt
I0617 13:42:20.422536 81485824 cuckoo_watch.h:44] 74ms in ProcessBatch(school_batches/aaaaac.batch) [including 8ms in LoadMessage; 2ms in InitializeSparseNdw; 22ms in InferThetaAndUpdateNwtSparse; 23ms in CalculateScore(PerplexityScore); 2ms in CalculateScore(SparsityThetaScore); 12ms in CalculateScore(^^^ItemsProcessedScore^^^); ]
I0617 13:42:20.434206 80412672 processor.cc:659] No data in processing queue, waiting...
I0617 13:42:20.435971 82022400 processor.cc:830] Processor: complete processing batch 8e82d5e3-4c29-4bc0-80c4-555af7817012 into model nwt
I0617 13:42:20.438410 82022400 cuckoo_watch.h:44] 76ms in ProcessBatch(school_batches/aaaaad.batch) [including 25ms in LoadMessage; 1ms in InitializeSparseNdw; 26ms in InferThetaAndUpdateNwtSparse; 11ms in CalculateScore(PerplexityScore); 1ms in CalculateScore(SparsityThetaScore); 6ms in CalculateScore(^^^ItemsProcessedScore^^^); ]
I0617 13:42:20.445111 80949248 processor.cc:830] Processor: complete processing batch fc7d4b87-4bd0-4617-b0d4-b318d685ec35 into model nwt
I0617 13:42:20.445916 81485824 processor.cc:659] No data in processing queue, waiting...
I0617 13:42:20.446648 80949248 cuckoo_watch.h:44] 45ms in ProcessBatch(school_batches/aaaaae.batch) [including 10ms in LoadMessage; 1ms in InitializeSparseNdw; 13ms in InferThetaAndUpdateNwtSparse; 8ms in CalculateScore(PerplexityScore); 2ms in CalculateScore(SparsityThetaScore); 6ms in CalculateScore(^^^ItemsProcessedScore^^^); ]
I0617 13:42:20.446677 67256320 master_component.cc:1200] RegularizeModelArgs: rwt_target_name=rwt, pwt_source_name=pwt, nwt_source_name=nwt
I0617 13:42:20.446696 67256320 master_component.cc:785] MasterComponent: start regularizing model pwt
I0617 13:42:20.462186 82022400 processor.cc:659] No data in processing queue, waiting...
I0617 13:42:20.470531 80949248 processor.cc:659] No data in processing queue, waiting...
I0617 13:42:20.501044 67256320 master_component.cc:808] MasterComponent: complete regularizing model pwt
I0617 13:42:20.501060 67256320 master_component.cc:1211] NormalizeModelArgs: pwt_target_name=pwt, nwt_source_name=nwt, rwt_source_name=rwt
I0617 13:42:20.501067 67256320 master_component.cc:812] MasterComponent: start normalizing model nwt
I0617 13:42:20.537021 67256320 master_component.cc:834] MasterComponent: complete normalizing model nwt
I0617 13:42:20.559465 67256320 master_component.cc:1235] DisposeModel rwt
I0617 13:42:20.568580 67256320 master_component.cc:858] FitOffline: ItemsProcessed, num_items=476, num_batches=5, token_weight=160411, token_weight_in_effect=160411
I0617 13:42:20.610035 2649691072 c_interface.cc:523] Pass GetScoreValueArgs, score_name=^^^ItemsProcessedScore^^^ to MasterComponent::Request
I0617 13:42:20.610088 2649691072 c_interface.cc:205] ArtmCopyRequestedMessage is copying 54 bytes...
I0617 13:42:20.610615 67256320 c_interface.cc:359] Pass FitOfflineMasterModelArgs, batch_filename_size=5, batch_weight_size=5, num_collection_passes=1 to MN4artm4core15MasterComponentEFvRKNS_25FitOfflineMasterModelArgsEE
I0617 13:42:20.610633 67256320 master_component.cc:1162] ProcessBatchesArgs: nwt_target_name=nwt, batch_filename_size=5, batch_size=0, batch_weight_size=5, pwt_source_name=pwt, num_document_passes=1, regularizer=(name:SparsePhi, tau:-100), class=(text:1), reuse_theta=yes, opt_for_avx=yes, predict_class_id=
I0617 13:42:20.641394 80949248 processor.cc:666] Processing queue has data, processing started
I0617 13:42:20.644994 80949248 processor.cc:742] Processor: start processing batch d108d500-bc86-4a27-9de2-279a753d4b67 into model nwt
I0617 13:42:20.646391 82022400 processor.cc:666] Processing queue has data, processing started
I0617 13:42:20.652550 82022400 processor.cc:742] Processor: start processing batch d539e9a8-8038-4f71-886e-f734a02e8458 into model nwt
I0617 13:42:20.653950 81485824 processor.cc:666] Processing queue has data, processing started
I0617 13:42:20.660552 81485824 processor.cc:742] Processor: start processing batch 8c1a13d0-bf1e-4fd0-ba46-4bc70dacdb70 into model nwt
I0617 13:42:20.664321 80412672 processor.cc:666] Processing queue has data, processing started
I0617 13:42:20.670429 80412672 processor.cc:742] Processor: start processing batch 8e82d5e3-4c29-4bc0-80c4-555af7817012 into model nwt
I0617 13:42:20.688273 80949248 processor.cc:830] Processor: complete processing batch d108d500-bc86-4a27-9de2-279a753d4b67 into model nwt
I0617 13:42:20.692437 80949248 cuckoo_watch.h:44] 51ms in ProcessBatch(school_batches/aaaaaa.batch) [including 2ms in LoadMessage; 1ms in InitializeSparseNdw; 14ms in InferThetaAndUpdateNwtSparse; 14ms in CalculateScore(PerplexityScore); 2ms in CalculateScore(SparsityThetaScore); 10ms in CalculateScore(^^^ItemsProcessedScore^^^); ]
I0617 13:42:20.698050 80949248 processor.cc:742] Processor: start processing batch fc7d4b87-4bd0-4617-b0d4-b318d685ec35 into model nwt
I0617 13:42:20.702873 82022400 processor.cc:830] Processor: complete processing batch d539e9a8-8038-4f71-886e-f734a02e8458 into model nwt
I0617 13:42:20.705725 82022400 cuckoo_watch.h:44] 59ms in ProcessBatch(school_batches/aaaaab.batch) [including 5ms in LoadMessage; 1ms in InitializeSparseNdw; 20ms in InferThetaAndUpdateNwtSparse; 15ms in CalculateScore(PerplexityScore); 2ms in CalculateScore(SparsityThetaScore); 10ms in CalculateScore(^^^ItemsProcessedScore^^^); ]
I0617 13:42:20.708835 81485824 processor.cc:830] Processor: complete processing batch 8c1a13d0-bf1e-4fd0-ba46-4bc70dacdb70 into model nwt
I0617 13:42:20.713500 81485824 cuckoo_watch.h:44] 59ms in ProcessBatch(school_batches/aaaaac.batch) [including 5ms in LoadMessage; 2ms in InitializeSparseNdw; 20ms in InferThetaAndUpdateNwtSparse; 13ms in CalculateScore(PerplexityScore); 1ms in CalculateScore(SparsityThetaScore); 10ms in CalculateScore(^^^ItemsProcessedScore^^^); ]
I0617 13:42:20.717715 80412672 processor.cc:830] Processor: complete processing batch 8e82d5e3-4c29-4bc0-80c4-555af7817012 into model nwt
I0617 13:42:20.720105 80412672 cuckoo_watch.h:44] 55ms in ProcessBatch(school_batches/aaaaad.batch) [including 5ms in LoadMessage; 1ms in InitializeSparseNdw; 18ms in InferThetaAndUpdateNwtSparse; 13ms in CalculateScore(PerplexityScore); 2ms in CalculateScore(SparsityThetaScore); 10ms in CalculateScore(^^^ItemsProcessedScore^^^); ]
I0617 13:42:20.730687 82022400 processor.cc:659] No data in processing queue, waiting...
I0617 13:42:20.735339 80949248 processor.cc:830] Processor: complete processing batch fc7d4b87-4bd0-4617-b0d4-b318d685ec35 into model nwt
I0617 13:42:20.736785 80949248 cuckoo_watch.h:44] 44ms in ProcessBatch(school_batches/aaaaae.batch) [including 4ms in LoadMessage; 1ms in InitializeSparseNdw; 18ms in InferThetaAndUpdateNwtSparse; 9ms in CalculateScore(PerplexityScore); 1ms in CalculateScore(SparsityThetaScore); 6ms in CalculateScore(^^^ItemsProcessedScore^^^); ]
I0617 13:42:20.737138 67256320 master_component.cc:1200] RegularizeModelArgs: rwt_target_name=rwt, pwt_source_name=pwt, nwt_source_name=nwt
I0617 13:42:20.737167 67256320 master_component.cc:785] MasterComponent: start regularizing model pwt
I0617 13:42:20.738410 81485824 processor.cc:659] No data in processing queue, waiting...
I0617 13:42:20.744354 80412672 processor.cc:659] No data in processing queue, waiting...
I0617 13:42:20.760915 80949248 processor.cc:659] No data in processing queue, waiting...
I0617 13:42:20.788511 67256320 master_component.cc:808] MasterComponent: complete regularizing model pwt
I0617 13:42:20.788529 67256320 master_component.cc:1211] NormalizeModelArgs: pwt_target_name=pwt, nwt_source_name=nwt, rwt_source_name=rwt
I0617 13:42:20.788535 67256320 master_component.cc:812] MasterComponent: start normalizing model nwt
I0617 13:42:20.820876 67256320 master_component.cc:834] MasterComponent: complete normalizing model nwt
I0617 13:42:20.844583 67256320 master_component.cc:1235] DisposeModel rwt
I0617 13:42:20.852365 67256320 master_component.cc:858] FitOffline: ItemsProcessed, num_items=476, num_batches=5, token_weight=160411, token_weight_in_effect=160411
I0617 13:42:20.890739 2649691072 c_interface.cc:523] Pass GetScoreValueArgs, score_name=^^^ItemsProcessedScore^^^ to MasterComponent::Request
I0617 13:42:20.890789 2649691072 c_interface.cc:205] ArtmCopyRequestedMessage is copying 54 bytes...
I0617 13:42:20.891592 67256320 c_interface.cc:359] Pass FitOfflineMasterModelArgs, batch_filename_size=5, batch_weight_size=5, num_collection_passes=1 to MN4artm4core15MasterComponentEFvRKNS_25FitOfflineMasterModelArgsEE
I0617 13:42:20.891644 67256320 master_component.cc:1162] ProcessBatchesArgs: nwt_target_name=nwt, batch_filename_size=5, batch_size=0, batch_weight_size=5, pwt_source_name=pwt, num_document_passes=1, regularizer=(name:SparsePhi, tau:-100), class=(text:1), reuse_theta=yes, opt_for_avx=yes, predict_class_id=
I0617 13:42:20.925132 82022400 processor.cc:666] Processing queue has data, processing started
I0617 13:42:20.930769 82022400 processor.cc:742] Processor: start processing batch d108d500-bc86-4a27-9de2-279a753d4b67 into model nwt
I0617 13:42:20.935050 80412672 processor.cc:666] Processing queue has data, processing started
I0617 13:42:20.940907 80412672 processor.cc:742] Processor: start processing batch d539e9a8-8038-4f71-886e-f734a02e8458 into model nwt
I0617 13:42:20.941630 81485824 processor.cc:666] Processing queue has data, processing started
I0617 13:42:20.947674 81485824 processor.cc:742] Processor: start processing batch 8c1a13d0-bf1e-4fd0-ba46-4bc70dacdb70 into model nwt
I0617 13:42:20.951946 80949248 processor.cc:666] Processing queue has data, processing started
I0617 13:42:20.957571 80949248 processor.cc:742] Processor: start processing batch 8e82d5e3-4c29-4bc0-80c4-555af7817012 into model nwt
I0617 13:42:20.992200 82022400 processor.cc:830] Processor: complete processing batch d108d500-bc86-4a27-9de2-279a753d4b67 into model nwt
I0617 13:42:20.996552 82022400 cuckoo_watch.h:44] 71ms in ProcessBatch(school_batches/aaaaaa.batch) [including 4ms in LoadMessage; 1ms in InitializeSparseNdw; 17ms in InferThetaAndUpdateNwtSparse; 22ms in CalculateScore(PerplexityScore); 2ms in CalculateScore(SparsityThetaScore); 17ms in CalculateScore(^^^ItemsProcessedScore^^^); ]
I0617 13:42:21.001091 81485824 processor.cc:830] Processor: complete processing batch 8c1a13d0-bf1e-4fd0-ba46-4bc70dacdb70 into model nwt
I0617 13:42:21.003041 82022400 processor.cc:742] Processor: start processing batch fc7d4b87-4bd0-4617-b0d4-b318d685ec35 into model nwt
I0617 13:42:21.005075 81485824 cuckoo_watch.h:44] 63ms in ProcessBatch(school_batches/aaaaac.batch) [including 5ms in LoadMessage; 1ms in InitializeSparseNdw; 19ms in InferThetaAndUpdateNwtSparse; 15ms in CalculateScore(PerplexityScore); 1ms in CalculateScore(SparsityThetaScore); 14ms in CalculateScore(^^^ItemsProcessedScore^^^); ]
I0617 13:42:21.008280 80412672 processor.cc:830] Processor: complete processing batch d539e9a8-8038-4f71-886e-f734a02e8458 into model nwt
I0617 13:42:21.011831 80412672 cuckoo_watch.h:44] 76ms in ProcessBatch(school_batches/aaaaab.batch) [including 4ms in LoadMessage; 2ms in InitializeSparseNdw; 21ms in InferThetaAndUpdateNwtSparse; 21ms in CalculateScore(PerplexityScore); 2ms in CalculateScore(SparsityThetaScore); 20ms in CalculateScore(^^^ItemsProcessedScore^^^); ]
I0617 13:42:21.019129 80949248 processor.cc:830] Processor: complete processing batch 8e82d5e3-4c29-4bc0-80c4-555af7817012 into model nwt
I0617 13:42:21.021159 80949248 cuckoo_watch.h:44] 69ms in ProcessBatch(school_batches/aaaaad.batch) [including 4ms in LoadMessage; 1ms in InitializeSparseNdw; 21ms in InferThetaAndUpdateNwtSparse; 16ms in CalculateScore(PerplexityScore); 6ms in CalculateScore(SparsityThetaScore); 15ms in CalculateScore(^^^ItemsProcessedScore^^^); ]
I0617 13:42:21.030077 81485824 processor.cc:659] No data in processing queue, waiting...
I0617 13:42:21.036520 80412672 processor.cc:659] No data in processing queue, waiting...
I0617 13:42:21.042634 82022400 processor.cc:830] Processor: complete processing batch fc7d4b87-4bd0-4617-b0d4-b318d685ec35 into model nwt
I0617 13:42:21.044044 82022400 cuckoo_watch.h:44] 46ms in ProcessBatch(school_batches/aaaaae.batch) [including 4ms in LoadMessage; 1ms in InitializeSparseNdw; 19ms in InferThetaAndUpdateNwtSparse; 8ms in CalculateScore(PerplexityScore); 1ms in CalculateScore(SparsityThetaScore); 8ms in CalculateScore(^^^ItemsProcessedScore^^^); ]
I0617 13:42:21.045294 80949248 processor.cc:659] No data in processing queue, waiting...
I0617 13:42:21.045285 67256320 master_component.cc:1200] RegularizeModelArgs: rwt_target_name=rwt, pwt_source_name=pwt, nwt_source_name=nwt
I0617 13:42:21.045315 67256320 master_component.cc:785] MasterComponent: start regularizing model pwt
I0617 13:42:21.068015 82022400 processor.cc:659] No data in processing queue, waiting...
I0617 13:42:21.096771 67256320 master_component.cc:808] MasterComponent: complete regularizing model pwt
I0617 13:42:21.096824 67256320 master_component.cc:1211] NormalizeModelArgs: pwt_target_name=pwt, nwt_source_name=nwt, rwt_source_name=rwt
I0617 13:42:21.096833 67256320 master_component.cc:812] MasterComponent: start normalizing model nwt
I0617 13:42:21.128859 67256320 master_component.cc:834] MasterComponent: complete normalizing model nwt
I0617 13:42:21.150748 67256320 master_component.cc:1235] DisposeModel rwt
I0617 13:42:21.159993 67256320 master_component.cc:858] FitOffline: ItemsProcessed, num_items=476, num_batches=5, token_weight=160411, token_weight_in_effect=160411
I0617 13:42:21.165061 2649691072 c_interface.cc:523] Pass GetScoreValueArgs, score_name=^^^ItemsProcessedScore^^^ to MasterComponent::Request
I0617 13:42:21.165104 2649691072 c_interface.cc:205] ArtmCopyRequestedMessage is copying 54 bytes...
I0617 13:42:21.165738 67256320 c_interface.cc:359] Pass FitOfflineMasterModelArgs, batch_filename_size=5, batch_weight_size=5, num_collection_passes=1 to MN4artm4core15MasterComponentEFvRKNS_25FitOfflineMasterModelArgsEE
I0617 13:42:21.165757 67256320 master_component.cc:1162] ProcessBatchesArgs: nwt_target_name=nwt, batch_filename_size=5, batch_size=0, batch_weight_size=5, pwt_source_name=pwt, num_document_passes=1, regularizer=(name:SparsePhi, tau:-100), class=(text:1), reuse_theta=yes, opt_for_avx=yes, predict_class_id=
I0617 13:42:21.197108 81485824 processor.cc:666] Processing queue has data, processing started
I0617 13:42:21.202780 81485824 processor.cc:742] Processor: start processing batch d108d500-bc86-4a27-9de2-279a753d4b67 into model nwt
I0617 13:42:21.205476 82022400 processor.cc:666] Processing queue has data, processing started
I0617 13:42:21.211567 82022400 processor.cc:742] Processor: start processing batch d539e9a8-8038-4f71-886e-f734a02e8458 into model nwt
I0617 13:42:21.211798 80412672 processor.cc:666] Processing queue has data, processing started
I0617 13:42:21.217878 80412672 processor.cc:742] Processor: start processing batch 8c1a13d0-bf1e-4fd0-ba46-4bc70dacdb70 into model nwt
I0617 13:42:21.231312 80949248 processor.cc:666] Processing queue has data, processing started
I0617 13:42:21.236791 80949248 processor.cc:742] Processor: start processing batch 8e82d5e3-4c29-4bc0-80c4-555af7817012 into model nwt
I0617 13:42:21.275257 81485824 processor.cc:830] Processor: complete processing batch d108d500-bc86-4a27-9de2-279a753d4b67 into model nwt
I0617 13:42:21.286571 81485824 cuckoo_watch.h:44] 89ms in ProcessBatch(school_batches/aaaaaa.batch) [including 4ms in LoadMessage; 1ms in InitializeSparseNdw; 21ms in InferThetaAndUpdateNwtSparse; 33ms in CalculateScore(PerplexityScore); 3ms in CalculateScore(SparsityThetaScore); 12ms in CalculateScore(^^^ItemsProcessedScore^^^); ]
I0617 13:42:21.287322 80412672 processor.cc:830] Processor: complete processing batch 8c1a13d0-bf1e-4fd0-ba46-4bc70dacdb70 into model nwt
I0617 13:42:21.293584 82022400 processor.cc:830] Processor: complete processing batch d539e9a8-8038-4f71-886e-f734a02e8458 into model nwt
I0617 13:42:21.295661 80412672 cuckoo_watch.h:44] 83ms in ProcessBatch(school_batches/aaaaac.batch) [including 5ms in LoadMessage; 3ms in InitializeSparseNdw; 21ms in InferThetaAndUpdateNwtSparse; 25ms in CalculateScore(PerplexityScore); 2ms in CalculateScore(SparsityThetaScore); 16ms in CalculateScore(^^^ItemsProcessedScore^^^); ]
I0617 13:42:21.296043 80949248 processor.cc:830] Processor: complete processing batch 8e82d5e3-4c29-4bc0-80c4-555af7817012 into model nwt
I0617 13:42:21.299584 81485824 processor.cc:742] Processor: start processing batch fc7d4b87-4bd0-4617-b0d4-b318d685ec35 into model nwt
I0617 13:42:21.300276 80949248 cuckoo_watch.h:44] 68ms in ProcessBatch(school_batches/aaaaad.batch) [including 4ms in LoadMessage; 1ms in InitializeSparseNdw; 26ms in InferThetaAndUpdateNwtSparse; 15ms in CalculateScore(PerplexityScore); 3ms in CalculateScore(SparsityThetaScore); 12ms in CalculateScore(^^^ItemsProcessedScore^^^); ]
I0617 13:42:21.300278 82022400 cuckoo_watch.h:44] 94ms in ProcessBatch(school_batches/aaaaab.batch) [including 4ms in LoadMessage; 1ms in InitializeSparseNdw; 27ms in InferThetaAndUpdateNwtSparse; 38ms in CalculateScore(PerplexityScore); 3ms in CalculateScore(SparsityThetaScore); 10ms in CalculateScore(^^^ItemsProcessedScore^^^); ]
I0617 13:42:21.319924 80412672 processor.cc:659] No data in processing queue, waiting...
I0617 13:42:21.323727 80949248 processor.cc:659] No data in processing queue, waiting...
I0617 13:42:21.323745 82022400 processor.cc:659] No data in processing queue, waiting...
I0617 13:42:21.329849 81485824 processor.cc:830] Processor: complete processing batch fc7d4b87-4bd0-4617-b0d4-b318d685ec35 into model nwt
I0617 13:42:21.331131 81485824 cuckoo_watch.h:44] 44ms in ProcessBatch(school_batches/aaaaae.batch) [including 11ms in LoadMessage; 1ms in InitializeSparseNdw; 12ms in InferThetaAndUpdateNwtSparse; 9ms in CalculateScore(PerplexityScore); 1ms in CalculateScore(SparsityThetaScore); 6ms in CalculateScore(^^^ItemsProcessedScore^^^); ]
I0617 13:42:21.331233 67256320 master_component.cc:1200] RegularizeModelArgs: rwt_target_name=rwt, pwt_source_name=pwt, nwt_source_name=nwt
I0617 13:42:21.331245 67256320 master_component.cc:785] MasterComponent: start regularizing model pwt
I0617 13:42:21.355224 81485824 processor.cc:659] No data in processing queue, waiting...
I0617 13:42:21.381471 67256320 master_component.cc:808] MasterComponent: complete regularizing model pwt
I0617 13:42:21.381489 67256320 master_component.cc:1211] NormalizeModelArgs: pwt_target_name=pwt, nwt_source_name=nwt, rwt_source_name=rwt
I0617 13:42:21.381496 67256320 master_component.cc:812] MasterComponent: start normalizing model nwt
I0617 13:42:21.414393 67256320 master_component.cc:834] MasterComponent: complete normalizing model nwt
I0617 13:42:21.435665 67256320 master_component.cc:1235] DisposeModel rwt
I0617 13:42:21.444183 67256320 master_component.cc:858] FitOffline: ItemsProcessed, num_items=476, num_batches=5, token_weight=160411, token_weight_in_effect=160411
I0617 13:42:21.444509 2649691072 c_interface.cc:523] Pass GetScoreValueArgs, score_name=^^^ItemsProcessedScore^^^ to MasterComponent::Request
I0617 13:42:21.444545 2649691072 c_interface.cc:205] ArtmCopyRequestedMessage is copying 54 bytes...
I0617 13:42:21.445029 67256320 c_interface.cc:359] Pass FitOfflineMasterModelArgs, batch_filename_size=5, batch_weight_size=5, num_collection_passes=1 to MN4artm4core15MasterComponentEFvRKNS_25FitOfflineMasterModelArgsEE
I0617 13:42:21.445047 67256320 master_component.cc:1162] ProcessBatchesArgs: nwt_target_name=nwt, batch_filename_size=5, batch_size=0, batch_weight_size=5, pwt_source_name=pwt, num_document_passes=1, regularizer=(name:SparsePhi, tau:-100), class=(text:1), reuse_theta=yes, opt_for_avx=yes, predict_class_id=
I0617 13:42:21.477099 80412672 processor.cc:666] Processing queue has data, processing started
I0617 13:42:21.480957 80412672 processor.cc:742] Processor: start processing batch d108d500-bc86-4a27-9de2-279a753d4b67 into model nwt
I0617 13:42:21.487262 82022400 processor.cc:666] Processing queue has data, processing started
I0617 13:42:21.487411 80949248 processor.cc:666] Processing queue has data, processing started
I0617 13:42:21.492735 82022400 processor.cc:742] Processor: start processing batch d539e9a8-8038-4f71-886e-f734a02e8458 into model nwt
I0617 13:42:21.492924 80949248 processor.cc:742] Processor: start processing batch 8c1a13d0-bf1e-4fd0-ba46-4bc70dacdb70 into model nwt
I0617 13:42:21.496932 81485824 processor.cc:666] Processing queue has data, processing started
I0617 13:42:21.502979 81485824 processor.cc:742] Processor: start processing batch 8e82d5e3-4c29-4bc0-80c4-555af7817012 into model nwt
I0617 13:42:21.525001 80412672 processor.cc:830] Processor: complete processing batch d108d500-bc86-4a27-9de2-279a753d4b67 into model nwt
I0617 13:42:21.528029 80412672 cuckoo_watch.h:44] 50ms in ProcessBatch(school_batches/aaaaaa.batch) [including 3ms in LoadMessage; 0ms in InitializeSparseNdw; 14ms in InferThetaAndUpdateNwtSparse; 15ms in CalculateScore(PerplexityScore); 2ms in CalculateScore(SparsityThetaScore); 11ms in CalculateScore(^^^ItemsProcessedScore^^^); ]
I0617 13:42:21.533131 80412672 processor.cc:742] Processor: start processing batch fc7d4b87-4bd0-4617-b0d4-b318d685ec35 into model nwt
I0617 13:42:21.539142 80949248 processor.cc:830] Processor: complete processing batch 8c1a13d0-bf1e-4fd0-ba46-4bc70dacdb70 into model nwt
I0617 13:42:21.546507 80949248 cuckoo_watch.h:44] 59ms in ProcessBatch(school_batches/aaaaac.batch) [including 4ms in LoadMessage; 1ms in InitializeSparseNdw; 18ms in InferThetaAndUpdateNwtSparse; 13ms in CalculateScore(PerplexityScore); 2ms in CalculateScore(SparsityThetaScore); 10ms in CalculateScore(^^^ItemsProcessedScore^^^); ]
I0617 13:42:21.547030 82022400 processor.cc:830] Processor: complete processing batch d539e9a8-8038-4f71-886e-f734a02e8458 into model nwt
I0617 13:42:21.549257 81485824 processor.cc:830] Processor: complete processing batch 8e82d5e3-4c29-4bc0-80c4-555af7817012 into model nwt
I0617 13:42:21.550638 82022400 cuckoo_watch.h:44] 63ms in ProcessBatch(school_batches/aaaaab.batch) [including 4ms in LoadMessage; 1ms in InitializeSparseNdw; 16ms in InferThetaAndUpdateNwtSparse; 14ms in CalculateScore(PerplexityScore); 2ms in CalculateScore(SparsityThetaScore); 16ms in CalculateScore(^^^ItemsProcessedScore^^^); ]
I0617 13:42:21.551798 81485824 cuckoo_watch.h:44] 54ms in ProcessBatch(school_batches/aaaaad.batch) [including 4ms in LoadMessage; 1ms in InitializeSparseNdw; 17ms in InferThetaAndUpdateNwtSparse; 14ms in CalculateScore(PerplexityScore); 2ms in CalculateScore(SparsityThetaScore); 10ms in CalculateScore(^^^ItemsProcessedScore^^^); ]
I0617 13:42:21.567611 80412672 processor.cc:830] Processor: complete processing batch fc7d4b87-4bd0-4617-b0d4-b318d685ec35 into model nwt
I0617 13:42:21.569103 80412672 cuckoo_watch.h:44] 41ms in ProcessBatch(school_batches/aaaaae.batch) [including 4ms in LoadMessage; 1ms in InitializeSparseNdw; 17ms in InferThetaAndUpdateNwtSparse; 7ms in CalculateScore(PerplexityScore); 1ms in CalculateScore(SparsityThetaScore); 6ms in CalculateScore(^^^ItemsProcessedScore^^^); ]
I0617 13:42:21.569264 67256320 master_component.cc:1200] RegularizeModelArgs: rwt_target_name=rwt, pwt_source_name=pwt, nwt_source_name=nwt
I0617 13:42:21.569308 67256320 master_component.cc:785] MasterComponent: start regularizing model pwt
I0617 13:42:21.570411 80949248 processor.cc:659] No data in processing queue, waiting...
I0617 13:42:21.574857 82022400 processor.cc:659] No data in processing queue, waiting...
I0617 13:42:21.575507 81485824 processor.cc:659] No data in processing queue, waiting...
I0617 13:42:21.593359 80412672 processor.cc:659] No data in processing queue, waiting...
I0617 13:42:21.618172 67256320 master_component.cc:808] MasterComponent: complete regularizing model pwt
I0617 13:42:21.618191 67256320 master_component.cc:1211] NormalizeModelArgs: pwt_target_name=pwt, nwt_source_name=nwt, rwt_source_name=rwt
I0617 13:42:21.618198 67256320 master_component.cc:812] MasterComponent: start normalizing model nwt
I0617 13:42:21.650898 67256320 master_component.cc:834] MasterComponent: complete normalizing model nwt
I0617 13:42:21.672332 67256320 master_component.cc:1235] DisposeModel rwt
I0617 13:42:21.682857 67256320 master_component.cc:858] FitOffline: ItemsProcessed, num_items=476, num_batches=5, token_weight=160411, token_weight_in_effect=160411
I0617 13:42:21.728662 2649691072 c_interface.cc:523] Pass GetScoreValueArgs, score_name=^^^ItemsProcessedScore^^^ to MasterComponent::Request
I0617 13:42:21.728693 2649691072 c_interface.cc:205] ArtmCopyRequestedMessage is copying 54 bytes...
I0617 13:42:21.729117 67256320 c_interface.cc:359] Pass FitOfflineMasterModelArgs, batch_filename_size=5, batch_weight_size=5, num_collection_passes=1 to MN4artm4core15MasterComponentEFvRKNS_25FitOfflineMasterModelArgsEE
I0617 13:42:21.729133 67256320 master_component.cc:1162] ProcessBatchesArgs: nwt_target_name=nwt, batch_filename_size=5, batch_size=0, batch_weight_size=5, pwt_source_name=pwt, num_document_passes=1, regularizer=(name:SparsePhi, tau:-100), class=(text:1), reuse_theta=yes, opt_for_avx=yes, predict_class_id=
I0617 13:42:21.760190 80949248 processor.cc:666] Processing queue has data, processing started
I0617 13:42:21.765858 80949248 processor.cc:742] Processor: start processing batch d108d500-bc86-4a27-9de2-279a753d4b67 into model nwt
I0617 13:42:21.769887 82022400 processor.cc:666] Processing queue has data, processing started
I0617 13:42:21.774466 80412672 processor.cc:666] Processing queue has data, processing started
I0617 13:42:21.775518 82022400 processor.cc:742] Processor: start processing batch d539e9a8-8038-4f71-886e-f734a02e8458 into model nwt
I0617 13:42:21.779894 81485824 processor.cc:666] Processing queue has data, processing started
I0617 13:42:21.780138 80412672 processor.cc:742] Processor: start processing batch 8c1a13d0-bf1e-4fd0-ba46-4bc70dacdb70 into model nwt
I0617 13:42:21.785734 81485824 processor.cc:742] Processor: start processing batch 8e82d5e3-4c29-4bc0-80c4-555af7817012 into model nwt
I0617 13:42:21.815066 80949248 processor.cc:830] Processor: complete processing batch d108d500-bc86-4a27-9de2-279a753d4b67 into model nwt
I0617 13:42:21.820852 82022400 processor.cc:830] Processor: complete processing batch d539e9a8-8038-4f71-886e-f734a02e8458 into model nwt
I0617 13:42:21.821517 80949248 cuckoo_watch.h:44] 61ms in ProcessBatch(school_batches/aaaaaa.batch) [including 4ms in LoadMessage; 1ms in InitializeSparseNdw; 19ms in InferThetaAndUpdateNwtSparse; 13ms in CalculateScore(PerplexityScore); 2ms in CalculateScore(SparsityThetaScore); 11ms in CalculateScore(^^^ItemsProcessedScore^^^); ]
I0617 13:42:21.825893 82022400 cuckoo_watch.h:44] 55ms in ProcessBatch(school_batches/aaaaab.batch) [including 4ms in LoadMessage; 1ms in InitializeSparseNdw; 17ms in InferThetaAndUpdateNwtSparse; 14ms in CalculateScore(PerplexityScore); 2ms in CalculateScore(SparsityThetaScore); 9ms in CalculateScore(^^^ItemsProcessedScore^^^); ]
I0617 13:42:21.829617 80949248 processor.cc:742] Processor: start processing batch fc7d4b87-4bd0-4617-b0d4-b318d685ec35 into model nwt
I0617 13:42:21.831638 80412672 processor.cc:830] Processor: complete processing batch 8c1a13d0-bf1e-4fd0-ba46-4bc70dacdb70 into model nwt
I0617 13:42:21.833856 81485824 processor.cc:830] Processor: complete processing batch 8e82d5e3-4c29-4bc0-80c4-555af7817012 into model nwt
I0617 13:42:21.834408 80412672 cuckoo_watch.h:44] 59ms in ProcessBatch(school_batches/aaaaac.batch) [including 4ms in LoadMessage; 1ms in InitializeSparseNdw; 20ms in InferThetaAndUpdateNwtSparse; 13ms in CalculateScore(PerplexityScore); 6ms in CalculateScore(SparsityThetaScore); 9ms in CalculateScore(^^^ItemsProcessedScore^^^); ]
I0617 13:42:21.835388 81485824 cuckoo_watch.h:44] 55ms in ProcessBatch(school_batches/aaaaad.batch) [including 4ms in LoadMessage; 1ms in InitializeSparseNdw; 18ms in InferThetaAndUpdateNwtSparse; 13ms in CalculateScore(PerplexityScore); 3ms in CalculateScore(SparsityThetaScore); 11ms in CalculateScore(^^^ItemsProcessedScore^^^); ]
I0617 13:42:21.850060 82022400 processor.cc:659] No data in processing queue, waiting...
I0617 13:42:21.858335 80412672 processor.cc:659] No data in processing queue, waiting...
I0617 13:42:21.859640 81485824 processor.cc:659] No data in processing queue, waiting...
I0617 13:42:21.859845 80949248 processor.cc:830] Processor: complete processing batch fc7d4b87-4bd0-4617-b0d4-b318d685ec35 into model nwt
I0617 13:42:21.861249 80949248 cuckoo_watch.h:44] 39ms in ProcessBatch(school_batches/aaaaae.batch) [including 6ms in LoadMessage; 1ms in InitializeSparseNdw; 13ms in InferThetaAndUpdateNwtSparse; 7ms in CalculateScore(PerplexityScore); 1ms in CalculateScore(SparsityThetaScore); 5ms in CalculateScore(^^^ItemsProcessedScore^^^); ]
I0617 13:42:21.862290 67256320 master_component.cc:1200] RegularizeModelArgs: rwt_target_name=rwt, pwt_source_name=pwt, nwt_source_name=nwt
I0617 13:42:21.862366 67256320 master_component.cc:785] MasterComponent: start regularizing model pwt
I0617 13:42:21.884845 80949248 processor.cc:659] No data in processing queue, waiting...
I0617 13:42:21.911289 67256320 master_component.cc:808] MasterComponent: complete regularizing model pwt
I0617 13:42:21.911337 67256320 master_component.cc:1211] NormalizeModelArgs: pwt_target_name=pwt, nwt_source_name=nwt, rwt_source_name=rwt
I0617 13:42:21.911345 67256320 master_component.cc:812] MasterComponent: start normalizing model nwt
I0617 13:42:21.945176 67256320 master_component.cc:834] MasterComponent: complete normalizing model nwt
I0617 13:42:21.967015 67256320 master_component.cc:1235] DisposeModel rwt
I0617 13:42:21.976506 67256320 master_component.cc:858] FitOffline: ItemsProcessed, num_items=476, num_batches=5, token_weight=160411, token_weight_in_effect=160411
I0617 13:42:22.008970 2649691072 c_interface.cc:523] Pass GetScoreValueArgs, score_name=^^^ItemsProcessedScore^^^ to MasterComponent::Request
I0617 13:42:22.009024 2649691072 c_interface.cc:205] ArtmCopyRequestedMessage is copying 54 bytes...
I0617 13:42:22.009810 67256320 c_interface.cc:359] Pass FitOfflineMasterModelArgs, batch_filename_size=5, batch_weight_size=5, num_collection_passes=1 to MN4artm4core15MasterComponentEFvRKNS_25FitOfflineMasterModelArgsEE
I0617 13:42:22.009834 67256320 master_component.cc:1162] ProcessBatchesArgs: nwt_target_name=nwt, batch_filename_size=5, batch_size=0, batch_weight_size=5, pwt_source_name=pwt, num_document_passes=1, regularizer=(name:SparsePhi, tau:-100), class=(text:1), reuse_theta=yes, opt_for_avx=yes, predict_class_id=
I0617 13:42:22.042345 81485824 processor.cc:666] Processing queue has data, processing started
I0617 13:42:22.045874 81485824 processor.cc:742] Processor: start processing batch d108d500-bc86-4a27-9de2-279a753d4b67 into model nwt
I0617 13:42:22.047796 82022400 processor.cc:666] Processing queue has data, processing started
I0617 13:42:22.053406 82022400 processor.cc:742] Processor: start processing batch d539e9a8-8038-4f71-886e-f734a02e8458 into model nwt
I0617 13:42:22.056938 80412672 processor.cc:666] Processing queue has data, processing started
I0617 13:42:22.062772 80412672 processor.cc:742] Processor: start processing batch 8c1a13d0-bf1e-4fd0-ba46-4bc70dacdb70 into model nwt
I0617 13:42:22.063877 80949248 processor.cc:666] Processing queue has data, processing started
I0617 13:42:22.072676 80949248 processor.cc:742] Processor: start processing batch 8e82d5e3-4c29-4bc0-80c4-555af7817012 into model nwt
I0617 13:42:22.091176 81485824 processor.cc:830] Processor: complete processing batch d108d500-bc86-4a27-9de2-279a753d4b67 into model nwt
I0617 13:42:22.098222 82022400 processor.cc:830] Processor: complete processing batch d539e9a8-8038-4f71-886e-f734a02e8458 into model nwt
I0617 13:42:22.098822 81485824 cuckoo_watch.h:44] 56ms in ProcessBatch(school_batches/aaaaaa.batch) [including 2ms in LoadMessage; 0ms in InitializeSparseNdw; 14ms in InferThetaAndUpdateNwtSparse; 17ms in CalculateScore(PerplexityScore); 2ms in CalculateScore(SparsityThetaScore); 9ms in CalculateScore(^^^ItemsProcessedScore^^^); ]
I0617 13:42:22.101382 82022400 cuckoo_watch.h:44] 53ms in ProcessBatch(school_batches/aaaaab.batch) [including 4ms in LoadMessage; 1ms in InitializeSparseNdw; 18ms in InferThetaAndUpdateNwtSparse; 14ms in CalculateScore(PerplexityScore); 1ms in CalculateScore(SparsityThetaScore); 9ms in CalculateScore(^^^ItemsProcessedScore^^^); ]
I0617 13:42:22.103585 81485824 processor.cc:742] Processor: start processing batch fc7d4b87-4bd0-4617-b0d4-b318d685ec35 into model nwt
I0617 13:42:22.111109 80412672 processor.cc:830] Processor: complete processing batch 8c1a13d0-bf1e-4fd0-ba46-4bc70dacdb70 into model nwt
I0617 13:42:22.120501 80412672 cuckoo_watch.h:44] 63ms in ProcessBatch(school_batches/aaaaac.batch) [including 4ms in LoadMessage; 1ms in InitializeSparseNdw; 19ms in InferThetaAndUpdateNwtSparse; 14ms in CalculateScore(PerplexityScore); 2ms in CalculateScore(SparsityThetaScore); 10ms in CalculateScore(^^^ItemsProcessedScore^^^); ]
I0617 13:42:22.124260 80949248 processor.cc:830] Processor: complete processing batch 8e82d5e3-4c29-4bc0-80c4-555af7817012 into model nwt
I0617 13:42:22.125779 80949248 cuckoo_watch.h:44] 61ms in ProcessBatch(school_batches/aaaaad.batch) [including 7ms in LoadMessage; 1ms in InitializeSparseNdw; 22ms in InferThetaAndUpdateNwtSparse; 15ms in CalculateScore(PerplexityScore); 1ms in CalculateScore(SparsityThetaScore); 10ms in CalculateScore(^^^ItemsProcessedScore^^^); ]
I0617 13:42:22.135048 81485824 processor.cc:830] Processor: complete processing batch fc7d4b87-4bd0-4617-b0d4-b318d685ec35 into model nwt
I0617 13:42:22.136543 81485824 cuckoo_watch.h:44] 37ms in ProcessBatch(school_batches/aaaaae.batch) [including 3ms in LoadMessage; 0ms in InitializeSparseNdw; 12ms in InferThetaAndUpdateNwtSparse; 10ms in CalculateScore(PerplexityScore); 1ms in CalculateScore(SparsityThetaScore); 6ms in CalculateScore(^^^ItemsProcessedScore^^^); ]
I0617 13:42:22.137411 67256320 master_component.cc:1200] RegularizeModelArgs: rwt_target_name=rwt, pwt_source_name=pwt, nwt_source_name=nwt
I0617 13:42:22.137470 67256320 master_component.cc:785] MasterComponent: start regularizing model pwt
I0617 13:42:22.140017 82022400 processor.cc:659] No data in processing queue, waiting...
I0617 13:42:22.146016 80412672 processor.cc:659] No data in processing queue, waiting...
