I0617 13:42:22.149564 80949248 processor.cc:659] No data in processing queue, waiting...
I0617 13:42:22.160882 81485824 processor.cc:659] No data in processing queue, waiting...
I0617 13:42:22.193161 67256320 master_component.cc:808] MasterComponent: complete regularizing model pwt
I0617 13:42:22.193181 67256320 master_component.cc:1211] NormalizeModelArgs: pwt_target_name=pwt, nwt_source_name=nwt, rwt_source_name=rwt
I0617 13:42:22.193188 67256320 master_component.cc:812] MasterComponent: start normalizing model nwt
I0617 13:42:22.226349 67256320 master_component.cc:834] MasterComponent: complete normalizing model nwt
I0617 13:42:22.250349 67256320 master_component.cc:1235] DisposeModel rwt
I0617 13:42:22.262516 67256320 master_component.cc:858] FitOffline: ItemsProcessed, num_items=476, num_batches=5, token_weight=160411, token_weight_in_effect=160411
I0617 13:42:22.291759 2649691072 c_interface.cc:523] Pass GetScoreValueArgs, score_name=^^^ItemsProcessedScore^^^ to MasterComponent::Request
I0617 13:42:22.291790 2649691072 c_interface.cc:205] ArtmCopyRequestedMessage is copying 54 bytes...
I0617 13:42:22.292560 67256320 c_interface.cc:359] Pass FitOfflineMasterModelArgs, batch_filename_size=5, batch_weight_size=5, num_collection_passes=1 to MN4artm4core15MasterComponentEFvRKNS_25FitOfflineMasterModelArgsEE
I0617 13:42:22.292587 67256320 master_component.cc:1162] ProcessBatchesArgs: nwt_target_name=nwt, batch_filename_size=5, batch_size=0, batch_weight_size=5, pwt_source_name=pwt, num_document_passes=1, regularizer=(name:SparsePhi, tau:-100), class=(text:1), reuse_theta=yes, opt_for_avx=yes, predict_class_id=
I0617 13:42:22.326913 82022400 processor.cc:666] Processing queue has data, processing started
I0617 13:42:22.330422 82022400 processor.cc:742] Processor: start processing batch d108d500-bc86-4a27-9de2-279a753d4b67 into model nwt
I0617 13:42:22.332660 80412672 processor.cc:666] Processing queue has data, processing started
I0617 13:42:22.338209 80412672 processor.cc:742] Processor: start processing batch d539e9a8-8038-4f71-886e-f734a02e8458 into model nwt
I0617 13:42:22.340375 80949248 processor.cc:666] Processing queue has data, processing started
I0617 13:42:22.345860 80949248 processor.cc:742] Processor: start processing batch 8c1a13d0-bf1e-4fd0-ba46-4bc70dacdb70 into model nwt
I0617 13:42:22.350390 81485824 processor.cc:666] Processing queue has data, processing started
I0617 13:42:22.355928 81485824 processor.cc:742] Processor: start processing batch 8e82d5e3-4c29-4bc0-80c4-555af7817012 into model nwt
I0617 13:42:22.373571 82022400 processor.cc:830] Processor: complete processing batch d108d500-bc86-4a27-9de2-279a753d4b67 into model nwt
I0617 13:42:22.381750 82022400 cuckoo_watch.h:44] 54ms in ProcessBatch(school_batches/aaaaaa.batch) [including 2ms in LoadMessage; 0ms in InitializeSparseNdw; 14ms in InferThetaAndUpdateNwtSparse; 13ms in CalculateScore(PerplexityScore); 2ms in CalculateScore(SparsityThetaScore); 11ms in CalculateScore(^^^ItemsProcessedScore^^^); ]
I0617 13:42:22.388341 82022400 processor.cc:742] Processor: start processing batch fc7d4b87-4bd0-4617-b0d4-b318d685ec35 into model nwt
I0617 13:42:22.391175 80412672 processor.cc:830] Processor: complete processing batch d539e9a8-8038-4f71-886e-f734a02e8458 into model nwt
I0617 13:42:22.395697 80949248 processor.cc:830] Processor: complete processing batch 8c1a13d0-bf1e-4fd0-ba46-4bc70dacdb70 into model nwt
I0617 13:42:22.398550 80949248 cuckoo_watch.h:44] 58ms in ProcessBatch(school_batches/aaaaac.batch) [including 4ms in LoadMessage; 1ms in InitializeSparseNdw; 22ms in InferThetaAndUpdateNwtSparse; 13ms in CalculateScore(PerplexityScore); 2ms in CalculateScore(SparsityThetaScore); 9ms in CalculateScore(^^^ItemsProcessedScore^^^); ]
I0617 13:42:22.399181 80412672 cuckoo_watch.h:44] 66ms in ProcessBatch(school_batches/aaaaab.batch) [including 4ms in LoadMessage; 1ms in InitializeSparseNdw; 19ms in InferThetaAndUpdateNwtSparse; 14ms in CalculateScore(PerplexityScore); 5ms in CalculateScore(SparsityThetaScore); 13ms in CalculateScore(^^^ItemsProcessedScore^^^); ]
I0617 13:42:22.405535 81485824 processor.cc:830] Processor: complete processing batch 8e82d5e3-4c29-4bc0-80c4-555af7817012 into model nwt
I0617 13:42:22.406882 81485824 cuckoo_watch.h:44] 56ms in ProcessBatch(school_batches/aaaaad.batch) [including 4ms in LoadMessage; 1ms in InitializeSparseNdw; 18ms in InferThetaAndUpdateNwtSparse; 13ms in CalculateScore(PerplexityScore); 2ms in CalculateScore(SparsityThetaScore); 14ms in CalculateScore(^^^ItemsProcessedScore^^^); ]
I0617 13:42:22.418937 82022400 processor.cc:830] Processor: complete processing batch fc7d4b87-4bd0-4617-b0d4-b318d685ec35 into model nwt
I0617 13:42:22.420130 82022400 cuckoo_watch.h:44] 38ms in ProcessBatch(school_batches/aaaaae.batch) [including 5ms in LoadMessage; 1ms in InitializeSparseNdw; 14ms in InferThetaAndUpdateNwtSparse; 7ms in CalculateScore(PerplexityScore); 1ms in CalculateScore(SparsityThetaScore); 5ms in CalculateScore(^^^ItemsProcessedScore^^^); ]
I0617 13:42:22.421048 67256320 master_component.cc:1200] RegularizeModelArgs: rwt_target_name=rwt, pwt_source_name=pwt, nwt_source_name=nwt
I0617 13:42:22.421113 67256320 master_component.cc:785] MasterComponent: start regularizing model pwt
I0617 13:42:22.423559 80949248 processor.cc:659] No data in processing queue, waiting...
I0617 13:42:22.423588 80412672 processor.cc:659] No data in processing queue, waiting...
I0617 13:42:22.431210 81485824 processor.cc:659] No data in processing queue, waiting...
I0617 13:42:22.444545 82022400 processor.cc:659] No data in processing queue, waiting...
I0617 13:42:22.468791 67256320 master_component.cc:808] MasterComponent: complete regularizing model pwt
I0617 13:42:22.468807 67256320 master_component.cc:1211] NormalizeModelArgs: pwt_target_name=pwt, nwt_source_name=nwt, rwt_source_name=rwt
I0617 13:42:22.468814 67256320 master_component.cc:812] MasterComponent: start normalizing model nwt
I0617 13:42:22.500229 67256320 master_component.cc:834] MasterComponent: complete normalizing model nwt
I0617 13:42:22.521914 67256320 master_component.cc:1235] DisposeModel rwt
I0617 13:42:22.530969 67256320 master_component.cc:858] FitOffline: ItemsProcessed, num_items=476, num_batches=5, token_weight=160411, token_weight_in_effect=160411
I0617 13:42:22.576167 2649691072 c_interface.cc:523] Pass GetScoreValueArgs, score_name=^^^ItemsProcessedScore^^^ to MasterComponent::Request
I0617 13:42:22.576200 2649691072 c_interface.cc:205] ArtmCopyRequestedMessage is copying 54 bytes...
I0617 13:42:22.576625 67256320 c_interface.cc:359] Pass FitOfflineMasterModelArgs, batch_filename_size=5, batch_weight_size=5, num_collection_passes=1 to MN4artm4core15MasterComponentEFvRKNS_25FitOfflineMasterModelArgsEE
I0617 13:42:22.576640 67256320 master_component.cc:1162] ProcessBatchesArgs: nwt_target_name=nwt, batch_filename_size=5, batch_size=0, batch_weight_size=5, pwt_source_name=pwt, num_document_passes=1, regularizer=(name:SparsePhi, tau:-100), class=(text:1), reuse_theta=yes, opt_for_avx=yes, predict_class_id=
I0617 13:42:22.606330 80412672 processor.cc:666] Processing queue has data, processing started
I0617 13:42:22.610915 80412672 processor.cc:742] Processor: start processing batch d108d500-bc86-4a27-9de2-279a753d4b67 into model nwt
I0617 13:42:22.613963 81485824 processor.cc:666] Processing queue has data, processing started
I0617 13:42:22.619734 81485824 processor.cc:742] Processor: start processing batch d539e9a8-8038-4f71-886e-f734a02e8458 into model nwt
I0617 13:42:22.621177 80949248 processor.cc:666] Processing queue has data, processing started
I0617 13:42:22.626785 80949248 processor.cc:742] Processor: start processing batch 8c1a13d0-bf1e-4fd0-ba46-4bc70dacdb70 into model nwt
I0617 13:42:22.633982 82022400 processor.cc:666] Processing queue has data, processing started
I0617 13:42:22.640681 82022400 processor.cc:742] Processor: start processing batch 8e82d5e3-4c29-4bc0-80c4-555af7817012 into model nwt
I0617 13:42:22.653033 80412672 processor.cc:830] Processor: complete processing batch d108d500-bc86-4a27-9de2-279a753d4b67 into model nwt
I0617 13:42:22.655887 80412672 cuckoo_watch.h:44] 49ms in ProcessBatch(school_batches/aaaaaa.batch) [including 3ms in LoadMessage; 1ms in InitializeSparseNdw; 13ms in InferThetaAndUpdateNwtSparse; 14ms in CalculateScore(PerplexityScore); 2ms in CalculateScore(SparsityThetaScore); 10ms in CalculateScore(^^^ItemsProcessedScore^^^); ]
I0617 13:42:22.661144 80412672 processor.cc:742] Processor: start processing batch fc7d4b87-4bd0-4617-b0d4-b318d685ec35 into model nwt
I0617 13:42:22.665000 81485824 processor.cc:830] Processor: complete processing batch d539e9a8-8038-4f71-886e-f734a02e8458 into model nwt
I0617 13:42:22.669450 81485824 cuckoo_watch.h:44] 55ms in ProcessBatch(school_batches/aaaaab.batch) [including 4ms in LoadMessage; 0ms in InitializeSparseNdw; 17ms in InferThetaAndUpdateNwtSparse; 14ms in CalculateScore(PerplexityScore); 1ms in CalculateScore(SparsityThetaScore); 9ms in CalculateScore(^^^ItemsProcessedScore^^^); ]
I0617 13:42:22.674141 80949248 processor.cc:830] Processor: complete processing batch 8c1a13d0-bf1e-4fd0-ba46-4bc70dacdb70 into model nwt
I0617 13:42:22.676327 80949248 cuckoo_watch.h:44] 55ms in ProcessBatch(school_batches/aaaaac.batch) [including 4ms in LoadMessage; 1ms in InitializeSparseNdw; 17ms in InferThetaAndUpdateNwtSparse; 15ms in CalculateScore(PerplexityScore); 2ms in CalculateScore(SparsityThetaScore); 10ms in CalculateScore(^^^ItemsProcessedScore^^^); ]
I0617 13:42:22.684290 82022400 processor.cc:830] Processor: complete processing batch 8e82d5e3-4c29-4bc0-80c4-555af7817012 into model nwt
I0617 13:42:22.685612 82022400 cuckoo_watch.h:44] 51ms in ProcessBatch(school_batches/aaaaad.batch) [including 5ms in LoadMessage; 1ms in InitializeSparseNdw; 20ms in InferThetaAndUpdateNwtSparse; 13ms in CalculateScore(PerplexityScore); 1ms in CalculateScore(SparsityThetaScore); 6ms in CalculateScore(^^^ItemsProcessedScore^^^); ]
I0617 13:42:22.692821 80412672 processor.cc:830] Processor: complete processing batch fc7d4b87-4bd0-4617-b0d4-b318d685ec35 into model nwt
I0617 13:42:22.693588 81485824 processor.cc:659] No data in processing queue, waiting...
I0617 13:42:22.694074 80412672 cuckoo_watch.h:44] 38ms in ProcessBatch(school_batches/aaaaae.batch) [including 4ms in LoadMessage; 1ms in InitializeSparseNdw; 15ms in InferThetaAndUpdateNwtSparse; 7ms in CalculateScore(PerplexityScore); 1ms in CalculateScore(SparsityThetaScore); 5ms in CalculateScore(^^^ItemsProcessedScore^^^); ]
I0617 13:42:22.694667 67256320 master_component.cc:1200] RegularizeModelArgs: rwt_target_name=rwt, pwt_source_name=pwt, nwt_source_name=nwt
I0617 13:42:22.694692 67256320 master_component.cc:785] MasterComponent: start regularizing model pwt
I0617 13:42:22.700464 80949248 processor.cc:659] No data in processing queue, waiting...
I0617 13:42:22.709383 82022400 processor.cc:659] No data in processing queue, waiting...
I0617 13:42:22.718112 80412672 processor.cc:659] No data in processing queue, waiting...
I0617 13:42:22.744689 67256320 master_component.cc:808] MasterComponent: complete regularizing model pwt
I0617 13:42:22.744735 67256320 master_component.cc:1211] NormalizeModelArgs: pwt_target_name=pwt, nwt_source_name=nwt, rwt_source_name=rwt
I0617 13:42:22.744743 67256320 master_component.cc:812] MasterComponent: start normalizing model nwt
I0617 13:42:22.778445 67256320 master_component.cc:834] MasterComponent: complete normalizing model nwt
I0617 13:42:22.799196 67256320 master_component.cc:1235] DisposeModel rwt
I0617 13:42:22.808300 67256320 master_component.cc:858] FitOffline: ItemsProcessed, num_items=476, num_batches=5, token_weight=160411, token_weight_in_effect=160411
I0617 13:42:22.852833 2649691072 c_interface.cc:523] Pass GetScoreValueArgs, score_name=^^^ItemsProcessedScore^^^ to MasterComponent::Request
I0617 13:42:22.852865 2649691072 c_interface.cc:205] ArtmCopyRequestedMessage is copying 54 bytes...
I0617 13:42:22.853310 67256320 c_interface.cc:359] Pass FitOfflineMasterModelArgs, batch_filename_size=5, batch_weight_size=5, num_collection_passes=1 to MN4artm4core15MasterComponentEFvRKNS_25FitOfflineMasterModelArgsEE
I0617 13:42:22.853337 67256320 master_component.cc:1162] ProcessBatchesArgs: nwt_target_name=nwt, batch_filename_size=5, batch_size=0, batch_weight_size=5, pwt_source_name=pwt, num_document_passes=1, regularizer=(name:SparsePhi, tau:-100), class=(text:1), reuse_theta=yes, opt_for_avx=yes, predict_class_id=
I0617 13:42:22.884239 80412672 processor.cc:666] Processing queue has data, processing started
I0617 13:42:22.889364 80412672 processor.cc:742] Processor: start processing batch d108d500-bc86-4a27-9de2-279a753d4b67 into model nwt
I0617 13:42:22.895443 82022400 processor.cc:666] Processing queue has data, processing started
I0617 13:42:22.898084 81485824 processor.cc:666] Processing queue has data, processing started
I0617 13:42:22.901178 82022400 processor.cc:742] Processor: start processing batch d539e9a8-8038-4f71-886e-f734a02e8458 into model nwt
I0617 13:42:22.903496 81485824 processor.cc:742] Processor: start processing batch 8c1a13d0-bf1e-4fd0-ba46-4bc70dacdb70 into model nwt
I0617 13:42:22.904403 80949248 processor.cc:666] Processing queue has data, processing started
I0617 13:42:22.910203 80949248 processor.cc:742] Processor: start processing batch 8e82d5e3-4c29-4bc0-80c4-555af7817012 into model nwt
I0617 13:42:22.932899 80412672 processor.cc:830] Processor: complete processing batch d108d500-bc86-4a27-9de2-279a753d4b67 into model nwt
I0617 13:42:22.935879 80412672 cuckoo_watch.h:44] 51ms in ProcessBatch(school_batches/aaaaaa.batch) [including 4ms in LoadMessage; 0ms in InitializeSparseNdw; 13ms in InferThetaAndUpdateNwtSparse; 15ms in CalculateScore(PerplexityScore); 2ms in CalculateScore(SparsityThetaScore); 10ms in CalculateScore(^^^ItemsProcessedScore^^^); ]
I0617 13:42:22.941299 80412672 processor.cc:742] Processor: start processing batch fc7d4b87-4bd0-4617-b0d4-b318d685ec35 into model nwt
I0617 13:42:22.950393 82022400 processor.cc:830] Processor: complete processing batch d539e9a8-8038-4f71-886e-f734a02e8458 into model nwt
I0617 13:42:22.956593 82022400 cuckoo_watch.h:44] 61ms in ProcessBatch(school_batches/aaaaab.batch) [including 4ms in LoadMessage; 1ms in InitializeSparseNdw; 21ms in InferThetaAndUpdateNwtSparse; 14ms in CalculateScore(PerplexityScore); 1ms in CalculateScore(SparsityThetaScore); 10ms in CalculateScore(^^^ItemsProcessedScore^^^); ]
I0617 13:42:22.956620 80949248 processor.cc:830] Processor: complete processing batch 8e82d5e3-4c29-4bc0-80c4-555af7817012 into model nwt
I0617 13:42:22.958791 80949248 cuckoo_watch.h:44] 54ms in ProcessBatch(school_batches/aaaaad.batch) [including 4ms in LoadMessage; 1ms in InitializeSparseNdw; 18ms in InferThetaAndUpdateNwtSparse; 13ms in CalculateScore(PerplexityScore); 2ms in CalculateScore(SparsityThetaScore); 9ms in CalculateScore(^^^ItemsProcessedScore^^^); ]
I0617 13:42:22.959010 81485824 processor.cc:830] Processor: complete processing batch 8c1a13d0-bf1e-4fd0-ba46-4bc70dacdb70 into model nwt
I0617 13:42:22.960980 81485824 cuckoo_watch.h:44] 62ms in ProcessBatch(school_batches/aaaaac.batch) [including 4ms in LoadMessage; 1ms in InitializeSparseNdw; 24ms in InferThetaAndUpdateNwtSparse; 13ms in CalculateScore(PerplexityScore); 2ms in CalculateScore(SparsityThetaScore); 13ms in CalculateScore(^^^ItemsProcessedScore^^^); ]
I0617 13:42:22.977285 80412672 processor.cc:830] Processor: complete processing batch fc7d4b87-4bd0-4617-b0d4-b318d685ec35 into model nwt
I0617 13:42:22.978751 80412672 cuckoo_watch.h:44] 42ms in ProcessBatch(school_batches/aaaaae.batch) [including 4ms in LoadMessage; 1ms in InitializeSparseNdw; 19ms in InferThetaAndUpdateNwtSparse; 8ms in CalculateScore(PerplexityScore); 1ms in CalculateScore(SparsityThetaScore); 6ms in CalculateScore(^^^ItemsProcessedScore^^^); ]
I0617 13:42:22.978993 67256320 master_component.cc:1200] RegularizeModelArgs: rwt_target_name=rwt, pwt_source_name=pwt, nwt_source_name=nwt
I0617 13:42:22.979060 67256320 master_component.cc:785] MasterComponent: start regularizing model pwt
I0617 13:42:22.980046 82022400 processor.cc:659] No data in processing queue, waiting...
I0617 13:42:22.982609 80949248 processor.cc:659] No data in processing queue, waiting...
I0617 13:42:22.985133 81485824 processor.cc:659] No data in processing queue, waiting...
I0617 13:42:23.002487 80412672 processor.cc:659] No data in processing queue, waiting...
I0617 13:42:23.033210 67256320 master_component.cc:808] MasterComponent: complete regularizing model pwt
I0617 13:42:23.033228 67256320 master_component.cc:1211] NormalizeModelArgs: pwt_target_name=pwt, nwt_source_name=nwt, rwt_source_name=rwt
I0617 13:42:23.033236 67256320 master_component.cc:812] MasterComponent: start normalizing model nwt
I0617 13:42:23.066303 67256320 master_component.cc:834] MasterComponent: complete normalizing model nwt
I0617 13:42:23.088320 67256320 master_component.cc:1235] DisposeModel rwt
I0617 13:42:23.096199 67256320 master_component.cc:858] FitOffline: ItemsProcessed, num_items=476, num_batches=5, token_weight=160411, token_weight_in_effect=160411
I0617 13:42:23.135844 2649691072 c_interface.cc:523] Pass GetScoreValueArgs, score_name=^^^ItemsProcessedScore^^^ to MasterComponent::Request
I0617 13:42:23.135874 2649691072 c_interface.cc:205] ArtmCopyRequestedMessage is copying 54 bytes...
I0617 13:42:23.136319 67256320 c_interface.cc:359] Pass FitOfflineMasterModelArgs, batch_filename_size=5, batch_weight_size=5, num_collection_passes=1 to MN4artm4core15MasterComponentEFvRKNS_25FitOfflineMasterModelArgsEE
I0617 13:42:23.136334 67256320 master_component.cc:1162] ProcessBatchesArgs: nwt_target_name=nwt, batch_filename_size=5, batch_size=0, batch_weight_size=5, pwt_source_name=pwt, num_document_passes=1, regularizer=(name:SparsePhi, tau:-100), class=(text:1), reuse_theta=yes, opt_for_avx=yes, predict_class_id=
I0617 13:42:23.166059 80412672 processor.cc:666] Processing queue has data, processing started
I0617 13:42:23.169648 80412672 processor.cc:742] Processor: start processing batch d108d500-bc86-4a27-9de2-279a753d4b67 into model nwt
I0617 13:42:23.171025 81485824 processor.cc:666] Processing queue has data, processing started
I0617 13:42:23.176537 81485824 processor.cc:742] Processor: start processing batch d539e9a8-8038-4f71-886e-f734a02e8458 into model nwt
I0617 13:42:23.180649 82022400 processor.cc:666] Processing queue has data, processing started
I0617 13:42:23.186080 82022400 processor.cc:742] Processor: start processing batch 8c1a13d0-bf1e-4fd0-ba46-4bc70dacdb70 into model nwt
I0617 13:42:23.189594 80949248 processor.cc:666] Processing queue has data, processing started
I0617 13:42:23.197666 80949248 processor.cc:742] Processor: start processing batch 8e82d5e3-4c29-4bc0-80c4-555af7817012 into model nwt
I0617 13:42:23.229174 80412672 processor.cc:830] Processor: complete processing batch d108d500-bc86-4a27-9de2-279a753d4b67 into model nwt
I0617 13:42:23.231669 81485824 processor.cc:830] Processor: complete processing batch d539e9a8-8038-4f71-886e-f734a02e8458 into model nwt
I0617 13:42:23.233834 80412672 cuckoo_watch.h:44] 67ms in ProcessBatch(school_batches/aaaaaa.batch) [including 2ms in LoadMessage; 0ms in InitializeSparseNdw; 15ms in InferThetaAndUpdateNwtSparse; 27ms in CalculateScore(PerplexityScore); 4ms in CalculateScore(SparsityThetaScore); 11ms in CalculateScore(^^^ItemsProcessedScore^^^); ]
I0617 13:42:23.235887 81485824 cuckoo_watch.h:44] 64ms in ProcessBatch(school_batches/aaaaab.batch) [including 4ms in LoadMessage; 0ms in InitializeSparseNdw; 20ms in InferThetaAndUpdateNwtSparse; 16ms in CalculateScore(PerplexityScore); 4ms in CalculateScore(SparsityThetaScore); 12ms in CalculateScore(^^^ItemsProcessedScore^^^); ]
I0617 13:42:23.240797 82022400 processor.cc:830] Processor: complete processing batch 8c1a13d0-bf1e-4fd0-ba46-4bc70dacdb70 into model nwt
I0617 13:42:23.241137 80412672 processor.cc:742] Processor: start processing batch fc7d4b87-4bd0-4617-b0d4-b318d685ec35 into model nwt
I0617 13:42:23.243746 82022400 cuckoo_watch.h:44] 63ms in ProcessBatch(school_batches/aaaaac.batch) [including 4ms in LoadMessage; 1ms in InitializeSparseNdw; 22ms in InferThetaAndUpdateNwtSparse; 18ms in CalculateScore(PerplexityScore); 1ms in CalculateScore(SparsityThetaScore); 9ms in CalculateScore(^^^ItemsProcessedScore^^^); ]
I0617 13:42:23.244642 80949248 processor.cc:830] Processor: complete processing batch 8e82d5e3-4c29-4bc0-80c4-555af7817012 into model nwt
I0617 13:42:23.247057 80949248 cuckoo_watch.h:44] 57ms in ProcessBatch(school_batches/aaaaad.batch) [including 5ms in LoadMessage; 1ms in InitializeSparseNdw; 21ms in InferThetaAndUpdateNwtSparse; 14ms in CalculateScore(PerplexityScore); 1ms in CalculateScore(SparsityThetaScore); 7ms in CalculateScore(^^^ItemsProcessedScore^^^); ]
I0617 13:42:23.261080 81485824 processor.cc:659] No data in processing queue, waiting...
I0617 13:42:23.268363 82022400 processor.cc:659] No data in processing queue, waiting...
I0617 13:42:23.270860 80949248 processor.cc:659] No data in processing queue, waiting...
I0617 13:42:23.318266 80412672 processor.cc:830] Processor: complete processing batch fc7d4b87-4bd0-4617-b0d4-b318d685ec35 into model nwt
I0617 13:42:23.319813 80412672 cuckoo_watch.h:44] 85ms in ProcessBatch(school_batches/aaaaae.batch) [including 6ms in LoadMessage; 1ms in InitializeSparseNdw; 12ms in InferThetaAndUpdateNwtSparse; 11ms in CalculateScore(PerplexityScore); 2ms in CalculateScore(SparsityThetaScore); 49ms in CalculateScore(^^^ItemsProcessedScore^^^); ]
I0617 13:42:23.320144 67256320 master_component.cc:1200] RegularizeModelArgs: rwt_target_name=rwt, pwt_source_name=pwt, nwt_source_name=nwt
I0617 13:42:23.320168 67256320 master_component.cc:785] MasterComponent: start regularizing model pwt
I0617 13:42:23.351459 80412672 processor.cc:659] No data in processing queue, waiting...
I0617 13:42:23.406457 67256320 master_component.cc:808] MasterComponent: complete regularizing model pwt
I0617 13:42:23.406491 67256320 master_component.cc:1211] NormalizeModelArgs: pwt_target_name=pwt, nwt_source_name=nwt, rwt_source_name=rwt
I0617 13:42:23.406504 67256320 master_component.cc:812] MasterComponent: start normalizing model nwt
I0617 13:42:23.450985 67256320 master_component.cc:834] MasterComponent: complete normalizing model nwt
I0617 13:42:23.472651 67256320 master_component.cc:1235] DisposeModel rwt
I0617 13:42:23.482221 67256320 master_component.cc:858] FitOffline: ItemsProcessed, num_items=476, num_batches=5, token_weight=160411, token_weight_in_effect=160411
I0617 13:42:23.523622 2649691072 c_interface.cc:523] Pass GetScoreValueArgs, score_name=^^^ItemsProcessedScore^^^ to MasterComponent::Request
I0617 13:42:23.523655 2649691072 c_interface.cc:205] ArtmCopyRequestedMessage is copying 54 bytes...
I0617 13:42:23.524170 67256320 c_interface.cc:359] Pass FitOfflineMasterModelArgs, batch_filename_size=5, batch_weight_size=5, num_collection_passes=1 to MN4artm4core15MasterComponentEFvRKNS_25FitOfflineMasterModelArgsEE
I0617 13:42:23.524188 67256320 master_component.cc:1162] ProcessBatchesArgs: nwt_target_name=nwt, batch_filename_size=5, batch_size=0, batch_weight_size=5, pwt_source_name=pwt, num_document_passes=1, regularizer=(name:SparsePhi, tau:-100), class=(text:1), reuse_theta=yes, opt_for_avx=yes, predict_class_id=
I0617 13:42:23.557291 81485824 processor.cc:666] Processing queue has data, processing started
I0617 13:42:23.561395 81485824 processor.cc:742] Processor: start processing batch d108d500-bc86-4a27-9de2-279a753d4b67 into model nwt
I0617 13:42:23.563967 82022400 processor.cc:666] Processing queue has data, processing started
I0617 13:42:23.567575 82022400 processor.cc:742] Processor: start processing batch d539e9a8-8038-4f71-886e-f734a02e8458 into model nwt
I0617 13:42:23.575611 80949248 processor.cc:666] Processing queue has data, processing started
I0617 13:42:23.581159 80949248 processor.cc:742] Processor: start processing batch 8c1a13d0-bf1e-4fd0-ba46-4bc70dacdb70 into model nwt
I0617 13:42:23.590412 80412672 processor.cc:666] Processing queue has data, processing started
I0617 13:42:23.598742 80412672 processor.cc:742] Processor: start processing batch 8e82d5e3-4c29-4bc0-80c4-555af7817012 into model nwt
I0617 13:42:23.616075 81485824 processor.cc:830] Processor: complete processing batch d108d500-bc86-4a27-9de2-279a753d4b67 into model nwt
I0617 13:42:23.625063 82022400 processor.cc:830] Processor: complete processing batch d539e9a8-8038-4f71-886e-f734a02e8458 into model nwt
I0617 13:42:23.627301 81485824 cuckoo_watch.h:44] 69ms in ProcessBatch(school_batches/aaaaaa.batch) [including 3ms in LoadMessage; 1ms in InitializeSparseNdw; 18ms in InferThetaAndUpdateNwtSparse; 20ms in CalculateScore(PerplexityScore); 2ms in CalculateScore(SparsityThetaScore); 11ms in CalculateScore(^^^ItemsProcessedScore^^^); ]
I0617 13:42:23.627748 82022400 cuckoo_watch.h:44] 63ms in ProcessBatch(school_batches/aaaaab.batch) [including 2ms in LoadMessage; 0ms in InitializeSparseNdw; 18ms in InferThetaAndUpdateNwtSparse; 25ms in CalculateScore(PerplexityScore); 2ms in CalculateScore(SparsityThetaScore); 10ms in CalculateScore(^^^ItemsProcessedScore^^^); ]
I0617 13:42:23.631106 81485824 processor.cc:742] Processor: start processing batch fc7d4b87-4bd0-4617-b0d4-b318d685ec35 into model nwt
I0617 13:42:23.632376 80949248 processor.cc:830] Processor: complete processing batch 8c1a13d0-bf1e-4fd0-ba46-4bc70dacdb70 into model nwt
I0617 13:42:23.635092 80949248 cuckoo_watch.h:44] 59ms in ProcessBatch(school_batches/aaaaac.batch) [including 4ms in LoadMessage; 1ms in InitializeSparseNdw; 24ms in InferThetaAndUpdateNwtSparse; 13ms in CalculateScore(PerplexityScore); 1ms in CalculateScore(SparsityThetaScore); 9ms in CalculateScore(^^^ItemsProcessedScore^^^); ]
I0617 13:42:23.648813 80412672 processor.cc:830] Processor: complete processing batch 8e82d5e3-4c29-4bc0-80c4-555af7817012 into model nwt
I0617 13:42:23.650286 80412672 cuckoo_watch.h:44] 59ms in ProcessBatch(school_batches/aaaaad.batch) [including 7ms in LoadMessage; 1ms in InitializeSparseNdw; 28ms in InferThetaAndUpdateNwtSparse; 11ms in CalculateScore(PerplexityScore); 1ms in CalculateScore(SparsityThetaScore); 7ms in CalculateScore(^^^ItemsProcessedScore^^^); ]
I0617 13:42:23.652858 82022400 processor.cc:659] No data in processing queue, waiting...
I0617 13:42:23.659121 80949248 processor.cc:659] No data in processing queue, waiting...
I0617 13:42:23.660007 81485824 processor.cc:830] Processor: complete processing batch fc7d4b87-4bd0-4617-b0d4-b318d685ec35 into model nwt
I0617 13:42:23.661376 81485824 cuckoo_watch.h:44] 34ms in ProcessBatch(school_batches/aaaaae.batch) [including 2ms in LoadMessage; 1ms in InitializeSparseNdw; 12ms in InferThetaAndUpdateNwtSparse; 8ms in CalculateScore(PerplexityScore); 1ms in CalculateScore(SparsityThetaScore); 6ms in CalculateScore(^^^ItemsProcessedScore^^^); ]
I0617 13:42:23.661795 67256320 master_component.cc:1200] RegularizeModelArgs: rwt_target_name=rwt, pwt_source_name=pwt, nwt_source_name=nwt
I0617 13:42:23.661829 67256320 master_component.cc:785] MasterComponent: start regularizing model pwt
I0617 13:42:23.674535 80412672 processor.cc:659] No data in processing queue, waiting...
I0617 13:42:23.685603 81485824 processor.cc:659] No data in processing queue, waiting...
I0617 13:42:23.712666 67256320 master_component.cc:808] MasterComponent: complete regularizing model pwt
I0617 13:42:23.712697 67256320 master_component.cc:1211] NormalizeModelArgs: pwt_target_name=pwt, nwt_source_name=nwt, rwt_source_name=rwt
I0617 13:42:23.712705 67256320 master_component.cc:812] MasterComponent: start normalizing model nwt
I0617 13:42:23.744913 67256320 master_component.cc:834] MasterComponent: complete normalizing model nwt
I0617 13:42:23.764823 67256320 master_component.cc:1235] DisposeModel rwt
I0617 13:42:23.772866 67256320 master_component.cc:858] FitOffline: ItemsProcessed, num_items=476, num_batches=5, token_weight=160411, token_weight_in_effect=160411
I0617 13:42:23.803359 2649691072 c_interface.cc:523] Pass GetScoreValueArgs, score_name=^^^ItemsProcessedScore^^^ to MasterComponent::Request
I0617 13:42:23.803393 2649691072 c_interface.cc:205] ArtmCopyRequestedMessage is copying 54 bytes...
I0617 13:42:23.803900 67256320 c_interface.cc:359] Pass FitOfflineMasterModelArgs, batch_filename_size=5, batch_weight_size=5, num_collection_passes=1 to MN4artm4core15MasterComponentEFvRKNS_25FitOfflineMasterModelArgsEE
I0617 13:42:23.803918 67256320 master_component.cc:1162] ProcessBatchesArgs: nwt_target_name=nwt, batch_filename_size=5, batch_size=0, batch_weight_size=5, pwt_source_name=pwt, num_document_passes=1, regularizer=(name:SparsePhi, tau:-100), class=(text:1), reuse_theta=yes, opt_for_avx=yes, predict_class_id=
I0617 13:42:23.835018 80949248 processor.cc:666] Processing queue has data, processing started
I0617 13:42:23.838591 80949248 processor.cc:742] Processor: start processing batch d108d500-bc86-4a27-9de2-279a753d4b67 into model nwt
I0617 13:42:23.843699 82022400 processor.cc:666] Processing queue has data, processing started
I0617 13:42:23.845019 80412672 processor.cc:666] Processing queue has data, processing started
I0617 13:42:23.847710 82022400 processor.cc:742] Processor: start processing batch d539e9a8-8038-4f71-886e-f734a02e8458 into model nwt
I0617 13:42:23.850594 80412672 processor.cc:742] Processor: start processing batch 8c1a13d0-bf1e-4fd0-ba46-4bc70dacdb70 into model nwt
I0617 13:42:23.853688 81485824 processor.cc:666] Processing queue has data, processing started
I0617 13:42:23.859333 81485824 processor.cc:742] Processor: start processing batch 8e82d5e3-4c29-4bc0-80c4-555af7817012 into model nwt
I0617 13:42:23.891041 80949248 processor.cc:830] Processor: complete processing batch d108d500-bc86-4a27-9de2-279a753d4b67 into model nwt
I0617 13:42:23.897483 80949248 cuckoo_watch.h:44] 62ms in ProcessBatch(school_batches/aaaaaa.batch) [including 2ms in LoadMessage; 0ms in InitializeSparseNdw; 24ms in InferThetaAndUpdateNwtSparse; 14ms in CalculateScore(PerplexityScore); 2ms in CalculateScore(SparsityThetaScore); 10ms in CalculateScore(^^^ItemsProcessedScore^^^); ]
I0617 13:42:23.898973 82022400 processor.cc:830] Processor: complete processing batch d539e9a8-8038-4f71-886e-f734a02e8458 into model nwt
I0617 13:42:23.902132 80412672 processor.cc:830] Processor: complete processing batch 8c1a13d0-bf1e-4fd0-ba46-4bc70dacdb70 into model nwt
I0617 13:42:23.902568 80949248 processor.cc:742] Processor: start processing batch fc7d4b87-4bd0-4617-b0d4-b318d685ec35 into model nwt
I0617 13:42:23.905163 80412672 cuckoo_watch.h:44] 60ms in ProcessBatch(school_batches/aaaaac.batch) [including 4ms in LoadMessage; 1ms in InitializeSparseNdw; 24ms in InferThetaAndUpdateNwtSparse; 13ms in CalculateScore(PerplexityScore); 2ms in CalculateScore(SparsityThetaScore); 9ms in CalculateScore(^^^ItemsProcessedScore^^^); ]
I0617 13:42:23.905524 82022400 cuckoo_watch.h:44] 61ms in ProcessBatch(school_batches/aaaaab.batch) [including 3ms in LoadMessage; 0ms in InitializeSparseNdw; 19ms in InferThetaAndUpdateNwtSparse; 14ms in CalculateScore(PerplexityScore); 2ms in CalculateScore(SparsityThetaScore); 14ms in CalculateScore(^^^ItemsProcessedScore^^^); ]
I0617 13:42:23.909266 81485824 processor.cc:830] Processor: complete processing batch 8e82d5e3-4c29-4bc0-80c4-555af7817012 into model nwt
I0617 13:42:23.910699 81485824 cuckoo_watch.h:44] 56ms in ProcessBatch(school_batches/aaaaad.batch) [including 4ms in LoadMessage; 1ms in InitializeSparseNdw; 18ms in InferThetaAndUpdateNwtSparse; 14ms in CalculateScore(PerplexityScore); 1ms in CalculateScore(SparsityThetaScore); 13ms in CalculateScore(^^^ItemsProcessedScore^^^); ]
I0617 13:42:23.929365 80412672 processor.cc:659] No data in processing queue, waiting...
I0617 13:42:23.929869 80949248 processor.cc:830] Processor: complete processing batch fc7d4b87-4bd0-4617-b0d4-b318d685ec35 into model nwt
I0617 13:42:23.930640 82022400 processor.cc:659] No data in processing queue, waiting...
I0617 13:42:23.931098 80949248 cuckoo_watch.h:44] 33ms in ProcessBatch(school_batches/aaaaae.batch) [including 4ms in LoadMessage; 1ms in InitializeSparseNdw; 11ms in InferThetaAndUpdateNwtSparse; 7ms in CalculateScore(PerplexityScore); 1ms in CalculateScore(SparsityThetaScore); 5ms in CalculateScore(^^^ItemsProcessedScore^^^); ]
I0617 13:42:23.932018 67256320 master_component.cc:1200] RegularizeModelArgs: rwt_target_name=rwt, pwt_source_name=pwt, nwt_source_name=nwt
I0617 13:42:23.932086 67256320 master_component.cc:785] MasterComponent: start regularizing model pwt
I0617 13:42:23.934902 81485824 processor.cc:659] No data in processing queue, waiting...
I0617 13:42:23.955325 80949248 processor.cc:659] No data in processing queue, waiting...
I0617 13:42:23.980414 67256320 master_component.cc:808] MasterComponent: complete regularizing model pwt
I0617 13:42:23.980435 67256320 master_component.cc:1211] NormalizeModelArgs: pwt_target_name=pwt, nwt_source_name=nwt, rwt_source_name=rwt
I0617 13:42:23.980443 67256320 master_component.cc:812] MasterComponent: start normalizing model nwt
I0617 13:42:24.029055 67256320 master_component.cc:834] MasterComponent: complete normalizing model nwt
I0617 13:42:24.057726 67256320 master_component.cc:1235] DisposeModel rwt
I0617 13:42:24.069061 67256320 master_component.cc:858] FitOffline: ItemsProcessed, num_items=476, num_batches=5, token_weight=160411, token_weight_in_effect=160411
I0617 13:42:24.091682 2649691072 c_interface.cc:523] Pass GetScoreValueArgs, score_name=^^^ItemsProcessedScore^^^ to MasterComponent::Request
I0617 13:42:24.091717 2649691072 c_interface.cc:205] ArtmCopyRequestedMessage is copying 54 bytes...
I0617 13:42:24.092294 67256320 c_interface.cc:359] Pass FitOfflineMasterModelArgs, batch_filename_size=5, batch_weight_size=5, num_collection_passes=1 to MN4artm4core15MasterComponentEFvRKNS_25FitOfflineMasterModelArgsEE
I0617 13:42:24.092314 67256320 master_component.cc:1162] ProcessBatchesArgs: nwt_target_name=nwt, batch_filename_size=5, batch_size=0, batch_weight_size=5, pwt_source_name=pwt, num_document_passes=1, regularizer=(name:SparsePhi, tau:-100), class=(text:1), reuse_theta=yes, opt_for_avx=yes, predict_class_id=
I0617 13:42:24.131517 82022400 processor.cc:666] Processing queue has data, processing started
I0617 13:42:24.135365 82022400 processor.cc:742] Processor: start processing batch d108d500-bc86-4a27-9de2-279a753d4b67 into model nwt
I0617 13:42:24.137318 81485824 processor.cc:666] Processing queue has data, processing started
I0617 13:42:24.142921 81485824 processor.cc:742] Processor: start processing batch d539e9a8-8038-4f71-886e-f734a02e8458 into model nwt
I0617 13:42:24.147330 80412672 processor.cc:666] Processing queue has data, processing started
I0617 13:42:24.152858 80412672 processor.cc:742] Processor: start processing batch 8c1a13d0-bf1e-4fd0-ba46-4bc70dacdb70 into model nwt
I0617 13:42:24.157402 80949248 processor.cc:666] Processing queue has data, processing started
I0617 13:42:24.162974 80949248 processor.cc:742] Processor: start processing batch 8e82d5e3-4c29-4bc0-80c4-555af7817012 into model nwt
I0617 13:42:24.178455 82022400 processor.cc:830] Processor: complete processing batch d108d500-bc86-4a27-9de2-279a753d4b67 into model nwt
I0617 13:42:24.181241 82022400 cuckoo_watch.h:44] 49ms in ProcessBatch(school_batches/aaaaaa.batch) [including 3ms in LoadMessage; 0ms in InitializeSparseNdw; 13ms in InferThetaAndUpdateNwtSparse; 13ms in CalculateScore(PerplexityScore); 2ms in CalculateScore(SparsityThetaScore); 12ms in CalculateScore(^^^ItemsProcessedScore^^^); ]
I0617 13:42:24.186914 82022400 processor.cc:742] Processor: start processing batch fc7d4b87-4bd0-4617-b0d4-b318d685ec35 into model nwt
I0617 13:42:24.196768 81485824 processor.cc:830] Processor: complete processing batch d539e9a8-8038-4f71-886e-f734a02e8458 into model nwt
I0617 13:42:24.199935 81485824 cuckoo_watch.h:44] 62ms in ProcessBatch(school_batches/aaaaab.batch) [including 4ms in LoadMessage; 1ms in InitializeSparseNdw; 25ms in InferThetaAndUpdateNwtSparse; 13ms in CalculateScore(PerplexityScore); 2ms in CalculateScore(SparsityThetaScore); 10ms in CalculateScore(^^^ItemsProcessedScore^^^); ]
I0617 13:42:24.201023 80412672 processor.cc:830] Processor: complete processing batch 8c1a13d0-bf1e-4fd0-ba46-4bc70dacdb70 into model nwt
I0617 13:42:24.208837 80949248 processor.cc:830] Processor: complete processing batch 8e82d5e3-4c29-4bc0-80c4-555af7817012 into model nwt
I0617 13:42:24.211066 80412672 cuckoo_watch.h:44] 63ms in ProcessBatch(school_batches/aaaaac.batch) [including 4ms in LoadMessage; 1ms in InitializeSparseNdw; 19ms in InferThetaAndUpdateNwtSparse; 15ms in CalculateScore(PerplexityScore); 1ms in CalculateScore(SparsityThetaScore); 9ms in CalculateScore(^^^ItemsProcessedScore^^^); ]
I0617 13:42:24.211493 80949248 cuckoo_watch.h:44] 54ms in ProcessBatch(school_batches/aaaaad.batch) [including 4ms in LoadMessage; 1ms in InitializeSparseNdw; 18ms in InferThetaAndUpdateNwtSparse; 13ms in CalculateScore(PerplexityScore); 2ms in CalculateScore(SparsityThetaScore); 9ms in CalculateScore(^^^ItemsProcessedScore^^^); ]
I0617 13:42:24.222544 82022400 processor.cc:830] Processor: complete processing batch fc7d4b87-4bd0-4617-b0d4-b318d685ec35 into model nwt
I0617 13:42:24.224249 82022400 cuckoo_watch.h:44] 42ms in ProcessBatch(school_batches/aaaaae.batch) [including 4ms in LoadMessage; 1ms in InitializeSparseNdw; 16ms in InferThetaAndUpdateNwtSparse; 9ms in CalculateScore(PerplexityScore); 1ms in CalculateScore(SparsityThetaScore); 6ms in CalculateScore(^^^ItemsProcessedScore^^^); ]
I0617 13:42:24.224920 67256320 master_component.cc:1200] RegularizeModelArgs: rwt_target_name=rwt, pwt_source_name=pwt, nwt_source_name=nwt
I0617 13:42:24.224939 67256320 master_component.cc:785] MasterComponent: start regularizing model pwt
I0617 13:42:24.228457 81485824 processor.cc:659] No data in processing queue, waiting...
I0617 13:42:24.234843 80949248 processor.cc:659] No data in processing queue, waiting...
I0617 13:42:24.234836 80412672 processor.cc:659] No data in processing queue, waiting...
I0617 13:42:24.248363 82022400 processor.cc:659] No data in processing queue, waiting...
I0617 13:42:24.274479 67256320 master_component.cc:808] MasterComponent: complete regularizing model pwt
I0617 13:42:24.274497 67256320 master_component.cc:1211] NormalizeModelArgs: pwt_target_name=pwt, nwt_source_name=nwt, rwt_source_name=rwt
I0617 13:42:24.274503 67256320 master_component.cc:812] MasterComponent: start normalizing model nwt
I0617 13:42:24.307852 67256320 master_component.cc:834] MasterComponent: complete normalizing model nwt
I0617 13:42:24.328704 67256320 master_component.cc:1235] DisposeModel rwt
I0617 13:42:24.336822 67256320 master_component.cc:858] FitOffline: ItemsProcessed, num_items=476, num_batches=5, token_weight=160411, token_weight_in_effect=160411
I0617 13:42:24.368131 2649691072 c_interface.cc:523] Pass GetScoreValueArgs, score_name=^^^ItemsProcessedScore^^^ to MasterComponent::Request
I0617 13:42:24.368162 2649691072 c_interface.cc:205] ArtmCopyRequestedMessage is copying 54 bytes...
I0617 13:42:24.368584 67256320 c_interface.cc:359] Pass FitOfflineMasterModelArgs, batch_filename_size=5, batch_weight_size=5, num_collection_passes=1 to MN4artm4core15MasterComponentEFvRKNS_25FitOfflineMasterModelArgsEE
I0617 13:42:24.368599 67256320 master_component.cc:1162] ProcessBatchesArgs: nwt_target_name=nwt, batch_filename_size=5, batch_size=0, batch_weight_size=5, pwt_source_name=pwt, num_document_passes=1, regularizer=(name:SparsePhi, tau:-100), class=(text:1), reuse_theta=yes, opt_for_avx=yes, predict_class_id=
I0617 13:42:24.399703 80949248 processor.cc:666] Processing queue has data, processing started
I0617 13:42:24.403318 80949248 processor.cc:742] Processor: start processing batch d108d500-bc86-4a27-9de2-279a753d4b67 into model nwt
I0617 13:42:24.409114 81485824 processor.cc:666] Processing queue has data, processing started
I0617 13:42:24.414746 81485824 processor.cc:742] Processor: start processing batch d539e9a8-8038-4f71-886e-f734a02e8458 into model nwt
I0617 13:42:24.418650 80412672 processor.cc:666] Processing queue has data, processing started
I0617 13:42:24.418650 82022400 processor.cc:666] Processing queue has data, processing started
I0617 13:42:24.424257 80412672 processor.cc:742] Processor: start processing batch 8e82d5e3-4c29-4bc0-80c4-555af7817012 into model nwt
I0617 13:42:24.425606 82022400 processor.cc:742] Processor: start processing batch 8c1a13d0-bf1e-4fd0-ba46-4bc70dacdb70 into model nwt
I0617 13:42:24.442804 80949248 processor.cc:830] Processor: complete processing batch d108d500-bc86-4a27-9de2-279a753d4b67 into model nwt
I0617 13:42:24.454018 80949248 cuckoo_watch.h:44] 54ms in ProcessBatch(school_batches/aaaaaa.batch) [including 2ms in LoadMessage; 0ms in InitializeSparseNdw; 11ms in InferThetaAndUpdateNwtSparse; 13ms in CalculateScore(PerplexityScore); 2ms in CalculateScore(SparsityThetaScore); 11ms in CalculateScore(^^^ItemsProcessedScore^^^); ]
I0617 13:42:24.459477 80949248 processor.cc:742] Processor: start processing batch fc7d4b87-4bd0-4617-b0d4-b318d685ec35 into model nwt
I0617 13:42:24.463593 81485824 processor.cc:830] Processor: complete processing batch d539e9a8-8038-4f71-886e-f734a02e8458 into model nwt
I0617 13:42:24.470101 81485824 cuckoo_watch.h:44] 60ms in ProcessBatch(school_batches/aaaaab.batch) [including 4ms in LoadMessage; 1ms in InitializeSparseNdw; 20ms in InferThetaAndUpdateNwtSparse; 13ms in CalculateScore(PerplexityScore); 1ms in CalculateScore(SparsityThetaScore); 10ms in CalculateScore(^^^ItemsProcessedScore^^^); ]
I0617 13:42:24.478695 80412672 processor.cc:830] Processor: complete processing batch 8e82d5e3-4c29-4bc0-80c4-555af7817012 into model nwt
I0617 13:42:24.481039 80412672 cuckoo_watch.h:44] 62ms in ProcessBatch(school_batches/aaaaad.batch) [including 4ms in LoadMessage; 1ms in InitializeSparseNdw; 22ms in InferThetaAndUpdateNwtSparse; 13ms in CalculateScore(PerplexityScore); 2ms in CalculateScore(SparsityThetaScore); 14ms in CalculateScore(^^^ItemsProcessedScore^^^); ]
I0617 13:42:24.482679 82022400 processor.cc:830] Processor: complete processing batch 8c1a13d0-bf1e-4fd0-ba46-4bc70dacdb70 into model nwt
I0617 13:42:24.484551 82022400 cuckoo_watch.h:44] 65ms in ProcessBatch(school_batches/aaaaac.batch) [including 5ms in LoadMessage; 1ms in InitializeSparseNdw; 28ms in InferThetaAndUpdateNwtSparse; 14ms in CalculateScore(PerplexityScore); 2ms in CalculateScore(SparsityThetaScore); 10ms in CalculateScore(^^^ItemsProcessedScore^^^); ]
I0617 13:42:24.496122 80949248 processor.cc:830] Processor: complete processing batch fc7d4b87-4bd0-4617-b0d4-b318d685ec35 into model nwt
I0617 13:42:24.497352 80949248 cuckoo_watch.h:44] 43ms in ProcessBatch(school_batches/aaaaae.batch) [including 4ms in LoadMessage; 1ms in InitializeSparseNdw; 18ms in InferThetaAndUpdateNwtSparse; 9ms in CalculateScore(PerplexityScore); 1ms in CalculateScore(SparsityThetaScore); 5ms in CalculateScore(^^^ItemsProcessedScore^^^); ]
I0617 13:42:24.498667 81485824 processor.cc:659] No data in processing queue, waiting...
I0617 13:42:24.498697 67256320 master_component.cc:1200] RegularizeModelArgs: rwt_target_name=rwt, pwt_source_name=pwt, nwt_source_name=nwt
I0617 13:42:24.498715 67256320 master_component.cc:785] MasterComponent: start regularizing model pwt
I0617 13:42:24.506358 80412672 processor.cc:659] No data in processing queue, waiting...
I0617 13:42:24.510166 82022400 processor.cc:659] No data in processing queue, waiting...
I0617 13:42:24.522846 80949248 processor.cc:659] No data in processing queue, waiting...
I0617 13:42:24.548465 67256320 master_component.cc:808] MasterComponent: complete regularizing model pwt
I0617 13:42:24.548485 67256320 master_component.cc:1211] NormalizeModelArgs: pwt_target_name=pwt, nwt_source_name=nwt, rwt_source_name=rwt
I0617 13:42:24.548494 67256320 master_component.cc:812] MasterComponent: start normalizing model nwt
I0617 13:42:24.584815 67256320 master_component.cc:834] MasterComponent: complete normalizing model nwt
I0617 13:42:24.606045 67256320 master_component.cc:1235] DisposeModel rwt
I0617 13:42:24.613880 67256320 master_component.cc:858] FitOffline: ItemsProcessed, num_items=476, num_batches=5, token_weight=160411, token_weight_in_effect=160411
I0617 13:42:24.644539 2649691072 c_interface.cc:523] Pass GetScoreValueArgs, score_name=^^^ItemsProcessedScore^^^ to MasterComponent::Request
I0617 13:42:24.644587 2649691072 c_interface.cc:205] ArtmCopyRequestedMessage is copying 54 bytes...
I0617 13:42:24.651288 2649691072 c_interface.cc:205] ArtmCopyRequestedMessage is copying 203414 bytes...
I0617 13:42:24.767573 2649691072 c_interface.cc:205] ArtmCopyRequestedMessage is copying 203414 bytes...
I0617 13:42:34.954340 2649691072 c_interface.cc:246] Creating MasterModel (id=5)...
I0617 13:42:34.955358 2649691072 collection_parser.cc:534] CollectionParserConfig.num_threads is automatically set to 4
W0617 13:42:35.102218 87838720 helpers.cc:211] File already exists: school_batches/aaaaaa.batch
W0617 13:42:35.116829 88375296 helpers.cc:211] File already exists: school_batches/aaaaab.batch
W0617 13:42:35.130643 87302144 helpers.cc:211] File already exists: school_batches/aaaaac.batch
W0617 13:42:35.145063 86765568 helpers.cc:211] File already exists: school_batches/aaaaad.batch
W0617 13:42:35.221289 87838720 helpers.cc:211] File already exists: school_batches/aaaaae.batch
I0617 13:42:35.235996 2649691072 c_interface.cc:345] Pass 7a6c1ff6-8189-42e3-8255-2a1c42af251c to MN4artm4core15MasterComponentEFvRKNSt3__112basic_stringIcNS2_11char_traitsIcEENS2_9allocatorIcEEEEE
I0617 13:42:35.236119 2649691072 c_interface.cc:359] Pass GatherDictionaryArgs: dictionary_target_name=7a6c1ff6-8189-42e3-8255-2a1c42af251c, data_path=school_batches, symmetric_cooc_values=0 to MN4artm4core15MasterComponentEFvRKNS_20GatherDictionaryArgsEE
I0617 13:42:35.236202 2649691072 dictionary_operations.cc:235] Found 5 batches in 'school_batches' folder
I0617 13:42:35.274070 2649691072 dictionary_operations.cc:292] Find 16099 unique tokens in 476 items
I0617 13:42:35.292045 2649691072 c_interface.cc:345] Pass 7d8d7b13-7b8d-41ce-b1e2-5df79e1ebe08 to MN4artm4core15MasterComponentEFvRKNSt3__112basic_stringIcNS2_11char_traitsIcEENS2_9allocatorIcEEEEE
I0617 13:42:35.297524 2649691072 c_interface.cc:309] Disposing MasterComponent (id=2)...
I0617 13:42:36.157387 2649691072 c_interface.cc:246] Creating MasterModel (id=6)...
I0617 13:42:36.157644 2649691072 c_interface.cc:345] Pass fd2f00f6-d974-46d3-b8ee-35cea02bcd7b to MN4artm4core15MasterComponentEFvRKNSt3__112basic_stringIcNS2_11char_traitsIcEENS2_9allocatorIcEEEEE
I0617 13:42:36.157804 2649691072 c_interface.cc:359] Pass GatherDictionaryArgs: dictionary_target_name=fd2f00f6-d974-46d3-b8ee-35cea02bcd7b, data_path=school_batches, symmetric_cooc_values=0 to MN4artm4core15MasterComponentEFvRKNS_20GatherDictionaryArgsEE
I0617 13:42:36.158016 2649691072 dictionary_operations.cc:235] Found 5 batches in 'school_batches' folder
I0617 13:42:36.211333 2649691072 dictionary_operations.cc:292] Find 16099 unique tokens in 476 items
I0617 13:42:36.230517 2649691072 c_interface.cc:345] Pass 7a6c1ff6-8189-42e3-8255-2a1c42af251c to MN4artm4core15MasterComponentEFvRKNSt3__112basic_stringIcNS2_11char_traitsIcEENS2_9allocatorIcEEEEE
I0617 13:42:36.233822 2649691072 c_interface.cc:309] Disposing MasterComponent (id=5)...
I0617 13:42:37.222983 2649691072 instance.cc:380] MasterModelConfig.processors_count is automatically set to 4
I0617 13:42:37.223052 103591936 processor.cc:643] Processor thread started
I0617 13:42:37.223084 104128512 processor.cc:643] Processor thread started
I0617 13:42:37.223088 2649691072 c_interface.cc:246] Creating MasterModel (id=7)...
I0617 13:42:37.223100 104665088 processor.cc:643] Processor thread started
I0617 13:42:37.223117 105201664 processor.cc:643] Processor thread started
I0617 13:42:37.223600 82022400 processor.cc:651] Processor thread stopped
I0617 13:42:37.223618 82022400 processor.cc:652] Total number of processed batches: 65
I0617 13:42:37.224624 81485824 processor.cc:651] Processor thread stopped
I0617 13:42:37.224668 81485824 processor.cc:652] Total number of processed batches: 68
I0617 13:42:37.225667 80949248 processor.cc:651] Processor thread stopped
I0617 13:42:37.225685 80949248 processor.cc:652] Total number of processed batches: 72
I0617 13:42:37.226944 80412672 processor.cc:651] Processor thread stopped
I0617 13:42:37.227007 80412672 processor.cc:652] Total number of processed batches: 70
I0617 13:42:37.247956 104665088 processor.cc:659] No data in processing queue, waiting...
I0617 13:42:37.248015 103591936 processor.cc:659] No data in processing queue, waiting...
I0617 13:42:37.248040 105201664 processor.cc:659] No data in processing queue, waiting...
I0617 13:42:37.248059 104128512 processor.cc:659] No data in processing queue, waiting...
I0617 13:42:37.272877 2649691072 c_interface.cc:309] Disposing MasterComponent (id=3)...
I0617 13:42:38.584920 2649691072 c_interface.cc:246] Creating MasterModel (id=8)...
I0617 13:42:38.585077 2649691072 c_interface.cc:345] Pass dictionary to MN4artm4core15MasterComponentEFvRKNSt3__112basic_stringIcNS2_11char_traitsIcEENS2_9allocatorIcEEEEE
I0617 13:42:38.590747 2649691072 c_interface.cc:309] Disposing MasterComponent (id=4)...
I0617 13:42:38.590893 2649691072 c_interface.cc:345] Pass dictionary to MN4artm4core15MasterComponentEFvRKNSt3__112basic_stringIcNS2_11char_traitsIcEENS2_9allocatorIcEEEEE
