Log file created at: 2017/06/16 20:15:07
Running on machine: MacBook-Pro-Pavel.local
Log line format: [IWEF]mmdd hh:mm:ss.uuuuuu threadid file:line] msg
I0616 20:15:07.036525 2649691072 c_interface.cc:102] Logging enabled to .
I0616 20:15:07.037032 2649691072 c_interface.cc:246] Creating MasterModel (id=1)...
I0616 20:15:07.040158 2649691072 collection_parser.cc:534] CollectionParserConfig.num_threads is automatically set to 4
I0616 20:15:07.359448 2649691072 c_interface.cc:345] Pass 508a444b-ce58-4804-b73f-495013c7f6bb to MN4artm4core15MasterComponentEFvRKNSt3__112basic_stringIcNS2_11char_traitsIcEENS2_9allocatorIcEEEEE
I0616 20:15:07.359589 2649691072 c_interface.cc:359] Pass GatherDictionaryArgs: dictionary_target_name=508a444b-ce58-4804-b73f-495013c7f6bb, data_path=school_batches, symmetric_cooc_values=0 to MN4artm4core15MasterComponentEFvRKNS_20GatherDictionaryArgsEE
I0616 20:15:07.359714 2649691072 dictionary_operations.cc:235] Found 5 batches in 'school_batches' folder
I0616 20:15:07.393883 2649691072 dictionary_operations.cc:292] Find 16099 unique tokens in 476 items
I0616 20:15:26.402945 2649691072 c_interface.cc:246] Creating MasterModel (id=2)...
I0616 20:15:26.403498 2649691072 c_interface.cc:345] Pass 7d8d7b13-7b8d-41ce-b1e2-5df79e1ebe08 to MN4artm4core15MasterComponentEFvRKNSt3__112basic_stringIcNS2_11char_traitsIcEENS2_9allocatorIcEEEEE
I0616 20:15:26.403697 2649691072 c_interface.cc:359] Pass GatherDictionaryArgs: dictionary_target_name=7d8d7b13-7b8d-41ce-b1e2-5df79e1ebe08, data_path=school_batches, symmetric_cooc_values=0 to MN4artm4core15MasterComponentEFvRKNS_20GatherDictionaryArgsEE
I0616 20:15:26.403843 2649691072 dictionary_operations.cc:235] Found 5 batches in 'school_batches' folder
I0616 20:15:26.450173 2649691072 dictionary_operations.cc:292] Find 16099 unique tokens in 476 items
I0616 20:15:26.473291 2649691072 c_interface.cc:345] Pass 508a444b-ce58-4804-b73f-495013c7f6bb to MN4artm4core15MasterComponentEFvRKNSt3__112basic_stringIcNS2_11char_traitsIcEENS2_9allocatorIcEEEEE
I0616 20:15:26.476611 2649691072 c_interface.cc:309] Disposing MasterComponent (id=1)...
I0616 20:20:47.538381 2649691072 instance.cc:380] MasterModelConfig.processors_count is automatically set to 4
I0616 20:20:47.538486 80412672 processor.cc:643] Processor thread started
I0616 20:20:47.538501 80949248 processor.cc:643] Processor thread started
I0616 20:20:47.538558 81485824 processor.cc:643] Processor thread started
I0616 20:20:47.538581 2649691072 c_interface.cc:246] Creating MasterModel (id=3)...
I0616 20:20:47.538586 82022400 processor.cc:643] Processor thread started
I0616 20:20:47.562597 81485824 processor.cc:659] No data in processing queue, waiting...
I0616 20:20:47.562595 80949248 processor.cc:659] No data in processing queue, waiting...
I0616 20:20:47.562636 80412672 processor.cc:659] No data in processing queue, waiting...
I0616 20:20:47.562636 82022400 processor.cc:659] No data in processing queue, waiting...
I0616 20:21:02.503460 2649691072 c_interface.cc:246] Creating MasterModel (id=4)...
I0616 20:21:02.503682 2649691072 c_interface.cc:345] Pass dictionary to MN4artm4core15MasterComponentEFvRKNSt3__112basic_stringIcNS2_11char_traitsIcEENS2_9allocatorIcEEEEE
I0616 20:21:02.503916 2649691072 c_interface.cc:359] Pass GatherDictionaryArgs: dictionary_target_name=dictionary, data_path=school_batches, symmetric_cooc_values=0 to MN4artm4core15MasterComponentEFvRKNS_20GatherDictionaryArgsEE
I0616 20:21:02.504063 2649691072 dictionary_operations.cc:235] Found 5 batches in 'school_batches' folder
I0616 20:21:02.548882 2649691072 dictionary_operations.cc:292] Find 16099 unique tokens in 476 items
I0616 20:23:47.177098 2649691072 c_interface.cc:359] Pass MasterModelConfig: topic_name_size=10, class=(text:1), score_config_size=2, num_processors=0, pwt_name=pwt, nwt_name=nwt, num_document_passes=1, reuse_theta=yes, cache_theta=yes, opt_for_avx=yes, disk_cache_path to MN4artm4core15MasterComponentEFvRKNS_17MasterModelConfigEE
I0616 20:23:47.177147 2649691072 instance.cc:380] MasterModelConfig.processors_count is automatically set to 4
I0616 20:23:47.177170 2649691072 perplexity.cc:24] Perplexity score calculator created: model_type=1, dictionary_name=dictionary
I0616 20:23:47.178095 2649691072 c_interface.cc:359] Pass MasterModelConfig: topic_name_size=10, class=(text:1), score_config_size=3, num_processors=0, pwt_name=pwt, nwt_name=nwt, num_document_passes=1, reuse_theta=yes, cache_theta=yes, opt_for_avx=yes, disk_cache_path to MN4artm4core15MasterComponentEFvRKNS_17MasterModelConfigEE
I0616 20:23:47.178125 2649691072 instance.cc:380] MasterModelConfig.processors_count is automatically set to 4
I0616 20:23:47.178145 2649691072 perplexity.cc:24] Perplexity score calculator created: model_type=1, dictionary_name=dictionary
I0616 20:23:47.178979 2649691072 c_interface.cc:359] Pass MasterModelConfig: topic_name_size=10, class=(text:1), score_config_size=4, num_processors=0, pwt_name=pwt, nwt_name=nwt, num_document_passes=1, reuse_theta=yes, cache_theta=yes, opt_for_avx=yes, disk_cache_path to MN4artm4core15MasterComponentEFvRKNS_17MasterModelConfigEE
I0616 20:23:47.179009 2649691072 instance.cc:380] MasterModelConfig.processors_count is automatically set to 4
I0616 20:23:47.179029 2649691072 perplexity.cc:24] Perplexity score calculator created: model_type=1, dictionary_name=dictionary
I0616 20:23:47.180050 2649691072 c_interface.cc:359] Pass MasterModelConfig: topic_name_size=10, class=(text:1), score_config_size=5, num_processors=0, pwt_name=pwt, nwt_name=nwt, num_document_passes=1, reuse_theta=yes, cache_theta=yes, opt_for_avx=yes, disk_cache_path to MN4artm4core15MasterComponentEFvRKNS_17MasterModelConfigEE
I0616 20:23:47.180081 2649691072 instance.cc:380] MasterModelConfig.processors_count is automatically set to 4
I0616 20:23:47.180104 2649691072 perplexity.cc:24] Perplexity score calculator created: model_type=1, dictionary_name=dictionary
I0616 20:23:49.406244 2649691072 c_interface.cc:345] Pass pwt to MN4artm4core15MasterComponentEFvRKNSt3__112basic_stringIcNS2_11char_traitsIcEENS2_9allocatorIcEEEEE
I0616 20:23:49.406467 2649691072 c_interface.cc:345] Pass nwt to MN4artm4core15MasterComponentEFvRKNSt3__112basic_stringIcNS2_11char_traitsIcEENS2_9allocatorIcEEEEE
I0616 20:23:49.406934 2649691072 c_interface.cc:359] Pass InitializeModelArgs: model_name=pwt, dictionary_name=dictionary, topic_name_size=10 to MN4artm4core15MasterComponentEFvRKNS_19InitializeModelArgsEE
I0616 20:23:49.494308 2649691072 master_component.cc:502] InitializeModel() created matrix pwt with 10 topics and 16099 tokens; 
I0616 20:23:49.494547 2649691072 c_interface.cc:359] Pass InitializeModelArgs: model_name=nwt, dictionary_name=dictionary, topic_name_size=10 to MN4artm4core15MasterComponentEFvRKNS_19InitializeModelArgsEE
I0616 20:23:49.574760 2649691072 master_component.cc:502] InitializeModel() created matrix nwt with 10 topics and 16099 tokens; 
I0616 20:23:49.575018 2649691072 phi_matrix_operations.cc:82] RetrieveExternalTopicModel() with 10 topics, 16099 tokens
I0616 20:23:49.589650 2649691072 c_interface.cc:205] ArtmCopyRequestedMessage is copying 477630 bytes...
I0616 20:23:54.966794 67256320 c_interface.cc:359] Pass FitOfflineMasterModelArgs, batch_filename_size=5, batch_weight_size=5, num_collection_passes=1 to MN4artm4core15MasterComponentEFvRKNS_25FitOfflineMasterModelArgsEE
I0616 20:23:54.966825 67256320 master_component.cc:1162] ProcessBatchesArgs: nwt_target_name=nwt, batch_filename_size=5, batch_size=0, batch_weight_size=5, pwt_source_name=pwt, num_document_passes=1, class=(text:1), reuse_theta=yes, opt_for_avx=yes, predict_class_id=
I0616 20:23:55.011801 80412672 processor.cc:666] Processing queue has data, processing started
I0616 20:23:55.017241 80412672 processor.cc:742] Processor: start processing batch d108d500-bc86-4a27-9de2-279a753d4b67 into model nwt
I0616 20:23:55.018102 80949248 processor.cc:666] Processing queue has data, processing started
I0616 20:23:55.023174 81485824 processor.cc:666] Processing queue has data, processing started
I0616 20:23:55.023486 80949248 processor.cc:742] Processor: start processing batch d539e9a8-8038-4f71-886e-f734a02e8458 into model nwt
I0616 20:23:55.028697 81485824 processor.cc:742] Processor: start processing batch 8c1a13d0-bf1e-4fd0-ba46-4bc70dacdb70 into model nwt
I0616 20:23:55.038936 82022400 processor.cc:666] Processing queue has data, processing started
I0616 20:23:55.046185 82022400 processor.cc:742] Processor: start processing batch 8e82d5e3-4c29-4bc0-80c4-555af7817012 into model nwt
I0616 20:23:55.062242 80412672 processor.cc:830] Processor: complete processing batch d108d500-bc86-4a27-9de2-279a753d4b67 into model nwt
I0616 20:23:55.067365 80412672 cuckoo_watch.h:44] 55ms in ProcessBatch(school_batches/aaaaaa.batch) [including 4ms in LoadMessage; 1ms in InitializeSparseNdw; 14ms in InferThetaAndUpdateNwtSparse; 15ms in CalculateScore(PerplexityScore); 2ms in CalculateScore(SparsityThetaScore); 11ms in CalculateScore(^^^ItemsProcessedScore^^^); ]
I0616 20:23:55.072331 80412672 processor.cc:742] Processor: start processing batch fc7d4b87-4bd0-4617-b0d4-b318d685ec35 into model nwt
I0616 20:23:55.073071 81485824 processor.cc:830] Processor: complete processing batch 8c1a13d0-bf1e-4fd0-ba46-4bc70dacdb70 into model nwt
I0616 20:23:55.077441 80949248 processor.cc:830] Processor: complete processing batch d539e9a8-8038-4f71-886e-f734a02e8458 into model nwt
I0616 20:23:55.077653 81485824 cuckoo_watch.h:44] 54ms in ProcessBatch(school_batches/aaaaac.batch) [including 4ms in LoadMessage; 1ms in InitializeSparseNdw; 14ms in InferThetaAndUpdateNwtSparse; 14ms in CalculateScore(PerplexityScore); 1ms in CalculateScore(SparsityThetaScore); 11ms in CalculateScore(^^^ItemsProcessedScore^^^); ]
I0616 20:23:55.080560 80949248 cuckoo_watch.h:44] 62ms in ProcessBatch(school_batches/aaaaab.batch) [including 4ms in LoadMessage; 2ms in InitializeSparseNdw; 18ms in InferThetaAndUpdateNwtSparse; 14ms in CalculateScore(PerplexityScore); 1ms in CalculateScore(SparsityThetaScore); 16ms in CalculateScore(^^^ItemsProcessedScore^^^); ]
I0616 20:23:55.088654 82022400 processor.cc:830] Processor: complete processing batch 8e82d5e3-4c29-4bc0-80c4-555af7817012 into model nwt
I0616 20:23:55.089920 82022400 cuckoo_watch.h:44] 50ms in ProcessBatch(school_batches/aaaaad.batch) [including 6ms in LoadMessage; 1ms in InitializeSparseNdw; 19ms in InferThetaAndUpdateNwtSparse; 12ms in CalculateScore(PerplexityScore); 1ms in CalculateScore(SparsityThetaScore); 7ms in CalculateScore(^^^ItemsProcessedScore^^^); ]
I0616 20:23:55.101083 80412672 processor.cc:830] Processor: complete processing batch fc7d4b87-4bd0-4617-b0d4-b318d685ec35 into model nwt
I0616 20:23:55.101732 81485824 processor.cc:659] No data in processing queue, waiting...
I0616 20:23:55.102412 80412672 cuckoo_watch.h:44] 35ms in ProcessBatch(school_batches/aaaaae.batch) [including 3ms in LoadMessage; 1ms in InitializeSparseNdw; 11ms in InferThetaAndUpdateNwtSparse; 8ms in CalculateScore(PerplexityScore); 1ms in CalculateScore(SparsityThetaScore); 6ms in CalculateScore(^^^ItemsProcessedScore^^^); ]
I0616 20:23:55.103018 67256320 master_component.cc:1211] NormalizeModelArgs: pwt_target_name=pwt, nwt_source_name=nwt, rwt_source_name=
I0616 20:23:55.103047 67256320 master_component.cc:812] MasterComponent: start normalizing model nwt
I0616 20:23:55.104182 80949248 processor.cc:659] No data in processing queue, waiting...
I0616 20:23:55.114209 82022400 processor.cc:659] No data in processing queue, waiting...
I0616 20:23:55.126658 80412672 processor.cc:659] No data in processing queue, waiting...
I0616 20:23:55.130156 67256320 master_component.cc:834] MasterComponent: complete normalizing model nwt
I0616 20:23:55.154234 67256320 master_component.cc:1235] DisposeModel rwt
I0616 20:23:55.154255 67256320 master_component.cc:858] FitOffline: ItemsProcessed, num_items=476, num_batches=5, token_weight=160411, token_weight_in_effect=160411
I0616 20:23:55.207528 2649691072 c_interface.cc:523] Pass GetScoreValueArgs, score_name=^^^ItemsProcessedScore^^^ to MasterComponent::Request
I0616 20:23:55.207587 2649691072 c_interface.cc:205] ArtmCopyRequestedMessage is copying 54 bytes...
I0616 20:23:55.208504 67256320 c_interface.cc:359] Pass FitOfflineMasterModelArgs, batch_filename_size=5, batch_weight_size=5, num_collection_passes=1 to MN4artm4core15MasterComponentEFvRKNS_25FitOfflineMasterModelArgsEE
I0616 20:23:55.208541 67256320 master_component.cc:1162] ProcessBatchesArgs: nwt_target_name=nwt, batch_filename_size=5, batch_size=0, batch_weight_size=5, pwt_source_name=pwt, num_document_passes=1, class=(text:1), reuse_theta=yes, opt_for_avx=yes, predict_class_id=
I0616 20:23:55.241448 80949248 processor.cc:666] Processing queue has data, processing started
I0616 20:23:55.245074 80949248 processor.cc:742] Processor: start processing batch d108d500-bc86-4a27-9de2-279a753d4b67 into model nwt
I0616 20:23:55.246598 80412672 processor.cc:666] Processing queue has data, processing started
I0616 20:23:55.252162 80412672 processor.cc:742] Processor: start processing batch d539e9a8-8038-4f71-886e-f734a02e8458 into model nwt
I0616 20:23:55.254278 82022400 processor.cc:666] Processing queue has data, processing started
I0616 20:23:55.259802 82022400 processor.cc:742] Processor: start processing batch 8c1a13d0-bf1e-4fd0-ba46-4bc70dacdb70 into model nwt
I0616 20:23:55.264299 81485824 processor.cc:666] Processing queue has data, processing started
I0616 20:23:55.271500 81485824 processor.cc:742] Processor: start processing batch 8e82d5e3-4c29-4bc0-80c4-555af7817012 into model nwt
I0616 20:23:55.284227 80949248 processor.cc:830] Processor: complete processing batch d108d500-bc86-4a27-9de2-279a753d4b67 into model nwt
I0616 20:23:55.287065 80949248 cuckoo_watch.h:44] 45ms in ProcessBatch(school_batches/aaaaaa.batch) [including 2ms in LoadMessage; 0ms in InitializeSparseNdw; 11ms in InferThetaAndUpdateNwtSparse; 13ms in CalculateScore(PerplexityScore); 2ms in CalculateScore(SparsityThetaScore); 10ms in CalculateScore(^^^ItemsProcessedScore^^^); ]
I0616 20:23:55.292788 80949248 processor.cc:742] Processor: start processing batch fc7d4b87-4bd0-4617-b0d4-b318d685ec35 into model nwt
I0616 20:23:55.296432 80412672 processor.cc:830] Processor: complete processing batch d539e9a8-8038-4f71-886e-f734a02e8458 into model nwt
I0616 20:23:55.302347 80412672 cuckoo_watch.h:44] 55ms in ProcessBatch(school_batches/aaaaab.batch) [including 4ms in LoadMessage; 1ms in InitializeSparseNdw; 14ms in InferThetaAndUpdateNwtSparse; 15ms in CalculateScore(PerplexityScore); 2ms in CalculateScore(SparsityThetaScore); 10ms in CalculateScore(^^^ItemsProcessedScore^^^); ]
I0616 20:23:55.309317 82022400 processor.cc:830] Processor: complete processing batch 8c1a13d0-bf1e-4fd0-ba46-4bc70dacdb70 into model nwt
I0616 20:23:55.312304 82022400 cuckoo_watch.h:44] 57ms in ProcessBatch(school_batches/aaaaac.batch) [including 4ms in LoadMessage; 1ms in InitializeSparseNdw; 16ms in InferThetaAndUpdateNwtSparse; 13ms in CalculateScore(PerplexityScore); 1ms in CalculateScore(SparsityThetaScore); 14ms in CalculateScore(^^^ItemsProcessedScore^^^); ]
I0616 20:23:55.314733 81485824 processor.cc:830] Processor: complete processing batch 8e82d5e3-4c29-4bc0-80c4-555af7817012 into model nwt
I0616 20:23:55.317541 81485824 cuckoo_watch.h:44] 53ms in ProcessBatch(school_batches/aaaaad.batch) [including 6ms in LoadMessage; 1ms in InitializeSparseNdw; 16ms in InferThetaAndUpdateNwtSparse; 14ms in CalculateScore(PerplexityScore); 1ms in CalculateScore(SparsityThetaScore); 9ms in CalculateScore(^^^ItemsProcessedScore^^^); ]
I0616 20:23:55.324928 80949248 processor.cc:830] Processor: complete processing batch fc7d4b87-4bd0-4617-b0d4-b318d685ec35 into model nwt
I0616 20:23:55.325852 80412672 processor.cc:659] No data in processing queue, waiting...
I0616 20:23:55.326310 80949248 cuckoo_watch.h:44] 39ms in ProcessBatch(school_batches/aaaaae.batch) [including 4ms in LoadMessage; 1ms in InitializeSparseNdw; 12ms in InferThetaAndUpdateNwtSparse; 8ms in CalculateScore(PerplexityScore); 2ms in CalculateScore(SparsityThetaScore); 6ms in CalculateScore(^^^ItemsProcessedScore^^^); ]
I0616 20:23:55.327342 67256320 master_component.cc:1211] NormalizeModelArgs: pwt_target_name=pwt, nwt_source_name=nwt, rwt_source_name=
I0616 20:23:55.327400 67256320 master_component.cc:812] MasterComponent: start normalizing model nwt
I0616 20:23:55.336190 82022400 processor.cc:659] No data in processing queue, waiting...
I0616 20:23:55.341223 81485824 processor.cc:659] No data in processing queue, waiting...
I0616 20:23:55.350091 80949248 processor.cc:659] No data in processing queue, waiting...
I0616 20:23:55.356791 67256320 master_component.cc:834] MasterComponent: complete normalizing model nwt
I0616 20:23:55.383831 67256320 master_component.cc:1235] DisposeModel rwt
I0616 20:23:55.383851 67256320 master_component.cc:858] FitOffline: ItemsProcessed, num_items=476, num_batches=5, token_weight=160411, token_weight_in_effect=160411
I0616 20:23:55.429399 2649691072 c_interface.cc:523] Pass GetScoreValueArgs, score_name=^^^ItemsProcessedScore^^^ to MasterComponent::Request
I0616 20:23:55.429435 2649691072 c_interface.cc:205] ArtmCopyRequestedMessage is copying 54 bytes...
I0616 20:23:55.429893 67256320 c_interface.cc:359] Pass FitOfflineMasterModelArgs, batch_filename_size=5, batch_weight_size=5, num_collection_passes=1 to MN4artm4core15MasterComponentEFvRKNS_25FitOfflineMasterModelArgsEE
I0616 20:23:55.429908 67256320 master_component.cc:1162] ProcessBatchesArgs: nwt_target_name=nwt, batch_filename_size=5, batch_size=0, batch_weight_size=5, pwt_source_name=pwt, num_document_passes=1, class=(text:1), reuse_theta=yes, opt_for_avx=yes, predict_class_id=
I0616 20:23:55.460237 80949248 processor.cc:666] Processing queue has data, processing started
I0616 20:23:55.463666 80949248 processor.cc:742] Processor: start processing batch d108d500-bc86-4a27-9de2-279a753d4b67 into model nwt
I0616 20:23:55.466967 82022400 processor.cc:666] Processing queue has data, processing started
I0616 20:23:55.471230 82022400 processor.cc:742] Processor: start processing batch d539e9a8-8038-4f71-886e-f734a02e8458 into model nwt
I0616 20:23:55.473428 81485824 processor.cc:666] Processing queue has data, processing started
I0616 20:23:55.478827 81485824 processor.cc:742] Processor: start processing batch 8c1a13d0-bf1e-4fd0-ba46-4bc70dacdb70 into model nwt
I0616 20:23:55.480852 80412672 processor.cc:666] Processing queue has data, processing started
I0616 20:23:55.486439 80412672 processor.cc:742] Processor: start processing batch 8e82d5e3-4c29-4bc0-80c4-555af7817012 into model nwt
I0616 20:23:55.507880 80949248 processor.cc:830] Processor: complete processing batch d108d500-bc86-4a27-9de2-279a753d4b67 into model nwt
I0616 20:23:55.516438 80949248 cuckoo_watch.h:44] 56ms in ProcessBatch(school_batches/aaaaaa.batch) [including 2ms in LoadMessage; 0ms in InitializeSparseNdw; 13ms in InferThetaAndUpdateNwtSparse; 14ms in CalculateScore(PerplexityScore); 2ms in CalculateScore(SparsityThetaScore); 13ms in CalculateScore(^^^ItemsProcessedScore^^^); ]
I0616 20:23:55.521384 81485824 processor.cc:830] Processor: complete processing batch 8c1a13d0-bf1e-4fd0-ba46-4bc70dacdb70 into model nwt
I0616 20:23:55.523802 80949248 processor.cc:742] Processor: start processing batch fc7d4b87-4bd0-4617-b0d4-b318d685ec35 into model nwt
I0616 20:23:55.525272 81485824 cuckoo_watch.h:44] 51ms in ProcessBatch(school_batches/aaaaac.batch) [including 4ms in LoadMessage; 1ms in InitializeSparseNdw; 15ms in InferThetaAndUpdateNwtSparse; 13ms in CalculateScore(PerplexityScore); 1ms in CalculateScore(SparsityThetaScore); 10ms in CalculateScore(^^^ItemsProcessedScore^^^); ]
I0616 20:23:55.525391 82022400 processor.cc:830] Processor: complete processing batch d539e9a8-8038-4f71-886e-f734a02e8458 into model nwt
I0616 20:23:55.527187 82022400 cuckoo_watch.h:44] 60ms in ProcessBatch(school_batches/aaaaab.batch) [including 3ms in LoadMessage; 1ms in InitializeSparseNdw; 13ms in InferThetaAndUpdateNwtSparse; 17ms in CalculateScore(PerplexityScore); 2ms in CalculateScore(SparsityThetaScore); 18ms in CalculateScore(^^^ItemsProcessedScore^^^); ]
I0616 20:23:55.530342 80412672 processor.cc:830] Processor: complete processing batch 8e82d5e3-4c29-4bc0-80c4-555af7817012 into model nwt
I0616 20:23:55.531574 80412672 cuckoo_watch.h:44] 50ms in ProcessBatch(school_batches/aaaaad.batch) [including 4ms in LoadMessage; 1ms in InitializeSparseNdw; 17ms in InferThetaAndUpdateNwtSparse; 12ms in CalculateScore(PerplexityScore); 1ms in CalculateScore(SparsityThetaScore); 9ms in CalculateScore(^^^ItemsProcessedScore^^^); ]
I0616 20:23:55.548810 81485824 processor.cc:659] No data in processing queue, waiting...
I0616 20:23:55.549708 80949248 processor.cc:830] Processor: complete processing batch fc7d4b87-4bd0-4617-b0d4-b318d685ec35 into model nwt
I0616 20:23:55.551393 82022400 processor.cc:659] No data in processing queue, waiting...
I0616 20:23:55.551448 80949248 cuckoo_watch.h:44] 33ms in ProcessBatch(school_batches/aaaaae.batch) [including 5ms in LoadMessage; 1ms in InitializeSparseNdw; 9ms in InferThetaAndUpdateNwtSparse; 8ms in CalculateScore(PerplexityScore); 1ms in CalculateScore(SparsityThetaScore); 5ms in CalculateScore(^^^ItemsProcessedScore^^^); ]
I0616 20:23:55.552758 67256320 master_component.cc:1211] NormalizeModelArgs: pwt_target_name=pwt, nwt_source_name=nwt, rwt_source_name=
I0616 20:23:55.552810 67256320 master_component.cc:812] MasterComponent: start normalizing model nwt
I0616 20:23:55.555269 80412672 processor.cc:659] No data in processing queue, waiting...
I0616 20:23:55.575548 80949248 processor.cc:659] No data in processing queue, waiting...
I0616 20:23:55.581666 67256320 master_component.cc:834] MasterComponent: complete normalizing model nwt
I0616 20:23:55.605988 67256320 master_component.cc:1235] DisposeModel rwt
I0616 20:23:55.606005 67256320 master_component.cc:858] FitOffline: ItemsProcessed, num_items=476, num_batches=5, token_weight=160411, token_weight_in_effect=160411
I0616 20:23:55.606251 2649691072 c_interface.cc:523] Pass GetScoreValueArgs, score_name=^^^ItemsProcessedScore^^^ to MasterComponent::Request
I0616 20:23:55.606273 2649691072 c_interface.cc:205] ArtmCopyRequestedMessage is copying 54 bytes...
I0616 20:23:55.606751 67256320 c_interface.cc:359] Pass FitOfflineMasterModelArgs, batch_filename_size=5, batch_weight_size=5, num_collection_passes=1 to MN4artm4core15MasterComponentEFvRKNS_25FitOfflineMasterModelArgsEE
I0616 20:23:55.606770 67256320 master_component.cc:1162] ProcessBatchesArgs: nwt_target_name=nwt, batch_filename_size=5, batch_size=0, batch_weight_size=5, pwt_source_name=pwt, num_document_passes=1, class=(text:1), reuse_theta=yes, opt_for_avx=yes, predict_class_id=
I0616 20:23:55.634908 80412672 processor.cc:666] Processing queue has data, processing started
I0616 20:23:55.640609 80412672 processor.cc:742] Processor: start processing batch d108d500-bc86-4a27-9de2-279a753d4b67 into model nwt
I0616 20:23:55.650202 81485824 processor.cc:666] Processing queue has data, processing started
I0616 20:23:55.650192 82022400 processor.cc:666] Processing queue has data, processing started
I0616 20:23:55.655390 80949248 processor.cc:666] Processing queue has data, processing started
I0616 20:23:55.655933 81485824 processor.cc:742] Processor: start processing batch d539e9a8-8038-4f71-886e-f734a02e8458 into model nwt
I0616 20:23:55.655973 82022400 processor.cc:742] Processor: start processing batch 8c1a13d0-bf1e-4fd0-ba46-4bc70dacdb70 into model nwt
I0616 20:23:55.661602 80949248 processor.cc:742] Processor: start processing batch 8e82d5e3-4c29-4bc0-80c4-555af7817012 into model nwt
I0616 20:23:55.681396 80412672 processor.cc:830] Processor: complete processing batch d108d500-bc86-4a27-9de2-279a753d4b67 into model nwt
I0616 20:23:55.684509 80412672 cuckoo_watch.h:44] 49ms in ProcessBatch(school_batches/aaaaaa.batch) [including 4ms in LoadMessage; 0ms in InitializeSparseNdw; 10ms in InferThetaAndUpdateNwtSparse; 16ms in CalculateScore(PerplexityScore); 2ms in CalculateScore(SparsityThetaScore); 11ms in CalculateScore(^^^ItemsProcessedScore^^^); ]
I0616 20:23:55.689725 80412672 processor.cc:742] Processor: start processing batch fc7d4b87-4bd0-4617-b0d4-b318d685ec35 into model nwt
I0616 20:23:55.699956 82022400 processor.cc:830] Processor: complete processing batch 8c1a13d0-bf1e-4fd0-ba46-4bc70dacdb70 into model nwt
I0616 20:23:55.702272 81485824 processor.cc:830] Processor: complete processing batch d539e9a8-8038-4f71-886e-f734a02e8458 into model nwt
I0616 20:23:55.703506 82022400 cuckoo_watch.h:44] 53ms in ProcessBatch(school_batches/aaaaac.batch) [including 4ms in LoadMessage; 1ms in InitializeSparseNdw; 14ms in InferThetaAndUpdateNwtSparse; 13ms in CalculateScore(PerplexityScore); 2ms in CalculateScore(SparsityThetaScore); 11ms in CalculateScore(^^^ItemsProcessedScore^^^); ]
I0616 20:23:55.707088 81485824 cuckoo_watch.h:44] 56ms in ProcessBatch(school_batches/aaaaab.batch) [including 4ms in LoadMessage; 1ms in InitializeSparseNdw; 13ms in InferThetaAndUpdateNwtSparse; 17ms in CalculateScore(PerplexityScore); 2ms in CalculateScore(SparsityThetaScore); 10ms in CalculateScore(^^^ItemsProcessedScore^^^); ]
I0616 20:23:55.707357 80949248 processor.cc:830] Processor: complete processing batch 8e82d5e3-4c29-4bc0-80c4-555af7817012 into model nwt
I0616 20:23:55.711671 80949248 cuckoo_watch.h:44] 56ms in ProcessBatch(school_batches/aaaaad.batch) [including 5ms in LoadMessage; 1ms in InitializeSparseNdw; 15ms in InferThetaAndUpdateNwtSparse; 15ms in CalculateScore(PerplexityScore); 1ms in CalculateScore(SparsityThetaScore); 11ms in CalculateScore(^^^ItemsProcessedScore^^^); ]
I0616 20:23:55.727288 82022400 processor.cc:659] No data in processing queue, waiting...
I0616 20:23:55.729423 80412672 processor.cc:830] Processor: complete processing batch fc7d4b87-4bd0-4617-b0d4-b318d685ec35 into model nwt
I0616 20:23:55.730685 80412672 cuckoo_watch.h:44] 46ms in ProcessBatch(school_batches/aaaaae.batch) [including 4ms in LoadMessage; 2ms in InitializeSparseNdw; 20ms in InferThetaAndUpdateNwtSparse; 9ms in CalculateScore(PerplexityScore); 1ms in CalculateScore(SparsityThetaScore); 6ms in CalculateScore(^^^ItemsProcessedScore^^^); ]
I0616 20:23:55.730867 81485824 processor.cc:659] No data in processing queue, waiting...
I0616 20:23:55.730878 67256320 master_component.cc:1211] NormalizeModelArgs: pwt_target_name=pwt, nwt_source_name=nwt, rwt_source_name=
I0616 20:23:55.730893 67256320 master_component.cc:812] MasterComponent: start normalizing model nwt
I0616 20:23:55.735813 80949248 processor.cc:659] No data in processing queue, waiting...
I0616 20:23:55.754904 80412672 processor.cc:659] No data in processing queue, waiting...
I0616 20:23:55.759986 67256320 master_component.cc:834] MasterComponent: complete normalizing model nwt
I0616 20:23:55.785009 67256320 master_component.cc:1235] DisposeModel rwt
I0616 20:23:55.785027 67256320 master_component.cc:858] FitOffline: ItemsProcessed, num_items=476, num_batches=5, token_weight=160411, token_weight_in_effect=160411
I0616 20:23:55.833593 2649691072 c_interface.cc:523] Pass GetScoreValueArgs, score_name=^^^ItemsProcessedScore^^^ to MasterComponent::Request
I0616 20:23:55.833637 2649691072 c_interface.cc:205] ArtmCopyRequestedMessage is copying 54 bytes...
I0616 20:23:55.834233 67256320 c_interface.cc:359] Pass FitOfflineMasterModelArgs, batch_filename_size=5, batch_weight_size=5, num_collection_passes=1 to MN4artm4core15MasterComponentEFvRKNS_25FitOfflineMasterModelArgsEE
I0616 20:23:55.834251 67256320 master_component.cc:1162] ProcessBatchesArgs: nwt_target_name=nwt, batch_filename_size=5, batch_size=0, batch_weight_size=5, pwt_source_name=pwt, num_document_passes=1, class=(text:1), reuse_theta=yes, opt_for_avx=yes, predict_class_id=
I0616 20:23:55.862769 82022400 processor.cc:666] Processing queue has data, processing started
I0616 20:23:55.866816 82022400 processor.cc:742] Processor: start processing batch d108d500-bc86-4a27-9de2-279a753d4b67 into model nwt
I0616 20:23:55.868871 81485824 processor.cc:666] Processing queue has data, processing started
I0616 20:23:55.873697 80412672 processor.cc:666] Processing queue has data, processing started
I0616 20:23:55.874402 81485824 processor.cc:742] Processor: start processing batch d539e9a8-8038-4f71-886e-f734a02e8458 into model nwt
I0616 20:23:55.879487 80412672 processor.cc:742] Processor: start processing batch 8c1a13d0-bf1e-4fd0-ba46-4bc70dacdb70 into model nwt
I0616 20:23:55.888499 80949248 processor.cc:666] Processing queue has data, processing started
I0616 20:23:55.894412 80949248 processor.cc:742] Processor: start processing batch 8e82d5e3-4c29-4bc0-80c4-555af7817012 into model nwt
I0616 20:23:55.910414 82022400 processor.cc:830] Processor: complete processing batch d108d500-bc86-4a27-9de2-279a753d4b67 into model nwt
I0616 20:23:55.918417 82022400 cuckoo_watch.h:44] 55ms in ProcessBatch(school_batches/aaaaaa.batch) [including 3ms in LoadMessage; 1ms in InitializeSparseNdw; 13ms in InferThetaAndUpdateNwtSparse; 14ms in CalculateScore(PerplexityScore); 2ms in CalculateScore(SparsityThetaScore); 12ms in CalculateScore(^^^ItemsProcessedScore^^^); ]
I0616 20:23:55.918759 81485824 processor.cc:830] Processor: complete processing batch d539e9a8-8038-4f71-886e-f734a02e8458 into model nwt
I0616 20:23:55.923782 82022400 processor.cc:742] Processor: start processing batch fc7d4b87-4bd0-4617-b0d4-b318d685ec35 into model nwt
I0616 20:23:55.924480 81485824 cuckoo_watch.h:44] 55ms in ProcessBatch(school_batches/aaaaab.batch) [including 4ms in LoadMessage; 1ms in InitializeSparseNdw; 17ms in InferThetaAndUpdateNwtSparse; 13ms in CalculateScore(PerplexityScore); 1ms in CalculateScore(SparsityThetaScore); 9ms in CalculateScore(^^^ItemsProcessedScore^^^); ]
I0616 20:23:55.929193 80412672 processor.cc:830] Processor: complete processing batch 8c1a13d0-bf1e-4fd0-ba46-4bc70dacdb70 into model nwt
I0616 20:23:55.931800 80412672 cuckoo_watch.h:44] 58ms in ProcessBatch(school_batches/aaaaac.batch) [including 4ms in LoadMessage; 1ms in InitializeSparseNdw; 19ms in InferThetaAndUpdateNwtSparse; 13ms in CalculateScore(PerplexityScore); 1ms in CalculateScore(SparsityThetaScore); 13ms in CalculateScore(^^^ItemsProcessedScore^^^); ]
I0616 20:23:55.940958 80949248 processor.cc:830] Processor: complete processing batch 8e82d5e3-4c29-4bc0-80c4-555af7817012 into model nwt
I0616 20:23:55.942370 80949248 cuckoo_watch.h:44] 53ms in ProcessBatch(school_batches/aaaaad.batch) [including 4ms in LoadMessage; 1ms in InitializeSparseNdw; 22ms in InferThetaAndUpdateNwtSparse; 13ms in CalculateScore(PerplexityScore); 1ms in CalculateScore(SparsityThetaScore); 7ms in CalculateScore(^^^ItemsProcessedScore^^^); ]
I0616 20:23:55.948601 81485824 processor.cc:659] No data in processing queue, waiting...
I0616 20:23:55.950773 82022400 processor.cc:830] Processor: complete processing batch fc7d4b87-4bd0-4617-b0d4-b318d685ec35 into model nwt
I0616 20:23:55.952181 82022400 cuckoo_watch.h:44] 33ms in ProcessBatch(school_batches/aaaaae.batch) [including 4ms in LoadMessage; 1ms in InitializeSparseNdw; 10ms in InferThetaAndUpdateNwtSparse; 8ms in CalculateScore(PerplexityScore); 1ms in CalculateScore(SparsityThetaScore); 6ms in CalculateScore(^^^ItemsProcessedScore^^^); ]
I0616 20:23:55.952545 67256320 master_component.cc:1211] NormalizeModelArgs: pwt_target_name=pwt, nwt_source_name=nwt, rwt_source_name=
I0616 20:23:55.952575 67256320 master_component.cc:812] MasterComponent: start normalizing model nwt
I0616 20:23:55.955516 80412672 processor.cc:659] No data in processing queue, waiting...
I0616 20:23:55.966080 80949248 processor.cc:659] No data in processing queue, waiting...
I0616 20:23:55.976261 82022400 processor.cc:659] No data in processing queue, waiting...
I0616 20:23:55.981101 67256320 master_component.cc:834] MasterComponent: complete normalizing model nwt
I0616 20:23:56.006628 67256320 master_component.cc:1235] DisposeModel rwt
I0616 20:23:56.006650 67256320 master_component.cc:858] FitOffline: ItemsProcessed, num_items=476, num_batches=5, token_weight=160411, token_weight_in_effect=160411
I0616 20:23:56.009356 2649691072 c_interface.cc:523] Pass GetScoreValueArgs, score_name=^^^ItemsProcessedScore^^^ to MasterComponent::Request
I0616 20:23:56.009387 2649691072 c_interface.cc:205] ArtmCopyRequestedMessage is copying 54 bytes...
I0616 20:23:56.009826 67256320 c_interface.cc:359] Pass FitOfflineMasterModelArgs, batch_filename_size=5, batch_weight_size=5, num_collection_passes=1 to MN4artm4core15MasterComponentEFvRKNS_25FitOfflineMasterModelArgsEE
I0616 20:23:56.009871 67256320 master_component.cc:1162] ProcessBatchesArgs: nwt_target_name=nwt, batch_filename_size=5, batch_size=0, batch_weight_size=5, pwt_source_name=pwt, num_document_passes=1, class=(text:1), reuse_theta=yes, opt_for_avx=yes, predict_class_id=
I0616 20:23:56.038094 80949248 processor.cc:666] Processing queue has data, processing started
I0616 20:23:56.042757 80949248 processor.cc:742] Processor: start processing batch d108d500-bc86-4a27-9de2-279a753d4b67 into model nwt
I0616 20:23:56.048475 81485824 processor.cc:666] Processing queue has data, processing started
I0616 20:23:56.053045 81485824 processor.cc:742] Processor: start processing batch d539e9a8-8038-4f71-886e-f734a02e8458 into model nwt
I0616 20:23:56.056115 82022400 processor.cc:666] Processing queue has data, processing started
I0616 20:23:56.062237 82022400 processor.cc:742] Processor: start processing batch 8c1a13d0-bf1e-4fd0-ba46-4bc70dacdb70 into model nwt
I0616 20:23:56.066838 80412672 processor.cc:666] Processing queue has data, processing started
I0616 20:23:56.072811 80412672 processor.cc:742] Processor: start processing batch 8e82d5e3-4c29-4bc0-80c4-555af7817012 into model nwt
I0616 20:23:56.089188 80949248 processor.cc:830] Processor: complete processing batch d108d500-bc86-4a27-9de2-279a753d4b67 into model nwt
I0616 20:23:56.093101 80949248 cuckoo_watch.h:44] 54ms in ProcessBatch(school_batches/aaaaaa.batch) [including 3ms in LoadMessage; 1ms in InitializeSparseNdw; 13ms in InferThetaAndUpdateNwtSparse; 17ms in CalculateScore(PerplexityScore); 2ms in CalculateScore(SparsityThetaScore); 12ms in CalculateScore(^^^ItemsProcessedScore^^^); ]
I0616 20:23:56.097422 81485824 processor.cc:830] Processor: complete processing batch d539e9a8-8038-4f71-886e-f734a02e8458 into model nwt
I0616 20:23:56.100957 81485824 cuckoo_watch.h:44] 52ms in ProcessBatch(school_batches/aaaaab.batch) [including 3ms in LoadMessage; 0ms in InitializeSparseNdw; 11ms in InferThetaAndUpdateNwtSparse; 16ms in CalculateScore(PerplexityScore); 2ms in CalculateScore(SparsityThetaScore); 12ms in CalculateScore(^^^ItemsProcessedScore^^^); ]
I0616 20:23:56.102604 80949248 processor.cc:742] Processor: start processing batch fc7d4b87-4bd0-4617-b0d4-b318d685ec35 into model nwt
I0616 20:23:56.105567 82022400 processor.cc:830] Processor: complete processing batch 8c1a13d0-bf1e-4fd0-ba46-4bc70dacdb70 into model nwt
I0616 20:23:56.107136 82022400 cuckoo_watch.h:44] 50ms in ProcessBatch(school_batches/aaaaac.batch) [including 5ms in LoadMessage; 1ms in InitializeSparseNdw; 15ms in InferThetaAndUpdateNwtSparse; 14ms in CalculateScore(PerplexityScore); 1ms in CalculateScore(SparsityThetaScore); 9ms in CalculateScore(^^^ItemsProcessedScore^^^); ]
I0616 20:23:56.116688 80412672 processor.cc:830] Processor: complete processing batch 8e82d5e3-4c29-4bc0-80c4-555af7817012 into model nwt
I0616 20:23:56.118422 80412672 cuckoo_watch.h:44] 51ms in ProcessBatch(school_batches/aaaaad.batch) [including 4ms in LoadMessage; 5ms in InitializeSparseNdw; 14ms in InferThetaAndUpdateNwtSparse; 15ms in CalculateScore(PerplexityScore); 1ms in CalculateScore(SparsityThetaScore); 6ms in CalculateScore(^^^ItemsProcessedScore^^^); ]
I0616 20:23:56.124846 81485824 processor.cc:659] No data in processing queue, waiting...
I0616 20:23:56.130024 80949248 processor.cc:830] Processor: complete processing batch fc7d4b87-4bd0-4617-b0d4-b318d685ec35 into model nwt
I0616 20:23:56.131023 82022400 processor.cc:659] No data in processing queue, waiting...
I0616 20:23:56.131352 80949248 cuckoo_watch.h:44] 34ms in ProcessBatch(school_batches/aaaaae.batch) [including 5ms in LoadMessage; 1ms in InitializeSparseNdw; 9ms in InferThetaAndUpdateNwtSparse; 8ms in CalculateScore(PerplexityScore); 1ms in CalculateScore(SparsityThetaScore); 6ms in CalculateScore(^^^ItemsProcessedScore^^^); ]
I0616 20:23:56.132416 67256320 master_component.cc:1211] NormalizeModelArgs: pwt_target_name=pwt, nwt_source_name=nwt, rwt_source_name=
I0616 20:23:56.132481 67256320 master_component.cc:812] MasterComponent: start normalizing model nwt
I0616 20:23:56.142594 80412672 processor.cc:659] No data in processing queue, waiting...
I0616 20:23:56.155429 80949248 processor.cc:659] No data in processing queue, waiting...
I0616 20:23:56.161483 67256320 master_component.cc:834] MasterComponent: complete normalizing model nwt
I0616 20:23:56.186906 67256320 master_component.cc:1235] DisposeModel rwt
I0616 20:23:56.186925 67256320 master_component.cc:858] FitOffline: ItemsProcessed, num_items=476, num_batches=5, token_weight=160411, token_weight_in_effect=160411
I0616 20:23:56.234360 2649691072 c_interface.cc:523] Pass GetScoreValueArgs, score_name=^^^ItemsProcessedScore^^^ to MasterComponent::Request
I0616 20:23:56.234393 2649691072 c_interface.cc:205] ArtmCopyRequestedMessage is copying 54 bytes...
I0616 20:23:56.234855 67256320 c_interface.cc:359] Pass FitOfflineMasterModelArgs, batch_filename_size=5, batch_weight_size=5, num_collection_passes=1 to MN4artm4core15MasterComponentEFvRKNS_25FitOfflineMasterModelArgsEE
I0616 20:23:56.234871 67256320 master_component.cc:1162] ProcessBatchesArgs: nwt_target_name=nwt, batch_filename_size=5, batch_size=0, batch_weight_size=5, pwt_source_name=pwt, num_document_passes=1, class=(text:1), reuse_theta=yes, opt_for_avx=yes, predict_class_id=
I0616 20:23:56.264008 82022400 processor.cc:666] Processing queue has data, processing started
I0616 20:23:56.268057 82022400 processor.cc:742] Processor: start processing batch d108d500-bc86-4a27-9de2-279a753d4b67 into model nwt
I0616 20:23:56.273592 80949248 processor.cc:666] Processing queue has data, processing started
I0616 20:23:56.274863 81485824 processor.cc:666] Processing queue has data, processing started
I0616 20:23:56.278724 80949248 processor.cc:742] Processor: start processing batch d539e9a8-8038-4f71-886e-f734a02e8458 into model nwt
I0616 20:23:56.280442 81485824 processor.cc:742] Processor: start processing batch 8c1a13d0-bf1e-4fd0-ba46-4bc70dacdb70 into model nwt
I0616 20:23:56.284617 80412672 processor.cc:666] Processing queue has data, processing started
I0616 20:23:56.290442 80412672 processor.cc:742] Processor: start processing batch 8e82d5e3-4c29-4bc0-80c4-555af7817012 into model nwt
I0616 20:23:56.310680 82022400 processor.cc:830] Processor: complete processing batch d108d500-bc86-4a27-9de2-279a753d4b67 into model nwt
I0616 20:23:56.319123 82022400 cuckoo_watch.h:44] 55ms in ProcessBatch(school_batches/aaaaaa.batch) [including 2ms in LoadMessage; 1ms in InitializeSparseNdw; 12ms in InferThetaAndUpdateNwtSparse; 14ms in CalculateScore(PerplexityScore); 2ms in CalculateScore(SparsityThetaScore); 11ms in CalculateScore(^^^ItemsProcessedScore^^^); ]
I0616 20:23:56.324898 82022400 processor.cc:742] Processor: start processing batch fc7d4b87-4bd0-4617-b0d4-b318d685ec35 into model nwt
I0616 20:23:56.328088 81485824 processor.cc:830] Processor: complete processing batch 8c1a13d0-bf1e-4fd0-ba46-4bc70dacdb70 into model nwt
I0616 20:23:56.330888 81485824 cuckoo_watch.h:44] 55ms in ProcessBatch(school_batches/aaaaac.batch) [including 4ms in LoadMessage; 1ms in InitializeSparseNdw; 20ms in InferThetaAndUpdateNwtSparse; 12ms in CalculateScore(PerplexityScore); 2ms in CalculateScore(SparsityThetaScore); 10ms in CalculateScore(^^^ItemsProcessedScore^^^); ]
I0616 20:23:56.332291 80412672 processor.cc:830] Processor: complete processing batch 8e82d5e3-4c29-4bc0-80c4-555af7817012 into model nwt
I0616 20:23:56.332968 80949248 processor.cc:830] Processor: complete processing batch d539e9a8-8038-4f71-886e-f734a02e8458 into model nwt
I0616 20:23:56.335155 80412672 cuckoo_watch.h:44] 50ms in ProcessBatch(school_batches/aaaaad.batch) [including 4ms in LoadMessage; 1ms in InitializeSparseNdw; 14ms in InferThetaAndUpdateNwtSparse; 12ms in CalculateScore(PerplexityScore); 2ms in CalculateScore(SparsityThetaScore); 10ms in CalculateScore(^^^ItemsProcessedScore^^^); ]
I0616 20:23:56.335235 80949248 cuckoo_watch.h:44] 61ms in ProcessBatch(school_batches/aaaaab.batch) [including 4ms in LoadMessage; 1ms in InitializeSparseNdw; 16ms in InferThetaAndUpdateNwtSparse; 14ms in CalculateScore(PerplexityScore); 8ms in CalculateScore(SparsityThetaScore); 12ms in CalculateScore(^^^ItemsProcessedScore^^^); ]
I0616 20:23:56.353147 82022400 processor.cc:830] Processor: complete processing batch fc7d4b87-4bd0-4617-b0d4-b318d685ec35 into model nwt
I0616 20:23:56.354449 82022400 cuckoo_watch.h:44] 35ms in ProcessBatch(school_batches/aaaaae.batch) [including 4ms in LoadMessage; 1ms in InitializeSparseNdw; 11ms in InferThetaAndUpdateNwtSparse; 7ms in CalculateScore(PerplexityScore); 1ms in CalculateScore(SparsityThetaScore); 6ms in CalculateScore(^^^ItemsProcessedScore^^^); ]
I0616 20:23:56.355537 81485824 processor.cc:659] No data in processing queue, waiting...
I0616 20:23:56.355537 67256320 master_component.cc:1211] NormalizeModelArgs: pwt_target_name=pwt, nwt_source_name=nwt, rwt_source_name=
I0616 20:23:56.355619 67256320 master_component.cc:812] MasterComponent: start normalizing model nwt
I0616 20:23:56.359342 80412672 processor.cc:659] No data in processing queue, waiting...
I0616 20:23:56.359361 80949248 processor.cc:659] No data in processing queue, waiting...
I0616 20:23:56.378651 82022400 processor.cc:659] No data in processing queue, waiting...
I0616 20:23:56.383844 67256320 master_component.cc:834] MasterComponent: complete normalizing model nwt
I0616 20:23:56.407785 67256320 master_component.cc:1235] DisposeModel rwt
I0616 20:23:56.407804 67256320 master_component.cc:858] FitOffline: ItemsProcessed, num_items=476, num_batches=5, token_weight=160411, token_weight_in_effect=160411
I0616 20:23:56.452663 2649691072 c_interface.cc:523] Pass GetScoreValueArgs, score_name=^^^ItemsProcessedScore^^^ to MasterComponent::Request
I0616 20:23:56.452694 2649691072 c_interface.cc:205] ArtmCopyRequestedMessage is copying 54 bytes...
I0616 20:23:56.453161 67256320 c_interface.cc:359] Pass FitOfflineMasterModelArgs, batch_filename_size=5, batch_weight_size=5, num_collection_passes=1 to MN4artm4core15MasterComponentEFvRKNS_25FitOfflineMasterModelArgsEE
I0616 20:23:56.453174 67256320 master_component.cc:1162] ProcessBatchesArgs: nwt_target_name=nwt, batch_filename_size=5, batch_size=0, batch_weight_size=5, pwt_source_name=pwt, num_document_passes=1, class=(text:1), reuse_theta=yes, opt_for_avx=yes, predict_class_id=
I0616 20:23:56.482411 81485824 processor.cc:666] Processing queue has data, processing started
I0616 20:23:56.486819 81485824 processor.cc:742] Processor: start processing batch d108d500-bc86-4a27-9de2-279a753d4b67 into model nwt
I0616 20:23:56.490715 80949248 processor.cc:666] Processing queue has data, processing started
I0616 20:23:56.496392 80949248 processor.cc:742] Processor: start processing batch d539e9a8-8038-4f71-886e-f734a02e8458 into model nwt
I0616 20:23:56.497154 80412672 processor.cc:666] Processing queue has data, processing started
I0616 20:23:56.503165 80412672 processor.cc:742] Processor: start processing batch 8c1a13d0-bf1e-4fd0-ba46-4bc70dacdb70 into model nwt
I0616 20:23:56.507395 82022400 processor.cc:666] Processing queue has data, processing started
I0616 20:23:56.513443 82022400 processor.cc:742] Processor: start processing batch 8e82d5e3-4c29-4bc0-80c4-555af7817012 into model nwt
I0616 20:23:56.541580 81485824 processor.cc:830] Processor: complete processing batch d108d500-bc86-4a27-9de2-279a753d4b67 into model nwt
I0616 20:23:56.546701 81485824 cuckoo_watch.h:44] 64ms in ProcessBatch(school_batches/aaaaaa.batch) [including 3ms in LoadMessage; 1ms in InitializeSparseNdw; 13ms in InferThetaAndUpdateNwtSparse; 15ms in CalculateScore(PerplexityScore); 2ms in CalculateScore(SparsityThetaScore); 21ms in CalculateScore(^^^ItemsProcessedScore^^^); ]
I0616 20:23:56.550787 80412672 processor.cc:830] Processor: complete processing batch 8c1a13d0-bf1e-4fd0-ba46-4bc70dacdb70 into model nwt
I0616 20:23:56.552636 81485824 processor.cc:742] Processor: start processing batch fc7d4b87-4bd0-4617-b0d4-b318d685ec35 into model nwt
I0616 20:23:56.553575 80412672 cuckoo_watch.h:44] 56ms in ProcessBatch(school_batches/aaaaac.batch) [including 4ms in LoadMessage; 1ms in InitializeSparseNdw; 14ms in InferThetaAndUpdateNwtSparse; 15ms in CalculateScore(PerplexityScore); 2ms in CalculateScore(SparsityThetaScore); 13ms in CalculateScore(^^^ItemsProcessedScore^^^); ]
I0616 20:23:56.560660 80949248 processor.cc:830] Processor: complete processing batch d539e9a8-8038-4f71-886e-f734a02e8458 into model nwt
I0616 20:23:56.564218 80949248 cuckoo_watch.h:44] 73ms in ProcessBatch(school_batches/aaaaab.batch) [including 4ms in LoadMessage; 1ms in InitializeSparseNdw; 18ms in InferThetaAndUpdateNwtSparse; 14ms in CalculateScore(PerplexityScore); 2ms in CalculateScore(SparsityThetaScore); 26ms in CalculateScore(^^^ItemsProcessedScore^^^); ]
I0616 20:23:56.566299 82022400 processor.cc:830] Processor: complete processing batch 8e82d5e3-4c29-4bc0-80c4-555af7817012 into model nwt
I0616 20:23:56.568161 82022400 cuckoo_watch.h:44] 60ms in ProcessBatch(school_batches/aaaaad.batch) [including 4ms in LoadMessage; 1ms in InitializeSparseNdw; 17ms in InferThetaAndUpdateNwtSparse; 18ms in CalculateScore(PerplexityScore); 2ms in CalculateScore(SparsityThetaScore); 12ms in CalculateScore(^^^ItemsProcessedScore^^^); ]
I0616 20:23:56.582765 80412672 processor.cc:659] No data in processing queue, waiting...
I0616 20:23:56.584475 81485824 processor.cc:830] Processor: complete processing batch fc7d4b87-4bd0-4617-b0d4-b318d685ec35 into model nwt
I0616 20:23:56.585783 81485824 cuckoo_watch.h:44] 39ms in ProcessBatch(school_batches/aaaaae.batch) [including 4ms in LoadMessage; 1ms in InitializeSparseNdw; 14ms in InferThetaAndUpdateNwtSparse; 8ms in CalculateScore(PerplexityScore); 1ms in CalculateScore(SparsityThetaScore); 6ms in CalculateScore(^^^ItemsProcessedScore^^^); ]
I0616 20:23:56.586572 67256320 master_component.cc:1211] NormalizeModelArgs: pwt_target_name=pwt, nwt_source_name=nwt, rwt_source_name=
I0616 20:23:56.586629 67256320 master_component.cc:812] MasterComponent: start normalizing model nwt
I0616 20:23:56.589108 80949248 processor.cc:659] No data in processing queue, waiting...
I0616 20:23:56.591987 82022400 processor.cc:659] No data in processing queue, waiting...
I0616 20:23:56.609486 81485824 processor.cc:659] No data in processing queue, waiting...
I0616 20:23:56.613689 67256320 master_component.cc:834] MasterComponent: complete normalizing model nwt
I0616 20:23:56.637887 67256320 master_component.cc:1235] DisposeModel rwt
I0616 20:23:56.637907 67256320 master_component.cc:858] FitOffline: ItemsProcessed, num_items=476, num_batches=5, token_weight=160411, token_weight_in_effect=160411
I0616 20:23:56.683956 2649691072 c_interface.cc:523] Pass GetScoreValueArgs, score_name=^^^ItemsProcessedScore^^^ to MasterComponent::Request
I0616 20:23:56.683990 2649691072 c_interface.cc:205] ArtmCopyRequestedMessage is copying 54 bytes...
I0616 20:23:56.684458 67256320 c_interface.cc:359] Pass FitOfflineMasterModelArgs, batch_filename_size=5, batch_weight_size=5, num_collection_passes=1 to MN4artm4core15MasterComponentEFvRKNS_25FitOfflineMasterModelArgsEE
I0616 20:23:56.684475 67256320 master_component.cc:1162] ProcessBatchesArgs: nwt_target_name=nwt, batch_filename_size=5, batch_size=0, batch_weight_size=5, pwt_source_name=pwt, num_document_passes=1, class=(text:1), reuse_theta=yes, opt_for_avx=yes, predict_class_id=
I0616 20:23:56.714772 80412672 processor.cc:666] Processing queue has data, processing started
I0616 20:23:56.718614 80949248 processor.cc:666] Processing queue has data, processing started
I0616 20:23:56.718883 80412672 processor.cc:742] Processor: start processing batch d108d500-bc86-4a27-9de2-279a753d4b67 into model nwt
I0616 20:23:56.724309 80949248 processor.cc:742] Processor: start processing batch d539e9a8-8038-4f71-886e-f734a02e8458 into model nwt
I0616 20:23:56.724901 82022400 processor.cc:666] Processing queue has data, processing started
I0616 20:23:56.730461 82022400 processor.cc:742] Processor: start processing batch 8c1a13d0-bf1e-4fd0-ba46-4bc70dacdb70 into model nwt
I0616 20:23:56.733616 81485824 processor.cc:666] Processing queue has data, processing started
I0616 20:23:56.739380 81485824 processor.cc:742] Processor: start processing batch 8e82d5e3-4c29-4bc0-80c4-555af7817012 into model nwt
I0616 20:23:56.769199 80412672 processor.cc:830] Processor: complete processing batch d108d500-bc86-4a27-9de2-279a753d4b67 into model nwt
I0616 20:23:56.772608 80949248 processor.cc:830] Processor: complete processing batch d539e9a8-8038-4f71-886e-f734a02e8458 into model nwt
I0616 20:23:56.773406 80412672 cuckoo_watch.h:44] 58ms in ProcessBatch(school_batches/aaaaaa.batch) [including 3ms in LoadMessage; 1ms in InitializeSparseNdw; 18ms in InferThetaAndUpdateNwtSparse; 14ms in CalculateScore(PerplexityScore); 2ms in CalculateScore(SparsityThetaScore); 12ms in CalculateScore(^^^ItemsProcessedScore^^^); ]
I0616 20:23:56.775475 82022400 processor.cc:830] Processor: complete processing batch 8c1a13d0-bf1e-4fd0-ba46-4bc70dacdb70 into model nwt
